ARM Linker, 5.03 [Build 76] [MDK-ARM Lite]

==============================================================================

Section Cross References

    main.o(i.EXTILine14_Config) refers to stm32f4xx_rcc.o(i.RCC_AHB1PeriphClockCmd) for RCC_AHB1PeriphClockCmd
    main.o(i.EXTILine14_Config) refers to stm32f4xx_rcc.o(i.RCC_APB2PeriphClockCmd) for RCC_APB2PeriphClockCmd
    main.o(i.EXTILine14_Config) refers to stm32f4xx_gpio.o(i.GPIO_Init) for GPIO_Init
    main.o(i.EXTILine14_Config) refers to stm32f4xx_syscfg.o(i.SYSCFG_EXTILineConfig) for SYSCFG_EXTILineConfig
    main.o(i.EXTILine14_Config) refers to stm32f4xx_exti.o(i.EXTI_Init) for EXTI_Init
    main.o(i.EXTILine14_Config) refers to misc.o(i.NVIC_Init) for NVIC_Init
    main.o(i.EXTILine14_Config) refers to stm32f4xx_exti.o(i.EXTI_ClearITPendingBit) for EXTI_ClearITPendingBit
    main.o(i.EXTILine4_Config) refers to stm32f4xx_rcc.o(i.RCC_AHB1PeriphClockCmd) for RCC_AHB1PeriphClockCmd
    main.o(i.EXTILine4_Config) refers to stm32f4xx_rcc.o(i.RCC_APB2PeriphClockCmd) for RCC_APB2PeriphClockCmd
    main.o(i.EXTILine4_Config) refers to stm32f4xx_gpio.o(i.GPIO_Init) for GPIO_Init
    main.o(i.EXTILine4_Config) refers to stm32f4xx_syscfg.o(i.SYSCFG_EXTILineConfig) for SYSCFG_EXTILineConfig
    main.o(i.EXTILine4_Config) refers to stm32f4xx_exti.o(i.EXTI_Init) for EXTI_Init
    main.o(i.EXTILine4_Config) refers to misc.o(i.NVIC_Init) for NVIC_Init
    main.o(i.EXTILine4_Config) refers to stm32f4xx_exti.o(i.EXTI_ClearITPendingBit) for EXTI_ClearITPendingBit
    main.o(i.GetLSIFrequency) refers to stm32f4xx_rcc.o(i.RCC_LSICmd) for RCC_LSICmd
    main.o(i.GetLSIFrequency) refers to stm32f4xx_rcc.o(i.RCC_GetFlagStatus) for RCC_GetFlagStatus
    main.o(i.GetLSIFrequency) refers to stm32f4xx_rcc.o(i.RCC_APB1PeriphClockCmd) for RCC_APB1PeriphClockCmd
    main.o(i.GetLSIFrequency) refers to stm32f4xx_tim.o(i.TIM_RemapConfig) for TIM_RemapConfig
    main.o(i.GetLSIFrequency) refers to stm32f4xx_tim.o(i.TIM_PrescalerConfig) for TIM_PrescalerConfig
    main.o(i.GetLSIFrequency) refers to stm32f4xx_tim.o(i.TIM_ICInit) for TIM_ICInit
    main.o(i.GetLSIFrequency) refers to misc.o(i.NVIC_Init) for NVIC_Init
    main.o(i.GetLSIFrequency) refers to stm32f4xx_tim.o(i.TIM_Cmd) for TIM_Cmd
    main.o(i.GetLSIFrequency) refers to stm32f4xx_tim.o(i.TIM_ITConfig) for TIM_ITConfig
    main.o(i.GetLSIFrequency) refers to stm32f4xx_tim.o(i.TIM_DeInit) for TIM_DeInit
    main.o(i.GetLSIFrequency) refers to stm32f4xx_rcc.o(i.RCC_GetClocksFreq) for RCC_GetClocksFreq
    main.o(i.GetLSIFrequency) refers to main.o(.data) for CaptureNumber
    main.o(i.PB_Config) refers to stm32f429i_discovery.o(i.STM_EVAL_PBInit) for STM_EVAL_PBInit
    main.o(i.RTC_Config) refers to stm32f4xx_rcc.o(i.RCC_APB1PeriphClockCmd) for RCC_APB1PeriphClockCmd
    main.o(i.RTC_Config) refers to stm32f4xx_pwr.o(i.PWR_BackupAccessCmd) for PWR_BackupAccessCmd
    main.o(i.RTC_Config) refers to stm32f4xx_rcc.o(i.RCC_LSICmd) for RCC_LSICmd
    main.o(i.RTC_Config) refers to stm32f4xx_rcc.o(i.RCC_GetFlagStatus) for RCC_GetFlagStatus
    main.o(i.RTC_Config) refers to stm32f4xx_rcc.o(i.RCC_RTCCLKConfig) for RCC_RTCCLKConfig
    main.o(i.RTC_Config) refers to stm32f4xx_rcc.o(i.RCC_RTCCLKCmd) for RCC_RTCCLKCmd
    main.o(i.RTC_Config) refers to stm32f4xx_rtc.o(i.RTC_WaitForSynchro) for RTC_WaitForSynchro
    main.o(i.RTC_Config) refers to stm32f4xx_rtc.o(i.RTC_Init) for RTC_Init
    main.o(i.RTC_Config) refers to stm32f4xx_rtc.o(i.RTC_SetTime) for RTC_SetTime
    main.o(i.RTC_Config) refers to stm32f4xx_rtc.o(i.RTC_SetDate) for RTC_SetDate
    main.o(i.RTC_Config) refers to stm32f4xx_exti.o(i.EXTI_ClearITPendingBit) for EXTI_ClearITPendingBit
    main.o(i.RTC_Config) refers to stm32f4xx_exti.o(i.EXTI_Init) for EXTI_Init
    main.o(i.RTC_Config) refers to misc.o(i.NVIC_Init) for NVIC_Init
    main.o(i.RTC_Config) refers to stm32f4xx_rtc.o(i.RTC_WakeUpClockConfig) for RTC_WakeUpClockConfig
    main.o(i.RTC_Config) refers to stm32f4xx_rtc.o(i.RTC_SetWakeUpCounter) for RTC_SetWakeUpCounter
    main.o(i.RTC_Config) refers to stm32f4xx_rtc.o(i.RTC_ITConfig) for RTC_ITConfig
    main.o(i.RTC_Config) refers to stm32f4xx_rtc.o(i.RTC_WakeUpCmd) for RTC_WakeUpCmd
    main.o(i.RTC_Config) refers to main.o(.bss) for RTC_InitStructure
    main.o(i.RTC_Config) refers to main.o(.data) for hh
    main.o(i.main) refers to _printf_percent.o(.ARM.Collect$$_printf_percent$$00000000) for _printf_percent
    main.o(i.main) refers to _printf_d.o(.ARM.Collect$$_printf_percent$$00000009) for _printf_d
    main.o(i.main) refers to _printf_dec.o(.text) for _printf_int_dec
    main.o(i.main) refers to main.o(i.PB_Config) for PB_Config
    main.o(i.main) refers to stm32f429i_discovery_lcd.o(i.LCD_Init) for LCD_Init
    main.o(i.main) refers to stm32f429i_discovery_lcd.o(i.LCD_LayerInit) for LCD_LayerInit
    main.o(i.main) refers to stm32f4xx_ltdc.o(i.LTDC_Cmd) for LTDC_Cmd
[...]
    .ARM.Collect$$libinit$$00000011          0x08000230   Section        0  libinit2.o(.ARM.Collect$$libinit$$00000011)
    .ARM.Collect$$libinit$$00000013          0x08000230   Section        0  libinit2.o(.ARM.Collect$$libinit$$00000013)
    .ARM.Collect$$libinit$$00000015          0x08000230   Section        0  libinit2.o(.ARM.Collect$$libinit$$00000015)
    .ARM.Collect$$libinit$$00000017          0x08000230   Section        0  libinit2.o(.ARM.Collect$$libinit$$00000017)
    .ARM.Collect$$libinit$$00000019          0x08000230   Section        0  libinit2.o(.ARM.Collect$$libinit$$00000019)
    .ARM.Collect$$libinit$$0000001B          0x08000230   Section        0  libinit2.o(.ARM.Collect$$libinit$$0000001B)
    .ARM.Collect$$libinit$$0000001D          0x08000230   Section        0  libinit2.o(.ARM.Collect$$libinit$$0000001D)
    .ARM.Collect$$libinit$$0000001F          0x08000230   Section        0  libinit2.o(.ARM.Collect$$libinit$$0000001F)
    .ARM.Collect$$libinit$$00000021          0x08000230   Section        0  libinit2.o(.ARM.Collect$$libinit$$00000021)
    .ARM.Collect$$libinit$$00000023          0x08000230   Section        0  libinit2.o(.ARM.Collect$$libinit$$00000023)
    .ARM.Collect$$libinit$$0000002A          0x08000230   Section        0  libinit2.o(.ARM.Collect$$libinit$$0000002A)
    .ARM.Collect$$libinit$$0000002C          0x08000230   Section        0  libinit2.o(.ARM.Collect$$libinit$$0000002C)
    .ARM.Collect$$libinit$$0000002E          0x08000230   Section        0  libinit2.o(.ARM.Collect$$libinit$$0000002E)
    .ARM.Collect$$libinit$$00000030          0x08000230   Section        0  libinit2.o(.ARM.Collect$$libinit$$00000030)
    .ARM.Collect$$libinit$$00000031          0x08000230   Section        2  libinit2.o(.ARM.Collect$$libinit$$00000031)
    .ARM.Collect$$libshutdown$$00000000      0x08000232   Section        2  libshutdown.o(.ARM.Collect$$libshutdown$$00000000)
    .ARM.Collect$$libshutdown$$00000003      0x08000234   Section        0  libshutdown2.o(.ARM.Collect$$libshutdown$$00000003)
    .ARM.Collect$$libshutdown$$00000006      0x08000234   Section        0  libshutdown2.o(.ARM.Collect$$libshutdown$$00000006)
    .ARM.Collect$$libshutdown$$00000009      0x08000234   Section        0  libshutdown2.o(.ARM.Collect$$libshutdown$$00000009)
    .ARM.Collect$$libshutdown$$0000000B      0x08000234   Section        0  libshutdown2.o(.ARM.Collect$$libshutdown$$0000000B)
    .ARM.Collect$$libshutdown$$0000000E      0x08000234   Section        0  libshutdown2.o(.ARM.Collect$$libshutdown$$0000000E)
    .ARM.Collect$$libshutdown$$0000000F      0x08000234   Section        2  libshutdown2.o(.ARM.Collect$$libshutdown$$0000000F)
    .ARM.Collect$$rtentry$$00000000          0x08000236   Section        0  rtentry.o(.ARM.Collect$$rtentry$$00000000)
    .ARM.Collect$$rtentry$$00000002          0x08000236   Section        0  rtentry2.o(.ARM.Collect$$rtentry$$00000002)
    .ARM.Collect$$rtentry$$00000004          0x08000236   Section        6  rtentry4.o(.ARM.Collect$$rtentry$$00000004)
    .ARM.Collect$$rtentry$$00000009          0x0800023c   Section        0  rtentry2.o(.ARM.Collect$$rtentry$$00000009)
    .ARM.Collect$$rtentry$$0000000A          0x0800023c   Section        4  rtentry2.o(.ARM.Collect$$rtentry$$0000000A)
    .ARM.Collect$$rtentry$$0000000C          0x08000240   Section        0  rtentry2.o(.ARM.Collect$$rtentry$$0000000C)
    .ARM.Collect$$rtentry$$0000000D          0x08000240   Section        8  rtentry2.o(.ARM.Collect$$rtentry$$0000000D)
    .ARM.Collect$$rtexit$$00000000           0x08000248   Section        2  rtexit.o(.ARM.Collect$$rtexit$$00000000)
    .ARM.Collect$$rtexit$$00000002           0x0800024a   Section        0  rtexit2.o(.ARM.Collect$$rtexit$$00000002)
    .ARM.Collect$$rtexit$$00000003           0x0800024a   Section        4  rtexit2.o(.ARM.Collect$$rtexit$$00000003)
    .ARM.Collect$$rtexit$$00000004           0x0800024e   Section        6  rtexit2.o(.ARM.Collect$$rtexit$$00000004)
    .text                                    0x08000254   Section       64  startup_stm32f429_439xx.o(.text)
    $v0                                      0x08000254   Number         0  startup_stm32f429_439xx.o(.text)
    .text                                    0x08000294   Section        0  noretval__2sprintf.o(.text)
    .text                                    0x080002bc   Section        0  _printf_dec.o(.text)
    .text                                    0x08000334   Section        0  __printf_flags_wp.o(.text)
    .text                                    0x08000470   Section        0  heapauxi.o(.text)
    .text                                    0x08000476   Section        0  _printf_intcommon.o(.text)
    .text                                    0x08000530   Section        0  _printf_char_common.o(.text)
    _printf_input_char                       0x08000531   Thumb Code    10  _printf_char_common.o(.text)
    .text                                    0x08000560   Section        0  _sputc.o(.text)
    .text                                    0x0800056a   Section       74  sys_stackheap_outer.o(.text)
    .text                                    0x080005b4   Section        0  exit.o(.text)
    .text                                    0x080005c0   Section        8  libspace.o(.text)
    .text                                    0x080005c8   Section        0  sys_exit.o(.text)
    .text                                    0x080005d4   Section        2  use_no_semi.o(.text)
    .text                                    0x080005d6   Section        0  indicate_semi.o(.text)
    i.BusFault_Handler                       0x080005d6   Section        0  stm32f4xx_it.o(i.BusFault_Handler)
    i.DMA1_Stream2_IRQHandler                0x080005dc   Section        0  stm32f429i_discovery_i2c_ee.o(i.DMA1_Stream2_IRQHandler)
    i.DMA1_Stream4_IRQHandler                0x0800061c   Section        0  stm32f429i_discovery_i2c_ee.o(i.DMA1_Stream4_IRQHandler)
    i.DMA_ClearFlag                          0x08000688   Section        0  stm32f4xx_dma.o(i.DMA_ClearFlag)
    i.DMA_Cmd                                0x080006bc   Section        0  stm32f4xx_dma.o(i.DMA_Cmd)
    i.DMA_DeInit                             0x080006d4   Section        0  stm32f4xx_dma.o(i.DMA_DeInit)
    i.DMA_GetFlagStatus                      0x0800082c   Section        0  stm32f4xx_dma.o(i.DMA_GetFlagStatus)
    i.DMA_ITConfig                           0x0800086c   Section        0  stm32f4xx_dma.o(i.DMA_ITConfig)
    i.DMA_Init                               0x080008a8   Section        0  stm32f4xx_dma.o(i.DMA_Init)
    i.DebugMon_Handler                       0x08000900   Section        0  stm32f4xx_it.o(i.DebugMon_Handler)
    i.EXTI0_IRQHandler                       0x08000904   Section        0  stm32f4xx_it.o(i.EXTI0_IRQHandler)
    i.EXTI2_IRQHandler                       0x080009e0   Section        0  stm32f4xx_it.o(i.EXTI2_IRQHandler)
    i.EXTI3_IRQHandler                       0x08000a84   Section        0  stm32f4xx_it.o(i.EXTI3_IRQHandler)
    i.EXTI4_IRQHandler                       0x08000a88   Section        0  stm32f4xx_it.o(i.EXTI4_IRQHandler)
    i.EXTILine14_Config                      0x08000bbc   Section        0  main.o(i.EXTILine14_Config)
    EXTILine14_Config                        0x08000bbd   Thumb Code   118  main.o(i.EXTILine14_Config)
    i.EXTILine4_Config                       0x08000c38   Section        0  main.o(i.EXTILine4_Config)
    EXTILine4_Config                         0x08000c39   Thumb Code   118  main.o(i.EXTILine4_Config)
    i.EXTI_ClearITPendingBit                 0x08000cb4   Section        0  stm32f4xx_exti.o(i.EXTI_ClearITPendingBit)
    i.EXTI_GetITStatus                       0x08000cc0   Section        0  stm32f4xx_exti.o(i.EXTI_GetITStatus)
    i.EXTI_Init                              0x08000cd8   Section        0  stm32f4xx_exti.o(i.EXTI_Init)
    i.ExtPB_Config                           0x08000d6c   Section        0  main.o(i.ExtPB_Config)
    i.FMC_GetFlagStatus                      0x08000d70   Section        0  stm32f4xx_fmc.o(i.FMC_GetFlagStatus)
    i.FMC_SDRAMCmdConfig                     0x08000dbc   Section        0  stm32f4xx_fmc.o(i.FMC_SDRAMCmdConfig)
    i.FMC_SDRAMInit                          0x08000ddc   Section        0  stm32f4xx_fmc.o(i.FMC_SDRAMInit)
    i.FMC_SetRefreshCount                    0x08000ed8   Section        0  stm32f4xx_fmc.o(i.FMC_SetRefreshCount)
    i.GPIO_Init                              0x08000ef0   Section        0  stm32f4xx_gpio.o(i.GPIO_Init)
    i.GPIO_PinAFConfig                       0x08000f80   Section        0  stm32f4xx_gpio.o(i.GPIO_PinAFConfig)
    i.GPIO_ReadInputDataBit                  0x08000fc6   Section        0  stm32f4xx_gpio.o(i.GPIO_ReadInputDataBit)
    i.GPIO_ResetBits                         0x08000fd8   Section        0  stm32f4xx_gpio.o(i.GPIO_ResetBits)
    i.GPIO_SetBits                           0x08000fdc   Section        0  stm32f4xx_gpio.o(i.GPIO_SetBits)
    i.GPIO_WriteBit                          0x08000fe0   Section        0  stm32f4xx_gpio.o(i.GPIO_WriteBit)
    i.HardFault_Handler                      0x08000fea   Section        0  stm32f4xx_it.o(i.HardFault_Handler)
    i.I2C_AcknowledgeConfig                  0x08000fee   Section        0  stm32f4xx_i2c.o(i.I2C_AcknowledgeConfig)
    i.I2C_CheckEvent                         0x08001006   Section        0  stm32f4xx_i2c.o(i.I2C_CheckEvent)
    i.I2C_ClearFlag                          0x08001030   Section        0  stm32f4xx_i2c.o(i.I2C_ClearFlag)
    i.I2C_Cmd                                0x0800103c   Section        0  stm32f4xx_i2c.o(i.I2C_Cmd)
    i.I2C_DMACmd                             0x08001054   Section        0  stm32f4xx_i2c.o(i.I2C_DMACmd)
    i.I2C_DMALastTransferCmd                 0x0800106c   Section        0  stm32f4xx_i2c.o(i.I2C_DMALastTransferCmd)
    i.I2C_GenerateSTART                      0x08001084   Section        0  stm32f4xx_i2c.o(i.I2C_GenerateSTART)
    i.I2C_GenerateSTOP                       0x0800109c   Section        0  stm32f4xx_i2c.o(i.I2C_GenerateSTOP)
    i.I2C_GetFlagStatus                      0x080010b4   Section        0  stm32f4xx_i2c.o(i.I2C_GetFlagStatus)
    i.I2C_Init                               0x080010f0   Section        0  stm32f4xx_i2c.o(i.I2C_Init)
    i.I2C_ReceiveData                        0x080011d8   Section        0  stm32f4xx_i2c.o(i.I2C_ReceiveData)
    i.I2C_Send7bitAddress                    0x080011e0   Section        0  stm32f4xx_i2c.o(i.I2C_Send7bitAddress)
    i.I2C_SendData                           0x080011f0   Section        0  stm32f4xx_i2c.o(i.I2C_SendData)
    i.LCD_AF_GPIOConfig                      0x080011f4   Section        0  stm32f429i_discovery_lcd.o(i.LCD_AF_GPIOConfig)
    LCD_AF_GPIOConfig                        0x080011f5   Thumb Code   334  stm32f429i_discovery_lcd.o(i.LCD_AF_GPIOConfig)
    i.LCD_ChipSelect                         0x0800135c   Section        0  stm32f429i_discovery_lcd.o(i.LCD_ChipSelect)
    i.LCD_Clear                              0x0800137c   Section        0  stm32f429i_discovery_lcd.o(i.LCD_Clear)
    i.LCD_ClearLine                          0x0800139c   Section        0  stm32f429i_discovery_lcd.o(i.LCD_ClearLine)
    i.LCD_CtrlLinesConfig                    0x080013d8   Section        0  stm32f429i_discovery_lcd.o(i.LCD_CtrlLinesConfig)
    i.LCD_CtrlLinesWrite                     0x08001428   Section        0  stm32f429i_discovery_lcd.o(i.LCD_CtrlLinesWrite)
    i.LCD_DisplayChar                        0x0800143c   Section        0  stm32f429i_discovery_lcd.o(i.LCD_DisplayChar)
    i.LCD_DisplayStringLine                  0x0800146c   Section        0  stm32f429i_discovery_lcd.o(i.LCD_DisplayStringLine)
    i.LCD_DrawChar                           0x080014c0   Section        0  stm32f429i_discovery_lcd.o(i.LCD_DrawChar)
    i.LCD_GetFont                            0x08001598   Section        0  stm32f429i_discovery_lcd.o(i.LCD_GetFont)
    i.LCD_Init                               0x080015a4   Section        0  stm32f429i_discovery_lcd.o(i.LCD_Init)
    i.LCD_LayerInit                          0x08001640   Section        0  stm32f429i_discovery_lcd.o(i.LCD_LayerInit)
    i.LCD_PowerOn                            0x080016e4   Section        0  stm32f429i_discovery_lcd.o(i.LCD_PowerOn)
    i.LCD_SPIConfig                          0x08001970   Section        0  stm32f429i_discovery_lcd.o(i.LCD_SPIConfig)
    i.LCD_SetFont                            0x08001a44   Section        0  stm32f429i_discovery_lcd.o(i.LCD_SetFont)
    i.LCD_SetLayer                           0x08001a50   Section        0  stm32f429i_discovery_lcd.o(i.LCD_SetLayer)
    i.LCD_WriteCommand                       0x08001a7c   Section        0  stm32f429i_discovery_lcd.o(i.LCD_WriteCommand)
    i.LCD_WriteData                          0x08001ac8   Section        0  stm32f429i_discovery_lcd.o(i.LCD_WriteData)
    i.LTDC_Cmd                               0x08001b10   Section        0  stm32f4xx_ltdc.o(i.LTDC_Cmd)
    i.LTDC_DitherCmd                         0x08001b34   Section        0  stm32f4xx_ltdc.o(i.LTDC_DitherCmd)
    i.LTDC_Init                              0x08001b58   Section        0  stm32f4xx_ltdc.o(i.LTDC_Init)
    i.LTDC_LayerCmd                          0x08001ce0   Section        0  stm32f4xx_ltdc.o(i.LTDC_LayerCmd)
    i.LTDC_LayerInit                         0x08001cf6   Section        0  stm32f4xx_ltdc.o(i.LTDC_LayerInit)
    i.LTDC_ReloadConfig                      0x08001e0c   Section        0  stm32f4xx_ltdc.o(i.LTDC_ReloadConfig)
    i.MemManage_Handler                      0x08001e18   Section        0  stm32f4xx_it.o(i.MemManage_Handler)
    i.NMI_Handler                            0x08001e1c   Section        0  stm32f4xx_it.o(i.NMI_Handler)
    i.NVIC_Init                              0x08001e20   Section        0  misc.o(i.NVIC_Init)
    i.PB_Config                              0x08001e98   Section        0  main.o(i.PB_Config)
    i.PWR_BackupAccessCmd                    0x08001ea4   Section        0  stm32f4xx_pwr.o(i.PWR_BackupAccessCmd)
    i.PendSV_Handler                         0x08001eb0   Section        0  stm32f4xx_it.o(i.PendSV_Handler)
    i.RCC_AHB1PeriphClockCmd                 0x08001eb4   Section        0  stm32f4xx_rcc.o(i.RCC_AHB1PeriphClockCmd)
    i.RCC_AHB3PeriphClockCmd                 0x08001ed4   Section        0  stm32f4xx_rcc.o(i.RCC_AHB3PeriphClockCmd)
    i.RCC_APB1PeriphClockCmd                 0x08001ef4   Section        0  stm32f4xx_rcc.o(i.RCC_APB1PeriphClockCmd)
    i.RCC_APB1PeriphResetCmd                 0x08001f14   Section        0  stm32f4xx_rcc.o(i.RCC_APB1PeriphResetCmd)
    i.RCC_APB2PeriphClockCmd                 0x08001f34   Section        0  stm32f4xx_rcc.o(i.RCC_APB2PeriphClockCmd)
    i.RCC_APB2PeriphResetCmd                 0x08001f54   Section        0  stm32f4xx_rcc.o(i.RCC_APB2PeriphResetCmd)
    i.RCC_GetClocksFreq                      0x08001f74   Section        0  stm32f4xx_rcc.o(i.RCC_GetClocksFreq)
    i.RCC_GetFlagStatus                      0x0800205c   Section        0  stm32f4xx_rcc.o(i.RCC_GetFlagStatus)
    i.RCC_LSICmd                             0x0800209c   Section        0  stm32f4xx_rcc.o(i.RCC_LSICmd)
    i.RCC_LTDCCLKDivConfig                   0x080020a8   Section        0  stm32f4xx_rcc.o(i.RCC_LTDCCLKDivConfig)
    i.RCC_PLLSAICmd                          0x080020c0   Section        0  stm32f4xx_rcc.o(i.RCC_PLLSAICmd)
    i.RCC_PLLSAIConfig                       0x080020cc   Section        0  stm32f4xx_rcc.o(i.RCC_PLLSAIConfig)
    i.RCC_RTCCLKCmd                          0x080020e4   Section        0  stm32f4xx_rcc.o(i.RCC_RTCCLKCmd)
    i.RCC_RTCCLKConfig                       0x080020f0   Section        0  stm32f4xx_rcc.o(i.RCC_RTCCLKConfig)
    i.RTC_Alarm_IRQHandler                   0x0800212c   Section        0  stm32f4xx_it.o(i.RTC_Alarm_IRQHandler)
    i.RTC_Bcd2ToByte                         0x0800212e   Section        0  stm32f4xx_rtc.o(i.RTC_Bcd2ToByte)
    RTC_Bcd2ToByte                           0x0800212f   Thumb Code    22  stm32f4xx_rtc.o(i.RTC_Bcd2ToByte)
    i.RTC_ByteToBcd2                         0x08002144   Section        0  stm32f4xx_rtc.o(i.RTC_ByteToBcd2)
    RTC_ByteToBcd2                           0x08002145   Thumb Code    28  stm32f4xx_rtc.o(i.RTC_ByteToBcd2)
    i.RTC_Config                             0x08002160   Section        0  main.o(i.RTC_Config)
    i.RTC_EnterInitMode                      0x08002250   Section        0  stm32f4xx_rtc.o(i.RTC_EnterInitMode)
    i.RTC_ExitInitMode                       0x080022a0   Section        0  stm32f4xx_rtc.o(i.RTC_ExitInitMode)
    i.RTC_GetDate                            0x080022b4   Section        0  stm32f4xx_rtc.o(i.RTC_GetDate)
    i.RTC_GetTime                            0x08002300   Section        0  stm32f4xx_rtc.o(i.RTC_GetTime)
    i.RTC_ITConfig                           0x08002350   Section        0  stm32f4xx_rtc.o(i.RTC_ITConfig)
    i.RTC_Init                               0x080023b4   Section        0  stm32f4xx_rtc.o(i.RTC_Init)
    i.RTC_SetDate                            0x08002418   Section        0  stm32f4xx_rtc.o(i.RTC_SetDate)
    i.RTC_SetTime                            0x080024e0   Section        0  stm32f4xx_rtc.o(i.RTC_SetTime)
    i.RTC_SetWakeUpCounter                   0x080025b0   Section        0  stm32f4xx_rtc.o(i.RTC_SetWakeUpCounter)
    i.RTC_WaitForSynchro                     0x080025cc   Section        0  stm32f4xx_rtc.o(i.RTC_WaitForSynchro)
    i.RTC_WakeUpClockConfig                  0x0800262c   Section        0  stm32f4xx_rtc.o(i.RTC_WakeUpClockConfig)
    i.RTC_WakeUpCmd                          0x0800265c   Section        0  stm32f4xx_rtc.o(i.RTC_WakeUpCmd)
    i.SDRAM_GPIOConfig                       0x080026d4   Section        0  stm32f429i_discovery_sdram.o(i.SDRAM_GPIOConfig)
    i.SDRAM_Init                             0x080028d8   Section        0  stm32f429i_discovery_sdram.o(i.SDRAM_Init)
    i.SDRAM_InitSequence                     0x08002940   Section        0  stm32f429i_discovery_sdram.o(i.SDRAM_InitSequence)
    i.SPI_Cmd                                0x08002a08   Section        0  stm32f4xx_spi.o(i.SPI_Cmd)
    i.SPI_I2S_DeInit                         0x08002a20   Section        0  stm32f4xx_spi.o(i.SPI_I2S_DeInit)
    i.SPI_I2S_GetFlagStatus                  0x08002ad0   Section        0  stm32f4xx_spi.o(i.SPI_I2S_GetFlagStatus)
    i.SPI_I2S_SendData                       0x08002ae2   Section        0  stm32f4xx_spi.o(i.SPI_I2S_SendData)
    i.SPI_Init                               0x08002ae6   Section        0  stm32f4xx_spi.o(i.SPI_Init)
    i.STM_EVAL_PBGetState                    0x08002b24   Section        0  stm32f429i_discovery.o(i.STM_EVAL_PBGetState)
    i.STM_EVAL_PBInit                        0x08002b44   Section        0  stm32f429i_discovery.o(i.STM_EVAL_PBInit)
    i.SVC_Handler                            0x08002bf0   Section        0  stm32f4xx_it.o(i.SVC_Handler)
    i.SYSCFG_EXTILineConfig                  0x08002bf4   Section        0  stm32f4xx_syscfg.o(i.SYSCFG_EXTILineConfig)
    i.SetSysClock                            0x08002c34   Section        0  system_stm32f4xx.o(i.SetSysClock)
    SetSysClock                              0x08002c35   Thumb Code   268  system_stm32f4xx.o(i.SetSysClock)
    i.SysTick_Handler                        0x08002d50   Section        0  stm32f4xx_it.o(i.SysTick_Handler)
    i.SystemInit                             0x08002d54   Section        0  system_stm32f4xx.o(i.SystemInit)
    i.TIM3_IRQHandler                        0x08002dbc   Section        0  stm32f4xx_it.o(i.TIM3_IRQHandler)
    i.UsageFault_Handler                     0x08002dbe   Section        0  stm32f4xx_it.o(i.UsageFault_Handler)
    i._is_digit                              0x08002dc2   Section        0  __printf_wp.o(i._is_digit)
    i.delay                                  0x08002dd0   Section        0  stm32f429i_discovery_lcd.o(i.delay)
    delay                                    0x08002dd1   Thumb Code    28  stm32f429i_discovery_lcd.o(i.delay)
    i.delay                                  0x08002dec   Section        0  stm32f429i_discovery_sdram.o(i.delay)
    delay                                    0x08002ded   Thumb Code    32  stm32f429i_discovery_sdram.o(i.delay)
    i.main                                   0x08002e10   Section        0  main.o(i.main)
    i.memorysetting                          0x080032cc   Section        0  main.o(i.memorysetting)
    i.sEE_Init                               0x08003378   Section        0  stm32f429i_discovery_i2c_ee.o(i.sEE_Init)
    i.sEE_LowLevel_DMAConfig                 0x080033dc   Section        0  stm32f429i_discovery.o(i.sEE_LowLevel_DMAConfig)
    i.sEE_LowLevel_Init                      0x0800341c   Section        0  stm32f429i_discovery.o(i.sEE_LowLevel_Init)
    i.sEE_ReadBuffer                         0x08003578   Section        0  stm32f429i_discovery_i2c_ee.o(i.sEE_ReadBuffer)
    i.sEE_TIMEOUT_UserCallback               0x080037b0   Section        0  stm32f429i_discovery_i2c_ee.o(i.sEE_TIMEOUT_UserCallback)
    i.sEE_WaitEepromStandbyState             0x080037b4   Section        0  stm32f429i_discovery_i2c_ee.o(i.sEE_WaitEepromStandbyState)
    i.sEE_WriteBuffer                        0x0800389c   Section        0  stm32f429i_discovery_i2c_ee.o(i.sEE_WriteBuffer)
    i.sEE_WritePage                          0x08003b58   Section        0  stm32f429i_discovery_i2c_ee.o(i.sEE_WritePage)
    i.store                                  0x08003c88   Section        0  main.o(i.store)
    x$fpl$fpinit                             0x08003c9c   Section       10  fpinit.o(x$fpl$fpinit)
    $v0                                      0x08003c9c   Number         0  fpinit.o(x$fpl$fpinit)
    .constdata                               0x08003ca8   Section       25  stm32f429i_discovery.o(.constdata)
    .constdata                               0x08003cc2   Section    10704  stm32f429i_discovery_lcd.o(.constdata)
    .constdata                               0x08006692   Section       17  __printf_flags_wp.o(.constdata)
    maptable                                 0x08006692   Data          17  __printf_flags_wp.o(.constdata)
    .data                                    0x20000000   Section       68  main.o(.data)
    .data                                    0x20000044   Section        8  stm32f4xx_it.o(.data)
    .data                                    0x2000004c   Section       16  stm32f4xx_rcc.o(.data)
    APBAHBPrescTable                         0x2000004c   Data          16  stm32f4xx_rcc.o(.data)
    .data                                    0x2000005c   Section       16  stm32f429i_discovery.o(.data)
    .data                                    0x2000006c   Section       48  stm32f429i_discovery_lcd.o(.data)
    CurrentTextColor                         0x2000008c   Data           2  stm32f429i_discovery_lcd.o(.data)
    CurrentBackColor                         0x2000008e   Data           2  stm32f429i_discovery_lcd.o(.data)
    CurrentFrameBuffer                       0x20000090   Data           4  stm32f429i_discovery_lcd.o(.data)
    CurrentLayer                             0x20000094   Data           4  stm32f429i_discovery_lcd.o(.data)
    LCD_Currentfonts                         0x20000098   Data           4  stm32f429i_discovery_lcd.o(.data)
    .data                                    0x2000009c   Section       17  stm32f429i_discovery_i2c_ee.o(.data)
    .bss                                     0x200000b0   Section       32  main.o(.bss)
    .bss                                     0x200000d0   Section       10  stm32f4xx_it.o(.bss)
    .bss                                     0x200000dc   Section       60  stm32f429i_discovery.o(.bss)
    .bss                                     0x20000118   Section       96  libspace.o(.bss)
    HEAP                                     0x20000178   Section      512  startup_stm32f429_439xx.o(HEAP)
    Heap_Mem                                 0x20000178   Data         512  startup_stm32f429_439xx.o(HEAP)
    STACK                                    0x20000378   Section     1024  startup_stm32f429_439xx.o(STACK)
    Stack_Mem                                0x20000378   Data        1024  startup_stm32f429_439xx.o(STACK)
    __initial_sp                             0x20000778   Data           0  startup_stm32f429_439xx.o(STACK)

    Global Symbols

    Symbol Name                              Value     Ov Type        Size  Object(Section)

    BuildAttributes$$THM_ISAv4$E$P$D$K$B$S$7EM$VFPi3$EXTD16$VFPS$VFMA$PE$A:L22UL41UL21$X:L11$S22US41US21$IEEE1$IW$USESV6$~STKCKD$USESV7$~SHL$OSPACE$ROPI$EBA8$UX$STANDARDLIB$REQ8$PRES8$EABIv2 0x00000000   Number         0  anon$$obj.o ABSOLUTE
    __ARM_use_no_argv                        0x00000000   Number         0  main.o ABSOLUTE
    _printf_flags                            0x00000000   Number         0  printf_stubs.o ABSOLUTE
    _printf_return_value                     0x00000000   Number         0  printf_stubs.o ABSOLUTE
    _printf_sizespec                         0x00000000   Number         0  printf_stubs.o ABSOLUTE
    _printf_widthprec                        0x00000000   Number         0  printf_stubs.o ABSOLUTE
    __ARM_exceptions_init                     - Undefined Weak Reference
    __alloca_initialize                       - Undefined Weak Reference
    __cpp_initialize__aeabi_                  - Undefined Weak Reference
    __cxa_finalize                            - Undefined Weak Reference
    __rt_locale                               - Undefined Weak Reference
    __sigvec_lookup                           - Undefined Weak Reference
    _atexit_init                              - Undefined Weak Reference
    _call_atexit_fns                          - Undefined Weak Reference
    _clock_init                               - Undefined Weak Reference
    _fp_trap_init                             - Undefined Weak Reference
    _fp_trap_shutdown                         - Undefined Weak Reference
    _get_lc_collate                           - Undefined Weak Reference
    _get_lc_ctype                             - Undefined Weak Reference
    _get_lc_monetary                          - Undefined Weak Reference
    _get_lc_numeric                           - Undefined Weak Reference
    _get_lc_time                              - Undefined Weak Reference
    _getenv_init                              - Undefined Weak Reference
    _handle_redirection                       - Undefined Weak Reference
    _init_alloc                               - Undefined Weak Reference
    _init_user_alloc                          - Undefined Weak Reference
    _initio                                   - Undefined Weak Reference
    _printf_post_padding                      - Undefined Weak Reference
    _printf_pre_padding                       - Undefined Weak Reference
    _printf_truncate_signed                   - Undefined Weak Reference
    _printf_truncate_unsigned                 - Undefined Weak Reference
    _rand_init                                - Undefined Weak Reference
    _signal_finish                            - Undefined Weak Reference
    _signal_init                              - Undefined Weak Reference
    _terminate_alloc                          - Undefined Weak Reference
    _terminate_user_alloc                     - Undefined Weak Reference
    _terminateio                              - Undefined Weak Reference
    __Vectors_Size                           0x000001ac   Number         0  startup_stm32f429_439xx.o ABSOLUTE
    __Vectors                                0x08000000   Data           4  startup_stm32f429_439xx.o(RESET)
    __Vectors_End                            0x080001ac   Data           0  startup_stm32f429_439xx.o(RESET)
    __main                                   0x080001ad   Thumb Code     8  __main.o(!!!main)
    __scatterload                            0x080001b5   Thumb Code     0  __scatter.o(!!!scatter)
    __scatterload_rt2                        0x080001b5   Thumb Code    44  __scatter.o(!!!scatter)
    __scatterload_rt2_thumb_only             0x080001b5   Thumb Code     0  __scatter.o(!!!scatter)
    __scatterload_null                       0x080001c3   Thumb Code     0  __scatter.o(!!!scatter)
    __scatterload_copy                       0x080001e9   Thumb Code    26  __scatter_copy.o(!!handler_copy)
    __scatterload_zeroinit                   0x08000205   Thumb Code    28  __scatter_zi.o(!!handler_zi)
    _printf_d                                0x08000221   Thumb Code     0  _printf_d.o(.ARM.Collect$$_printf_percent$$00000009)
    _printf_percent                          0x08000221   Thumb Code     0  _printf_percent.o(.ARM.Collect$$_printf_percent$$00000000)
    _printf_percent_end                      0x08000227   Thumb Code     0  _printf_percent_end.o(.ARM.Collect$$_printf_percent$$00000017)
    __rt_lib_init                            0x0800022b   Thumb Code     0  libinit.o(.ARM.Collect$$libinit$$00000000)
    __rt_lib_init_fp_1                       0x0800022d   Thumb Code     0  libinit2.o(.ARM.Collect$$libinit$$00000001)
    __rt_lib_init_alloca_1                   0x08000231   Thumb Code     0  libinit2.o(.ARM.Collect$$libinit$$0000002C)
    __rt_lib_init_argv_1                     0x08000231   Thumb Code     0  libinit2.o(.ARM.Collect$$libinit$$0000002A)
    __rt_lib_init_atexit_1                   0x08000231   Thumb Code     0  libinit2.o(.ARM.Collect$$libinit$$00000019)
    __rt_lib_init_clock_1                    0x08000231   Thumb Code     0  libinit2.o(.ARM.Collect$$libinit$$0000001F)
    __rt_lib_init_cpp_1                      0x08000231   Thumb Code     0  libinit2.o(.ARM.Collect$$libinit$$00000030)
    __rt_lib_init_exceptions_1               0x08000231   Thumb Code     0  libinit2.o(.ARM.Collect$$libinit$$0000002E)
    __rt_lib_init_fp_trap_1                  0x08000231   Thumb Code     0  libinit2.o(.ARM.Collect$$libinit$$0000001D)
    __rt_lib_init_getenv_1                   0x08000231   Thumb Code     0  libinit2.o(.ARM.Collect$$libinit$$00000021)
    __rt_lib_init_heap_1                     0x08000231   Thumb Code     0  libinit2.o(.ARM.Collect$$libinit$$00000008)
    __rt_lib_init_lc_collate_1               0x08000231   Thumb Code     0  libinit2.o(.ARM.Collect$$libinit$$0000000F)
    __rt_lib_init_lc_ctype_1                 0x08000231   Thumb Code     0  libinit2.o(.ARM.Collect$$libinit$$00000011)
    __rt_lib_init_lc_monetary_1              0x08000231   Thumb Code     0  libinit2.o(.ARM.Collect$$libinit$$00000013)
    __rt_lib_init_lc_numeric_1               0x08000231   Thumb Code     0  libinit2.o(.ARM.Collect$$libinit$$00000015)
    __rt_lib_init_lc_time_1                  0x08000231   Thumb Code     0  libinit2.o(.ARM.Collect$$libinit$$00000017)
    __rt_lib_init_rand_1                     0x08000231   Thumb Code     0  libinit2.o(.ARM.Collect$$libinit$$0000000C)
    __rt_lib_init_return                     0x08000231   Thumb Code     0  libinit2.o(.ARM.Collect$$libinit$$00000031)
    __rt_lib_init_signal_1                   0x08000231   Thumb Code     0  libinit2.o(.ARM.Collect$$libinit$$0000001B)
    __rt_lib_init_stdio_1                    0x08000231   Thumb Code     0  libinit2.o(.ARM.Collect$$libinit$$00000023)
    __rt_lib_init_user_alloc_1               0x08000231   Thumb Code     0  libinit2.o(.ARM.Collect$$libinit$$0000000A)
    __rt_lib_shutdown                        0x08000233   Thumb Code     0  libshutdown.o(.ARM.Collect$$libshutdown$$00000000)
    __rt_lib_shutdown_fp_trap_1              0x08000235   Thumb Code     0  libshutdown2.o(.ARM.Collect$$libshutdown$$00000006)
    __rt_lib_shutdown_heap_1                 0x08000235   Thumb Code     0  libshutdown2.o(.ARM.Collect$$libshutdown$$0000000E)
    __rt_lib_shutdown_return                 0x08000235   Thumb Code     0  libshutdown2.o(.ARM.Collect$$libshutdown$$0000000F)
    __rt_lib_shutdown_signal_1               0x08000235   Thumb Code     0  libshutdown2.o(.ARM.Collect$$libshutdown$$00000009)
    __rt_lib_shutdown_stdio_1                0x08000235   Thumb Code     0  libshutdown2.o(.ARM.Collect$$libshutdown$$00000003)
    __rt_lib_shutdown_user_alloc_1           0x08000235   Thumb Code     0  libshutdown2.o(.ARM.Collect$$libshutdown$$0000000B)
    __rt_entry                               0x08000237   Thumb Code     0  rtentry.o(.ARM.Collect$$rtentry$$00000000)
    __rt_entry_presh_1                       0x08000237   Thumb Code     0  rtentry2.o(.ARM.Collect$$rtentry$$00000002)
    __rt_entry_sh                            0x08000237   Thumb Code     0  rtentry4.o(.ARM.Collect$$rtentry$$00000004)
    __rt_entry_li                            0x0800023d   Thumb Code     0  rtentry2.o(.ARM.Collect$$rtentry$$0000000A)
    __rt_entry_postsh_1                      0x0800023d   Thumb Code     0  rtentry2.o(.ARM.Collect$$rtentry$$00000009)
    __rt_entry_main                          0x08000241   Thumb Code     0  rtentry2.o(.ARM.Collect$$rtentry$$0000000D)
    __rt_entry_postli_1                      0x08000241   Thumb Code     0  rtentry2.o(.ARM.Collect$$rtentry$$0000000C)
    __rt_exit                                0x08000249   Thumb Code     0  rtexit.o(.ARM.Collect$$rtexit$$00000000)
    __rt_exit_ls                             0x0800024b   Thumb Code     0  rtexit2.o(.ARM.Collect$$rtexit$$00000003)
    __rt_exit_prels_1                        0x0800024b   Thumb Code     0  rtexit2.o(.ARM.Collect$$rtexit$$00000002)
    __rt_exit_exit                           0x0800024f   Thumb Code     0  rtexit2.o(.ARM.Collect$$rtexit$$00000004)
    Reset_Handler                            0x08000255   Thumb Code     8  startup_stm32f429_439xx.o(.text)
    ADC_IRQHandler                           0x0800026f   Thumb Code     0  startup_stm32f429_439xx.o(.text)
    CAN1_RX0_IRQHandler                      0x0800026f   Thumb Code     0  startup_stm32f429_439xx.o(.text)
    CAN1_RX1_IRQHandler                      0x0800026f   Thumb Code     0  startup_stm32f429_439xx.o(.text)
    CAN1_SCE_IRQHandler                      0x0800026f   Thumb Code     0  startup_stm32f429_439xx.o(.text)
    CAN1_TX_IRQHandler                       0x0800026f   Thumb Code     0  startup_stm32f429_439xx.o(.text)
    CAN2_RX0_IRQHandler                      0x0800026f   Thumb Code     0  startup_stm32f429_439xx.o(.text)
    CAN2_RX1_IRQHandler                      0x0800026f   Thumb Code     0  startup_stm32f429_439xx.o(.text)
    CAN2_SCE_IRQHandler                      0x0800026f   Thumb Code     0  startup_stm32f429_439xx.o(.text)
    CAN2_TX_IRQHandler                       0x0800026f   Thumb Code     0  startup_stm32f429_439xx.o(.text)
    CRYP_IRQHandler                          0x0800026f   Thumb Code     0  startup_stm32f429_439xx.o(.text)
    DCMI_IRQHandler                          0x0800026f   Thumb Code     0  startup_stm32f429_439xx.o(.text)
    DMA1_Stream0_IRQHandler                  0x0800026f   Thumb Code     0  startup_stm32f429_439xx.o(.text)
    DMA1_Stream1_IRQHandler                  0x0800026f   Thumb Code     0  startup_stm32f429_439xx.o(.text)
    DMA1_Stream3_IRQHandler                  0x0800026f   Thumb Code     0  startup_stm32f429_439xx.o(.text)
    DMA1_Stream5_IRQHandler                  0x0800026f   Thumb Code     0  startup_stm32f429_439xx.o(.text)
    DMA1_Stream6_IRQHandler                  0x0800026f   Thumb Code     0  startup_stm32f429_439xx.o(.text)
    DMA1_Stream7_IRQHandler                  0x0800026f   Thumb Code     0  startup_stm32f429_439xx.o(.text)
    DMA2D_IRQHandler                         0x0800026f   Thumb Code     0  startup_stm32f429_439xx.o(.text)
    DMA2_Stream0_IRQHandler                  0x0800026f   Thumb Code     0  startup_stm32f429_439xx.o(.text)
    DMA2_Stream1_IRQHandler                  0x0800026f   Thumb Code     0  startup_stm32f429_439xx.o(.text)
    DMA2_Stream2_IRQHandler                  0x0800026f   Thumb Code     0  startup_stm32f429_439xx.o(.text)
    DMA2_Stream3_IRQHandler                  0x0800026f   Thumb Code     0  startup_stm32f429_439xx.o(.text)
    DMA2_Stream4_IRQHandler                  0x0800026f   Thumb Code     0  startup_stm32f429_439xx.o(.text)
    DMA2_Stream5_IRQHandler                  0x0800026f   Thumb Code     0  startup_stm32f429_439xx.o(.text)
    DMA2_Stream6_IRQHandler                  0x0800026f   Thumb Code     0  startup_stm32f429_439xx.o(.text)
    DMA2_Stream7_IRQHandler                  0x0800026f   Thumb Code     0  startup_stm32f429_439xx.o(.text)
    ETH_IRQHandler                           0x0800026f   Thumb Code     0  startup_stm32f429_439xx.o(.text)
    ETH_WKUP_IRQHandler                      0x0800026f   Thumb Code     0  startup_stm32f429_439xx.o(.text)
    EXTI15_10_IRQHandler                     0x0800026f   Thumb Code     0  startup_stm32f429_439xx.o(.text)
    EXTI1_IRQHandler                         0x0800026f   Thumb Code     0  startup_stm32f429_439xx.o(.text)
    EXTI9_5_IRQHandler                       0x0800026f   Thumb Code     0  startup_stm32f429_439xx.o(.text)
    FLASH_IRQHandler                         0x0800026f   Thumb Code     0  startup_stm32f429_439xx.o(.text)
    FMC_IRQHandler                           0x0800026f   Thumb Code     0  startup_stm32f429_439xx.o(.text)
    FPU_IRQHandler                           0x0800026f   Thumb Code     0  startup_stm32f429_439xx.o(.text)
    HASH_RNG_IRQHandler                      0x0800026f   Thumb Code     0  startup_stm32f429_439xx.o(.text)
    I2C1_ER_IRQHandler                       0x0800026f   Thumb Code     0  startup_stm32f429_439xx.o(.text)
    I2C1_EV_IRQHandler                       0x0800026f   Thumb Code     0  startup_stm32f429_439xx.o(.text)
    I2C2_ER_IRQHandler                       0x0800026f   Thumb Code     0  startup_stm32f429_439xx.o(.text)
    I2C2_EV_IRQHandler                       0x0800026f   Thumb Code     0  startup_stm32f429_439xx.o(.text)
    I2C3_ER_IRQHandler                       0x0800026f   Thumb Code     0  startup_stm32f429_439xx.o(.text)
    I2C3_EV_IRQHandler                       0x0800026f   Thumb Code     0  startup_stm32f429_439xx.o(.text)
    LTDC_ER_IRQHandler                       0x0800026f   Thumb Code     0  startup_stm32f429_439xx.o(.text)
    LTDC_IRQHandler                          0x0800026f   Thumb Code     0  startup_stm32f429_439xx.o(.text)
    OTG_FS_IRQHandler                        0x0800026f   Thumb Code     0  startup_stm32f429_439xx.o(.text)
    OTG_FS_WKUP_IRQHandler                   0x0800026f   Thumb Code     0  startup_stm32f429_439xx.o(.text)
    OTG_HS_EP1_IN_IRQHandler                 0x0800026f   Thumb Code     0  startup_stm32f429_439xx.o(.text)
    OTG_HS_EP1_OUT_IRQHandler                0x0800026f   Thumb Code     0  startup_stm32f429_439xx.o(.text)
    OTG_HS_IRQHandler                        0x0800026f   Thumb Code     0  startup_stm32f429_439xx.o(.text)
    OTG_HS_WKUP_IRQHandler                   0x0800026f   Thumb Code     0  startup_stm32f429_439xx.o(.text)
    PVD_IRQHandler                           0x0800026f   Thumb Code     0  startup_stm32f429_439xx.o(.text)
    RCC_IRQHandler                           0x0800026f   Thumb Code     0  startup_stm32f429_439xx.o(.text)
    RTC_WKUP_IRQHandler                      0x0800026f   Thumb Code     0  startup_stm32f429_439xx.o(.text)
    SAI1_IRQHandler                          0x0800026f   Thumb Code     0  startup_stm32f429_439xx.o(.text)
    SDIO_IRQHandler                          0x0800026f   Thumb Code     0  startup_stm32f429_439xx.o(.text)
    SPI1_IRQHandler                          0x0800026f   Thumb Code     0  startup_stm32f429_439xx.o(.text)
    SPI2_IRQHandler                          0x0800026f   Thumb Code     0  startup_stm32f429_439xx.o(.text)
    SPI3_IRQHandler                          0x0800026f   Thumb Code     0  startup_stm32f429_439xx.o(.text)
    SPI4_IRQHandler                          0x0800026f   Thumb Code     0  startup_stm32f429_439xx.o(.text)
    SPI5_IRQHandler                          0x0800026f   Thumb Code     0  startup_stm32f429_439xx.o(.text)
    SPI6_IRQHandler                          0x0800026f   Thumb Code     0  startup_stm32f429_439xx.o(.text)
    TAMP_STAMP_IRQHandler                    0x0800026f   Thumb Code     0  startup_stm32f429_439xx.o(.text)
    TIM1_BRK_TIM9_IRQHandler                 0x0800026f   Thumb Code     0  startup_stm32f429_439xx.o(.text)
    TIM1_CC_IRQHandler                       0x0800026f   Thumb Code     0  startup_stm32f429_439xx.o(.text)
    TIM1_TRG_COM_TIM11_IRQHandler            0x0800026f   Thumb Code     0  startup_stm32f429_439xx.o(.text)
    TIM1_UP_TIM10_IRQHandler                 0x0800026f   Thumb Code     0  startup_stm32f429_439xx.o(.text)
    TIM2_IRQHandler                          0x0800026f   Thumb Code     0  startup_stm32f429_439xx.o(.text)
    TIM4_IRQHandler                          0x0800026f   Thumb Code     0  startup_stm32f429_439xx.o(.text)
    TIM5_IRQHandler                          0x0800026f   Thumb Code     0  startup_stm32f429_439xx.o(.text)
    TIM6_DAC_IRQHandler                      0x0800026f   Thumb Code     0  startup_stm32f429_439xx.o(.text)
    TIM7_IRQHandler                          0x0800026f   Thumb Code     0  startup_stm32f429_439xx.o(.text)
    TIM8_BRK_TIM12_IRQHandler                0x0800026f   Thumb Code     0  startup_stm32f429_439xx.o(.text)
    TIM8_CC_IRQHandler                       0x0800026f   Thumb Code     0  startup_stm32f429_439xx.o(.text)
    TIM8_TRG_COM_TIM14_IRQHandler            0x0800026f   Thumb Code     0  startup_stm32f429_439xx.o(.text)
    TIM8_UP_TIM13_IRQHandler                 0x0800026f   Thumb Code     0  startup_stm32f429_439xx.o(.text)
    UART4_IRQHandler                         0x0800026f   Thumb Code     0  startup_stm32f429_439xx.o(.text)
    UART5_IRQHandler                         0x0800026f   Thumb Code     0  startup_stm32f429_439xx.o(.text)
    UART7_IRQHandler                         0x0800026f   Thumb Code     0  startup_stm32f429_439xx.o(.text)
    UART8_IRQHandler                         0x0800026f   Thumb Code     0  startup_stm32f429_439xx.o(.text)
    USART1_IRQHandler                        0x0800026f   Thumb Code     0  startup_stm32f429_439xx.o(.text)
    USART2_IRQHandler                        0x0800026f   Thumb Code     0  startup_stm32f429_439xx.o(.text)
    USART3_IRQHandler                        0x0800026f   Thumb Code     0  startup_stm32f429_439xx.o(.text)
    USART6_IRQHandler                        0x0800026f   Thumb Code     0  startup_stm32f429_439xx.o(.text)
    WWDG_IRQHandler                          0x0800026f   Thumb Code     0  startup_stm32f429_439xx.o(.text)
    __user_initial_stackheap                 0x08000271   Thumb Code     0  startup_stm32f429_439xx.o(.text)
    __2sprintf                               0x08000295   Thumb Code    34  noretval__2sprintf.o(.text)
    _printf_int_dec                          0x080002bd   Thumb Code   102  _printf_dec.o(.text)
    __printf                                 0x08000335   Thumb Code   310  __printf_flags_wp.o(.text)
    __use_two_region_memory                  0x08000471   Thumb Code     2  heapauxi.o(.text)
    __rt_heap_escrow$2region                 0x08000473   Thumb Code     2  heapauxi.o(.text)
    __rt_heap_expand$2region                 0x08000475   Thumb Code     2  heapauxi.o(.text)
    _printf_int_common                       0x08000477   Thumb Code   184  _printf_intcommon.o(.text)
    _printf_char_common                      0x0800053b   Thumb Code    32  _printf_char_common.o(.text)
    _sputc                                   0x08000561   Thumb Code    10  _sputc.o(.text)
    __user_setup_stackheap                   0x0800056b   Thumb Code    74  sys_stackheap_outer.o(.text)
    exit                                     0x080005b5   Thumb Code    12  exit.o(.text)
    __user_libspace                          0x080005c1   Thumb Code     8  libspace.o(.text)
    __user_perproc_libspace                  0x080005c1   Thumb Code     0  libspace.o(.text)
    __user_perthread_libspace                0x080005c1   Thumb Code     0  libspace.o(.text)
    _sys_exit                                0x080005c9   Thumb Code     8  sys_exit.o(.text)
    __I$use$semihosting                      0x080005d5   Thumb Code     0  use_no_semi.o(.text)
    __use_no_semihosting_swi                 0x080005d5   Thumb Code     2  use_no_semi.o(.text)
    BusFault_Handler                         0x080005d7   Thumb Code     4  stm32f4xx_it.o(i.BusFault_Handler)
    __semihosting_library_function           0x080005d7   Thumb Code     0  indicate_semi.o(.text)
    DMA1_Stream2_IRQHandler                  0x080005dd   Thumb Code    50  stm32f429i_discovery_i2c_ee.o(i.DMA1_Stream2_IRQHandler)
    DMA1_Stream4_IRQHandler                  0x0800061d   Thumb Code    84  stm32f429i_discovery_i2c_ee.o(i.DMA1_Stream4_IRQHandler)
    DMA_ClearFlag                            0x08000689   Thumb Code    38  stm32f4xx_dma.o(i.DMA_ClearFlag)
    DMA_Cmd                                  0x080006bd   Thumb Code    22  stm32f4xx_dma.o(i.DMA_Cmd)
    DMA_DeInit                               0x080006d5   Thumb Code   324  stm32f4xx_dma.o(i.DMA_DeInit)
    DMA_GetFlagStatus                        0x0800082d   Thumb Code    52  stm32f4xx_dma.o(i.DMA_GetFlagStatus)
    DMA_ITConfig                             0x0800086d   Thumb Code    58  stm32f4xx_dma.o(i.DMA_ITConfig)
    DMA_Init                                 0x080008a9   Thumb Code    82  stm32f4xx_dma.o(i.DMA_Init)
    DebugMon_Handler                         0x08000901   Thumb Code     2  stm32f4xx_it.o(i.DebugMon_Handler)
    EXTI0_IRQHandler                         0x08000905   Thumb Code   162  stm32f4xx_it.o(i.EXTI0_IRQHandler)
    EXTI2_IRQHandler                         0x080009e1   Thumb Code   120  stm32f4xx_it.o(i.EXTI2_IRQHandler)
    EXTI3_IRQHandler                         0x08000a85   Thumb Code     2  stm32f4xx_it.o(i.EXTI3_IRQHandler)
    EXTI4_IRQHandler                         0x08000a89   Thumb Code   258  stm32f4xx_it.o(i.EXTI4_IRQHandler)
    EXTI_ClearITPendingBit                   0x08000cb5   Thumb Code     6  stm32f4xx_exti.o(i.EXTI_ClearITPendingBit)
    EXTI_GetITStatus                         0x08000cc1   Thumb Code    20  stm32f4xx_exti.o(i.EXTI_GetITStatus)
    EXTI_Init                                0x08000cd9   Thumb Code   142  stm32f4xx_exti.o(i.EXTI_Init)
    ExtPB_Config                             0x08000d6d   Thumb Code     2  main.o(i.ExtPB_Config)
    FMC_GetFlagStatus                        0x08000d71   Thumb Code    64  stm32f4xx_fmc.o(i.FMC_GetFlagStatus)
    FMC_SDRAMCmdConfig                       0x08000dbd   Thumb Code    28  stm32f4xx_fmc.o(i.FMC_SDRAMCmdConfig)
    FMC_SDRAMInit                            0x08000ddd   Thumb Code   244  stm32f4xx_fmc.o(i.FMC_SDRAMInit)
    FMC_SetRefreshCount                      0x08000ed9   Thumb Code    18  stm32f4xx_fmc.o(i.FMC_SetRefreshCount)
    GPIO_Init                                0x08000ef1   Thumb Code   144  stm32f4xx_gpio.o(i.GPIO_Init)
    GPIO_PinAFConfig                         0x08000f81   Thumb Code    70  stm32f4xx_gpio.o(i.GPIO_PinAFConfig)
    GPIO_ReadInputDataBit                    0x08000fc7   Thumb Code    18  stm32f4xx_gpio.o(i.GPIO_ReadInputDataBit)
    GPIO_ResetBits                           0x08000fd9   Thumb Code     4  stm32f4xx_gpio.o(i.GPIO_ResetBits)
    GPIO_SetBits                             0x08000fdd   Thumb Code     4  stm32f4xx_gpio.o(i.GPIO_SetBits)
    GPIO_WriteBit                            0x08000fe1   Thumb Code    10  stm32f4xx_gpio.o(i.GPIO_WriteBit)
    HardFault_Handler                        0x08000feb   Thumb Code     4  stm32f4xx_it.o(i.HardFault_Handler)
    I2C_AcknowledgeConfig                    0x08000fef   Thumb Code    24  stm32f4xx_i2c.o(i.I2C_AcknowledgeConfig)
    I2C_CheckEvent                           0x08001007   Thumb Code    42  stm32f4xx_i2c.o(i.I2C_CheckEvent)
    I2C_ClearFlag                            0x08001031   Thumb Code    12  stm32f4xx_i2c.o(i.I2C_ClearFlag)
    I2C_Cmd                                  0x0800103d   Thumb Code    24  stm32f4xx_i2c.o(i.I2C_Cmd)
    I2C_DMACmd                               0x08001055   Thumb Code    24  stm32f4xx_i2c.o(i.I2C_DMACmd)
    I2C_DMALastTransferCmd                   0x0800106d   Thumb Code    24  stm32f4xx_i2c.o(i.I2C_DMALastTransferCmd)
    I2C_GenerateSTART                        0x08001085   Thumb Code    24  stm32f4xx_i2c.o(i.I2C_GenerateSTART)
    I2C_GenerateSTOP                         0x0800109d   Thumb Code    24  stm32f4xx_i2c.o(i.I2C_GenerateSTOP)
    I2C_GetFlagStatus                        0x080010b5   Thumb Code    58  stm32f4xx_i2c.o(i.I2C_GetFlagStatus)
    I2C_Init                                 0x080010f1   Thumb Code   218  stm32f4xx_i2c.o(i.I2C_Init)
    I2C_ReceiveData                          0x080011d9   Thumb Code     8  stm32f4xx_i2c.o(i.I2C_ReceiveData)
    I2C_Send7bitAddress                      0x080011e1   Thumb Code    16  stm32f4xx_i2c.o(i.I2C_Send7bitAddress)
    I2C_SendData                             0x080011f1   Thumb Code     4  stm32f4xx_i2c.o(i.I2C_SendData)
    LCD_ChipSelect                           0x0800135d   Thumb Code    26  stm32f429i_discovery_lcd.o(i.LCD_ChipSelect)
    LCD_Clear                                0x0800137d   Thumb Code    26  stm32f429i_discovery_lcd.o(i.LCD_Clear)
    LCD_ClearLine                            0x0800139d   Thumb Code    54  stm32f429i_discovery_lcd.o(i.LCD_ClearLine)
    LCD_CtrlLinesConfig                      0x080013d9   Thumb Code    70  stm32f429i_discovery_lcd.o(i.LCD_CtrlLinesConfig)
    LCD_CtrlLinesWrite                       0x08001429   Thumb Code    20  stm32f429i_discovery_lcd.o(i.LCD_CtrlLinesWrite)
    LCD_DisplayChar                          0x0800143d   Thumb Code    42  stm32f429i_discovery_lcd.o(i.LCD_DisplayChar)
    LCD_DisplayStringLine                    0x0800146d   Thumb Code    78  stm32f429i_discovery_lcd.o(i.LCD_DisplayStringLine)
    LCD_DrawChar                             0x080014c1   Thumb Code   200  stm32f429i_discovery_lcd.o(i.LCD_DrawChar)
    LCD_GetFont                              0x08001599   Thumb Code     6  stm32f429i_discovery_lcd.o(i.LCD_GetFont)
    LCD_Init                                 0x080015a5   Thumb Code   154  stm32f429i_discovery_lcd.o(i.LCD_Init)
    LCD_LayerInit                            0x08001641   Thumb Code   152  stm32f429i_discovery_lcd.o(i.LCD_LayerInit)
    LCD_PowerOn                              0x080016e5   Thumb Code   652  stm32f429i_discovery_lcd.o(i.LCD_PowerOn)
    LCD_SPIConfig                            0x08001971   Thumb Code   204  stm32f429i_discovery_lcd.o(i.LCD_SPIConfig)
    LCD_SetFont                              0x08001a45   Thumb Code     6  stm32f429i_discovery_lcd.o(i.LCD_SetFont)
    LCD_SetLayer                             0x08001a51   Thumb Code    32  stm32f429i_discovery_lcd.o(i.LCD_SetLayer)
    LCD_WriteCommand                         0x08001a7d   Thumb Code    66  stm32f429i_discovery_lcd.o(i.LCD_WriteCommand)
    LCD_WriteData                            0x08001ac9   Thumb Code    64  stm32f429i_discovery_lcd.o(i.LCD_WriteData)
    LTDC_Cmd                                 0x08001b11   Thumb Code    30  stm32f4xx_ltdc.o(i.LTDC_Cmd)
    LTDC_DitherCmd                           0x08001b35   Thumb Code    30  stm32f4xx_ltdc.o(i.LTDC_DitherCmd)
    LTDC_Init                                0x08001b59   Thumb Code   378  stm32f4xx_ltdc.o(i.LTDC_Init)
    LTDC_LayerCmd                            0x08001ce1   Thumb Code    22  stm32f4xx_ltdc.o(i.LTDC_LayerCmd)
    LTDC_LayerInit                           0x08001cf7   Thumb Code   276  stm32f4xx_ltdc.o(i.LTDC_LayerInit)
    LTDC_ReloadConfig                        0x08001e0d   Thumb Code     6  stm32f4xx_ltdc.o(i.LTDC_ReloadConfig)
    MemManage_Handler                        0x08001e19   Thumb Code     4  stm32f4xx_it.o(i.MemManage_Handler)
    NMI_Handler                              0x08001e1d   Thumb Code     2  stm32f4xx_it.o(i.NMI_Handler)
    NVIC_Init                                0x08001e21   Thumb Code   108  misc.o(i.NVIC_Init)
    PB_Config                                0x08001e99   Thumb Code    12  main.o(i.PB_Config)
    PWR_BackupAccessCmd                      0x08001ea5   Thumb Code     6  stm32f4xx_pwr.o(i.PWR_BackupAccessCmd)
    PendSV_Handler                           0x08001eb1   Thumb Code     2  stm32f4xx_it.o(i.PendSV_Handler)
    RCC_AHB1PeriphClockCmd                   0x08001eb5   Thumb Code    26  stm32f4xx_rcc.o(i.RCC_AHB1PeriphClockCmd)
    RCC_AHB3PeriphClockCmd                   0x08001ed5   Thumb Code    26  stm32f4xx_rcc.o(i.RCC_AHB3PeriphClockCmd)
    RCC_APB1PeriphClockCmd                   0x08001ef5   Thumb Code    26  stm32f4xx_rcc.o(i.RCC_APB1PeriphClockCmd)
    RCC_APB1PeriphResetCmd                   0x08001f15   Thumb Code    26  stm32f4xx_rcc.o(i.RCC_APB1PeriphResetCmd)
    RCC_APB2PeriphClockCmd                   0x08001f35   Thumb Code    26  stm32f4xx_rcc.o(i.RCC_APB2PeriphClockCmd)
    RCC_APB2PeriphResetCmd                   0x08001f55   Thumb Code    26  stm32f4xx_rcc.o(i.RCC_APB2PeriphResetCmd)
    RCC_GetClocksFreq                        0x08001f75   Thumb Code   214  stm32f4xx_rcc.o(i.RCC_GetClocksFreq)
    RCC_GetFlagStatus                        0x0800205d   Thumb Code    60  stm32f4xx_rcc.o(i.RCC_GetFlagStatus)
    RCC_LSICmd                               0x0800209d   Thumb Code     6  stm32f4xx_rcc.o(i.RCC_LSICmd)
    RCC_LTDCCLKDivConfig                     0x080020a9   Thumb Code    18  stm32f4xx_rcc.o(i.RCC_LTDCCLKDivConfig)
    RCC_PLLSAICmd                            0x080020c1   Thumb Code     6  stm32f4xx_rcc.o(i.RCC_PLLSAICmd)
    RCC_PLLSAIConfig                         0x080020cd   Thumb Code    18  stm32f4xx_rcc.o(i.RCC_PLLSAIConfig)
    RCC_RTCCLKCmd                            0x080020e5   Thumb Code     6  stm32f4xx_rcc.o(i.RCC_RTCCLKCmd)
    RCC_RTCCLKConfig                         0x080020f1   Thumb Code    50  stm32f4xx_rcc.o(i.RCC_RTCCLKConfig)
    RTC_Alarm_IRQHandler                     0x0800212d   Thumb Code     2  stm32f4xx_it.o(i.RTC_Alarm_IRQHandler)
    RTC_Config                               0x08002161   Thumb Code   216  main.o(i.RTC_Config)
    RTC_EnterInitMode                        0x08002251   Thumb Code    76  stm32f4xx_rtc.o(i.RTC_EnterInitMode)
    RTC_ExitInitMode                         0x080022a1   Thumb Code    14  stm32f4xx_rtc.o(i.RTC_ExitInitMode)
    RTC_GetDate                              0x080022b5   Thumb Code    68  stm32f4xx_rtc.o(i.RTC_GetDate)
    RTC_GetTime                              0x08002301   Thumb Code    72  stm32f4xx_rtc.o(i.RTC_GetTime)
    RTC_ITConfig                             0x08002351   Thumb Code    94  stm32f4xx_rtc.o(i.RTC_ITConfig)
    RTC_Init                                 0x080023b5   Thumb Code    94  stm32f4xx_rtc.o(i.RTC_Init)
    RTC_SetDate                              0x08002419   Thumb Code   190  stm32f4xx_rtc.o(i.RTC_SetDate)
    RTC_SetTime                              0x080024e1   Thumb Code   198  stm32f4xx_rtc.o(i.RTC_SetTime)
    RTC_SetWakeUpCounter                     0x080025b1   Thumb Code    22  stm32f4xx_rtc.o(i.RTC_SetWakeUpCounter)
    RTC_WaitForSynchro                       0x080025cd   Thumb Code    92  stm32f4xx_rtc.o(i.RTC_WaitForSynchro)
    RTC_WakeUpClockConfig                    0x0800262d   Thumb Code    42  stm32f4xx_rtc.o(i.RTC_WakeUpClockConfig)
    RTC_WakeUpCmd                            0x0800265d   Thumb Code   116  stm32f4xx_rtc.o(i.RTC_WakeUpCmd)
    SDRAM_GPIOConfig                         0x080026d5   Thumb Code   492  stm32f429i_discovery_sdram.o(i.SDRAM_GPIOConfig)
    SDRAM_Init                               0x080028d9   Thumb Code   104  stm32f429i_discovery_sdram.o(i.SDRAM_Init)
    SDRAM_InitSequence                       0x08002941   Thumb Code   200  stm32f429i_discovery_sdram.o(i.SDRAM_InitSequence)
    SPI_Cmd                                  0x08002a09   Thumb Code    24  stm32f4xx_spi.o(i.SPI_Cmd)
    SPI_I2S_DeInit                           0x08002a21   Thumb Code   152  stm32f4xx_spi.o(i.SPI_I2S_DeInit)
    SPI_I2S_GetFlagStatus                    0x08002ad1   Thumb Code    18  stm32f4xx_spi.o(i.SPI_I2S_GetFlagStatus)
    SPI_I2S_SendData                         0x08002ae3   Thumb Code     4  stm32f4xx_spi.o(i.SPI_I2S_SendData)
    SPI_Init                                 0x08002ae7   Thumb Code    60  stm32f4xx_spi.o(i.SPI_Init)
    STM_EVAL_PBGetState                      0x08002b25   Thumb Code    22  stm32f429i_discovery.o(i.STM_EVAL_PBGetState)
    STM_EVAL_PBInit                          0x08002b45   Thumb Code   142  stm32f429i_discovery.o(i.STM_EVAL_PBInit)
    SVC_Handler                              0x08002bf1   Thumb Code     2  stm32f4xx_it.o(i.SVC_Handler)
    SYSCFG_EXTILineConfig                    0x08002bf5   Thumb Code    60  stm32f4xx_syscfg.o(i.SYSCFG_EXTILineConfig)
    SysTick_Handler                          0x08002d51   Thumb Code     2  stm32f4xx_it.o(i.SysTick_Handler)
    SystemInit                               0x08002d55   Thumb Code    88  system_stm32f4xx.o(i.SystemInit)
    TIM3_IRQHandler                          0x08002dbd   Thumb Code     2  stm32f4xx_it.o(i.TIM3_IRQHandler)
    UsageFault_Handler                       0x08002dbf   Thumb Code     4  stm32f4xx_it.o(i.UsageFault_Handler)
    _is_digit                                0x08002dc3   Thumb Code    14  __printf_wp.o(i._is_digit)
    main                                     0x08002e11   Thumb Code   994  main.o(i.main)
    memorysetting                            0x080032cd   Thumb Code   168  main.o(i.memorysetting)
    sEE_Init                                 0x08003379   Thumb Code    86  stm32f429i_discovery_i2c_ee.o(i.sEE_Init)
    sEE_LowLevel_DMAConfig                   0x080033dd   Thumb Code    56  stm32f429i_discovery.o(i.sEE_LowLevel_DMAConfig)
    sEE_LowLevel_Init                        0x0800341d   Thumb Code   316  stm32f429i_discovery.o(i.sEE_LowLevel_Init)
    sEE_ReadBuffer                           0x08003579   Thumb Code   536  stm32f429i_discovery_i2c_ee.o(i.sEE_ReadBuffer)
    sEE_TIMEOUT_UserCallback                 0x080037b1   Thumb Code     4  stm32f429i_discovery_i2c_ee.o(i.sEE_TIMEOUT_UserCallback)
    sEE_WaitEepromStandbyState               0x080037b5   Thumb Code   210  stm32f429i_discovery_i2c_ee.o(i.sEE_WaitEepromStandbyState)
    sEE_WriteBuffer                          0x0800389d   Thumb Code   692  stm32f429i_discovery_i2c_ee.o(i.sEE_WriteBuffer)
    sEE_WritePage                            0x08003b59   Thumb Code   276  stm32f429i_discovery_i2c_ee.o(i.sEE_WritePage)
    store                                    0x08003c89   Thumb Code    20  main.o(i.store)
    _fp_init                                 0x08003c9d   Thumb Code    10  fpinit.o(x$fpl$fpinit)
    __fplib_config_fpu_vfp                   0x08003ca5   Thumb Code     0  fpinit.o(x$fpl$fpinit)
    __fplib_config_pureend_doubles           0x08003ca5   Thumb Code     0  fpinit.o(x$fpl$fpinit)
    GPIO_PIN                                 0x08003ca8   Data           4  stm32f429i_discovery.o(.constdata)
    GPIO_CLK                                 0x08003cac   Data           8  stm32f429i_discovery.o(.constdata)
    BUTTON_PIN                               0x08003cb4   Data           2  stm32f429i_discovery.o(.constdata)
    BUTTON_CLK                               0x08003cb8   Data           4  stm32f429i_discovery.o(.constdata)
    BUTTON_EXTI_LINE                         0x08003cbc   Data           2  stm32f429i_discovery.o(.constdata)
    BUTTON_PORT_SOURCE                       0x08003cbe   Data           1  stm32f429i_discovery.o(.constdata)
    BUTTON_PIN_SOURCE                        0x08003cbf   Data           1  stm32f429i_discovery.o(.constdata)
    BUTTON_IRQn                              0x08003cc0   Data           1  stm32f429i_discovery.o(.constdata)
    ASCII16x24_Table                         0x08003cc2   Data        4560  stm32f429i_discovery_lcd.o(.constdata)
    ASCII12x12_Table                         0x08004e92   Data        2304  stm32f429i_discovery_lcd.o(.constdata)
    ASCII8x12_Table                          0x08005792   Data        2304  stm32f429i_discovery_lcd.o(.constdata)
    ASCII8x8_Table                           0x08006092   Data        1536  stm32f429i_discovery_lcd.o(.constdata)
    Region$$Table$$Base                      0x080066a4   Number         0  anon$$obj.o(Region$$Table)
    Region$$Table$$Limit                     0x080066c4   Number         0  anon$$obj.o(Region$$Table)
    memLocation                              0x20000000   Data           2  main.o(.data)
    NumDataRead                              0x20000002   Data           2  main.o(.data)
    UBPressed                                0x20000004   Data           1  main.o(.data)
    EBPressed                                0x20000005   Data           1  main.o(.data)
    CBPressed                                0x20000006   Data           1  main.o(.data)
    LsiFreq                                  0x20000008   Data           4  main.o(.data)
    CaptureNumber                            0x2000000c   Data           4  main.o(.data)
    PeriodValue                              0x20000010   Data           4  main.o(.data)
    hh                                       0x20000014   Data           4  main.o(.data)
    mm                                       0x20000018   Data           4  main.o(.data)
    ss                                       0x2000001c   Data           4  main.o(.data)
    YY                                       0x20000020   Data           4  main.o(.data)
    MM                                       0x20000024   Data           4  main.o(.data)
    DD                                       0x20000028   Data           4  main.o(.data)
    Tx1_Buffer                               0x2000002c   Data           1  main.o(.data)
    Rx1_Buffer                               0x2000002d   Data           1  main.o(.data)
    line                                     0x2000002e   Data           2  main.o(.data)
    RTC_TimeStructure                        0x20000030   Data           4  main.o(.data)
    RTC_DateStructure                        0x20000034   Data           4  main.o(.data)
    h1                                       0x20000038   Data           1  main.o(.data)
    H1                                       0x20000039   Data           1  main.o(.data)
    h2                                       0x2000003a   Data           1  main.o(.data)
    H2                                       0x2000003b   Data           1  main.o(.data)
    m1                                       0x2000003c   Data           1  main.o(.data)
    M1                                       0x2000003d   Data           1  main.o(.data)
    m2                                       0x2000003e   Data           1  main.o(.data)
    M2                                       0x2000003f   Data           1  main.o(.data)
    s1                                       0x20000040   Data           1  main.o(.data)
    S1                                       0x20000041   Data           1  main.o(.data)
    s2                                       0x20000042   Data           1  main.o(.data)
    S2                                       0x20000043   Data           1  main.o(.data)
    state                                    0x20000044   Data           4  stm32f4xx_it.o(.data)
    count                                    0x20000048   Data           4  stm32f4xx_it.o(.data)
    GPIO_PORT                                0x2000005c   Data           8  stm32f429i_discovery.o(.data)
    BUTTON_PORT                              0x20000064   Data           4  stm32f429i_discovery.o(.data)
    NVIC_InitStructure                       0x20000068   Data           4  stm32f429i_discovery.o(.data)
    Font16x24                                0x2000006c   Data           8  stm32f429i_discovery_lcd.o(.data)
    Font12x12                                0x20000074   Data           8  stm32f429i_discovery_lcd.o(.data)
    Font8x12                                 0x2000007c   Data           8  stm32f429i_discovery_lcd.o(.data)
    Font8x8                                  0x20000084   Data           8  stm32f429i_discovery_lcd.o(.data)
    sEEAddress                               0x2000009c   Data           2  stm32f429i_discovery_i2c_ee.o(.data)
    sEETimeout                               0x200000a0   Data           4  stm32f429i_discovery_i2c_ee.o(.data)
    sEEDataReadPointer                       0x200000a4   Data           4  stm32f429i_discovery_i2c_ee.o(.data)
    sEEDataWritePointer                      0x200000a8   Data           4  stm32f429i_discovery_i2c_ee.o(.data)
    sEEDataNum                               0x200000ac   Data           1  stm32f429i_discovery_i2c_ee.o(.data)
    RTC_InitStructure                        0x200000b0   Data          12  main.o(.bss)
    Time                                     0x200000bc   Data          10  main.o(.bss)
    ReadTime                                 0x200000c6   Data          10  main.o(.bss)
    date                                     0x200000d0   Data          10  stm32f4xx_it.o(.bss)
    sEEDMA_InitStructure                     0x200000dc   Data          60  stm32f429i_discovery.o(.bss)
    __libspace_start                         0x20000118   Data          96  libspace.o(.bss)
    __temporary_stack_top$libspace           0x20000178   Data           0  libspace.o(.bss)



==============================================================================

Memory Map of the image

  Image Entry point : 0x08000255

  Load Region LR_1 (Base: 0x08000000, Size: 0x00006774, Max: 0xffffffff, ABSOLUTE)

    Execution Region ER_RO (Base: 0x08000000, Size: 0x000066c4, Max: 0xffffffff, ABSOLUTE)

    Base Addr    Size         Type   Attr      Idx    E Section Name        Object

    0x08000000   0x000001ac   Data   RO          363    RESET               startup_stm32f429_439xx.o
    0x080001ac   0x00000008   Code   RO         3791  * !!!main             c_w.l(__main.o)
    0x080001b4   0x00000034   Code   RO         3954    !!!scatter          c_w.l(__scatter.o)
    0x080001e8   0x0000001a   Code   RO         3956    !!handler_copy      c_w.l(__scatter_copy.o)
    0x08000202   0x00000002   PAD
    0x08000204   0x0000001c   Code   RO         3958    !!handler_zi        c_w.l(__scatter_zi.o)
    0x08000220   0x00000000   Code   RO         3788    .ARM.Collect$$_printf_percent$$00000000  c_w.l(_printf_percent.o)
    0x08000220   0x00000006   Code   RO         3787    .ARM.Collect$$_printf_percent$$00000009  c_w.l(_printf_d.o)
    0x08000226   0x00000004   Code   RO         3800    .ARM.Collect$$_printf_percent$$00000017  c_w.l(_printf_percent_end.o)
    0x0800022a   0x00000002   Code   RO         3827    .ARM.Collect$$libinit$$00000000  c_w.l(libinit.o)
    0x0800022c   0x00000004   Code   RO         3833    .ARM.Collect$$libinit$$00000001  c_w.l(libinit2.o)
    0x08000230   0x00000000   Code   RO         3837    .ARM.Collect$$libinit$$00000008  c_w.l(libinit2.o)
    0x08000230   0x00000000   Code   RO         3839    .ARM.Collect$$libinit$$0000000A  c_w.l(libinit2.o)
    0x08000230   0x00000000   Code   RO         3841    .ARM.Collect$$libinit$$0000000C  c_w.l(libinit2.o)
    0x08000230   0x00000000   Code   RO         3844    .ARM.Collect$$libinit$$0000000F  c_w.l(libinit2.o)
    0x08000230   0x00000000   Code   RO         3846    .ARM.Collect$$libinit$$00000011  c_w.l(libinit2.o)
    0x08000230   0x00000000   Code   RO         3848    .ARM.Collect$$libinit$$00000013  c_w.l(libinit2.o)
    0x08000230   0x00000000   Code   RO         3850    .ARM.Collect$$libinit$$00000015  c_w.l(libinit2.o)
    0x08000230   0x00000000   Code   RO         3852    .ARM.Collect$$libinit$$00000017  c_w.l(libinit2.o)
    0x08000230   0x00000000   Code   RO         3854    .ARM.Collect$$libinit$$00000019  c_w.l(libinit2.o)
    0x08000230   0x00000000   Code   RO         3856    .ARM.Collect$$libinit$$0000001B  c_w.l(libinit2.o)
    0x08000230   0x00000000   Code   RO         3858    .ARM.Collect$$libinit$$0000001D  c_w.l(libinit2.o)
    0x08000230   0x00000000   Code   RO         3860    .ARM.Collect$$libinit$$0000001F  c_w.l(libinit2.o)
    0x08000230   0x00000000   Code   RO         3862    .ARM.Collect$$libinit$$00000021  c_w.l(libinit2.o)
    0x08000230   0x00000000   Code   RO         3864    .ARM.Collect$$libinit$$00000023  c_w.l(libinit2.o)
    0x08000230   0x00000000   Code   RO         3868    .ARM.Collect$$libinit$$0000002A  c_w.l(libinit2.o)
    0x08000230   0x00000000   Code   RO         3870    .ARM.Collect$$libinit$$0000002C  c_w.l(libinit2.o)
    0x08000230   0x00000000   Code   RO         3872    .ARM.Collect$$libinit$$0000002E  c_w.l(libinit2.o)
    0x08000230   0x00000000   Code   RO         3874    .ARM.Collect$$libinit$$00000030  c_w.l(libinit2.o)
    0x08000230   0x00000002   Code   RO         3875    .ARM.Collect$$libinit$$00000031  c_w.l(libinit2.o)
    0x08000232   0x00000002   Code   RO         3895    .ARM.Collect$$libshutdown$$00000000  c_w.l(libshutdown.o)
    0x08000234   0x00000000   Code   RO         3909    .ARM.Collect$$libshutdown$$00000003  c_w.l(libshutdown2.o)
    0x08000234   0x00000000   Code   RO         3912    .ARM.Collect$$libshutdown$$00000006  c_w.l(libshutdown2.o)
    0x08000234   0x00000000   Code   RO         3915    .ARM.Collect$$libshutdown$$00000009  c_w.l(libshutdown2.o)
    0x08000234   0x00000000   Code   RO         3917    .ARM.Collect$$libshutdown$$0000000B  c_w.l(libshutdown2.o)
    0x08000234   0x00000000   Code   RO         3920    .ARM.Collect$$libshutdown$$0000000E  c_w.l(libshutdown2.o)
    0x08000234   0x00000002   Code   RO         3921    .ARM.Collect$$libshutdown$$0000000F  c_w.l(libshutdown2.o)
    0x08000236   0x00000000   Code   RO         3793    .ARM.Collect$$rtentry$$00000000  c_w.l(rtentry.o)
    0x08000236   0x00000000   Code   RO         3802    .ARM.Collect$$rtentry$$00000002  c_w.l(rtentry2.o)
    0x08000236   0x00000006   Code   RO         3814    .ARM.Collect$$rtentry$$00000004  c_w.l(rtentry4.o)
    0x0800023c   0x00000000   Code   RO         3804    .ARM.Collect$$rtentry$$00000009  c_w.l(rtentry2.o)
    0x0800023c   0x00000004   Code   RO         3805    .ARM.Collect$$rtentry$$0000000A  c_w.l(rtentry2.o)
    0x08000240   0x00000000   Code   RO         3807    .ARM.Collect$$rtentry$$0000000C  c_w.l(rtentry2.o)
    0x08000240   0x00000008   Code   RO         3808    .ARM.Collect$$rtentry$$0000000D  c_w.l(rtentry2.o)
    0x08000248   0x00000002   Code   RO         3831    .ARM.Collect$$rtexit$$00000000  c_w.l(rtexit.o)
    0x0800024a   0x00000000   Code   RO         3877    .ARM.Collect$$rtexit$$00000002  c_w.l(rtexit2.o)
    0x0800024a   0x00000004   Code   RO         3878    .ARM.Collect$$rtexit$$00000003  c_w.l(rtexit2.o)
    0x0800024e   0x00000006   Code   RO         3879    .ARM.Collect$$rtexit$$00000004  c_w.l(rtexit2.o)
    0x08000254   0x00000040   Code   RO          364  * .text               startup_stm32f429_439xx.o
    0x08000294   0x00000028   Code   RO         3761    .text               c_w.l(noretval__2sprintf.o)
    0x080002bc   0x00000078   Code   RO         3765    .text               c_w.l(_printf_dec.o)
    0x08000334   0x0000013c   Code   RO         3779    .text               c_w.l(__printf_flags_wp.o)
    0x08000470   0x00000006   Code   RO         3789    .text               c_w.l(heapauxi.o)
    0x08000476   0x000000b8   Code   RO         3794    .text               c_w.l(_printf_intcommon.o)
    0x0800052e   0x00000002   PAD
    0x08000530   0x00000030   Code   RO         3796    .text               c_w.l(_printf_char_common.o)
    0x08000560   0x0000000a   Code   RO         3798    .text               c_w.l(_sputc.o)
    0x0800056a   0x0000004a   Code   RO         3818    .text               c_w.l(sys_stackheap_outer.o)
    0x080005b4   0x0000000c   Code   RO         3820    .text               c_w.l(exit.o)
    0x080005c0   0x00000008   Code   RO         3828    .text               c_w.l(libspace.o)
    0x080005c8   0x0000000c   Code   RO         3887    .text               c_w.l(sys_exit.o)
    0x080005d4   0x00000002   Code   RO         3898    .text               c_w.l(use_no_semi.o)
    0x080005d6   0x00000000   Code   RO         3900    .text               c_w.l(indicate_semi.o)
    0x080005d6   0x00000004   Code   RO          213    i.BusFault_Handler  stm32f4xx_it.o
    0x080005da   0x00000002   PAD
    0x080005dc   0x00000040   Code   RO         3688    i.DMA1_Stream2_IRQHandler  stm32f429i_discovery_i2c_ee.o
    0x0800061c   0x0000006c   Code   RO         3689    i.DMA1_Stream4_IRQHandler  stm32f429i_discovery_i2c_ee.o
    0x08000688   0x00000034   Code   RO          656    i.DMA_ClearFlag     stm32f4xx_dma.o
    0x080006bc   0x00000016   Code   RO          658    i.DMA_Cmd           stm32f4xx_dma.o
    0x080006d2   0x00000002   PAD
    0x080006d4   0x00000158   Code   RO          659    i.DMA_DeInit        stm32f4xx_dma.o
    0x0800082c   0x00000040   Code   RO          667    i.DMA_GetFlagStatus  stm32f4xx_dma.o
    0x0800086c   0x0000003a   Code   RO          669    i.DMA_ITConfig      stm32f4xx_dma.o
    0x080008a6   0x00000002   PAD
    0x080008a8   0x00000058   Code   RO          670    i.DMA_Init          stm32f4xx_dma.o
    0x08000900   0x00000002   Code   RO          214    i.DebugMon_Handler  stm32f4xx_it.o
    0x08000902   0x00000002   PAD
    0x08000904   0x000000dc   Code   RO          215    i.EXTI0_IRQHandler  stm32f4xx_it.o
    0x080009e0   0x000000a4   Code   RO          216    i.EXTI2_IRQHandler  stm32f4xx_it.o
    0x08000a84   0x00000002   Code   RO          217    i.EXTI3_IRQHandler  stm32f4xx_it.o
    0x08000a86   0x00000002   PAD
    0x08000a88   0x00000134   Code   RO          218    i.EXTI4_IRQHandler  stm32f4xx_it.o
    0x08000bbc   0x0000007c   Code   RO            3    i.EXTILine14_Config  main.o
    0x08000c38   0x0000007c   Code   RO            4    i.EXTILine4_Config  main.o
    0x08000cb4   0x0000000c   Code   RO          913    i.EXTI_ClearITPendingBit  stm32f4xx_exti.o
    0x08000cc0   0x00000018   Code   RO          917    i.EXTI_GetITStatus  stm32f4xx_exti.o
    0x08000cd8   0x00000094   Code   RO          918    i.EXTI_Init         stm32f4xx_exti.o
    0x08000d6c   0x00000002   Code   RO            5    i.ExtPB_Config      main.o
    0x08000d6e   0x00000002   PAD
    0x08000d70   0x0000004c   Code   RO          977    i.FMC_GetFlagStatus  stm32f4xx_fmc.o
    0x08000dbc   0x00000020   Code   RO          994    i.FMC_SDRAMCmdConfig  stm32f4xx_fmc.o
    0x08000ddc   0x000000fc   Code   RO          996    i.FMC_SDRAMInit     stm32f4xx_fmc.o
    0x08000ed8   0x00000018   Code   RO         1000    i.FMC_SetRefreshCount  stm32f4xx_fmc.o
    0x08000ef0   0x00000090   Code   RO         1151    i.GPIO_Init         stm32f4xx_gpio.o
    0x08000f80   0x00000046   Code   RO         1152    i.GPIO_PinAFConfig  stm32f4xx_gpio.o
    0x08000fc6   0x00000012   Code   RO         1155    i.GPIO_ReadInputDataBit  stm32f4xx_gpio.o
    0x08000fd8   0x00000004   Code   RO         1158    i.GPIO_ResetBits    stm32f4xx_gpio.o
    0x08000fdc   0x00000004   Code   RO         1159    i.GPIO_SetBits      stm32f4xx_gpio.o
    0x08000fe0   0x0000000a   Code   RO         1163    i.GPIO_WriteBit     stm32f4xx_gpio.o
    0x08000fea   0x00000004   Code   RO          219    i.HardFault_Handler  stm32f4xx_it.o
    0x08000fee   0x00000018   Code   RO         1249    i.I2C_AcknowledgeConfig  stm32f4xx_i2c.o
    0x08001006   0x0000002a   Code   RO         1252    i.I2C_CheckEvent    stm32f4xx_i2c.o
    0x08001030   0x0000000c   Code   RO         1253    i.I2C_ClearFlag     stm32f4xx_i2c.o
    0x0800103c   0x00000018   Code   RO         1255    i.I2C_Cmd           stm32f4xx_i2c.o
    0x08001054   0x00000018   Code   RO         1256    i.I2C_DMACmd        stm32f4xx_i2c.o
    0x0800106c   0x00000018   Code   RO         1257    i.I2C_DMALastTransferCmd  stm32f4xx_i2c.o
    0x08001084   0x00000018   Code   RO         1263    i.I2C_GenerateSTART  stm32f4xx_i2c.o
    0x0800109c   0x00000018   Code   RO         1264    i.I2C_GenerateSTOP  stm32f4xx_i2c.o
    0x080010b4   0x0000003a   Code   RO         1265    i.I2C_GetFlagStatus  stm32f4xx_i2c.o
    0x080010ee   0x00000002   PAD
    0x080010f0   0x000000e8   Code   RO         1270    i.I2C_Init          stm32f4xx_i2c.o
    0x080011d8   0x00000008   Code   RO         1275    i.I2C_ReceiveData   stm32f4xx_i2c.o
    0x080011e0   0x00000010   Code   RO         1277    i.I2C_Send7bitAddress  stm32f4xx_i2c.o
    0x080011f0   0x00000004   Code   RO         1278    i.I2C_SendData      stm32f4xx_i2c.o
    0x080011f4   0x00000168   Code   RO         3313    i.LCD_AF_GPIOConfig  stm32f429i_discovery_lcd.o
    0x0800135c   0x00000020   Code   RO         3314    i.LCD_ChipSelect    stm32f429i_discovery_lcd.o
    0x0800137c   0x00000020   Code   RO         3315    i.LCD_Clear         stm32f429i_discovery_lcd.o
    0x0800139c   0x0000003c   Code   RO         3316    i.LCD_ClearLine     stm32f429i_discovery_lcd.o
    0x080013d8   0x00000050   Code   RO         3319    i.LCD_CtrlLinesConfig  stm32f429i_discovery_lcd.o
    0x08001428   0x00000014   Code   RO         3320    i.LCD_CtrlLinesWrite  stm32f429i_discovery_lcd.o
    0x0800143c   0x00000030   Code   RO         3322    i.LCD_DisplayChar   stm32f429i_discovery_lcd.o
    0x0800146c   0x00000054   Code   RO         3325    i.LCD_DisplayStringLine  stm32f429i_discovery_lcd.o
    0x080014c0   0x000000d8   Code   RO         3326    i.LCD_DrawChar      stm32f429i_discovery_lcd.o
    0x08001598   0x0000000c   Code   RO         3339    i.LCD_GetFont       stm32f429i_discovery_lcd.o
    0x080015a4   0x0000009a   Code   RO         3340    i.LCD_Init          stm32f429i_discovery_lcd.o
    0x0800163e   0x00000002   PAD
    0x08001640   0x000000a4   Code   RO         3341    i.LCD_LayerInit     stm32f429i_discovery_lcd.o
    0x080016e4   0x0000028c   Code   RO         3345    i.LCD_PowerOn       stm32f429i_discovery_lcd.o
    0x08001970   0x000000d4   Code   RO         3347    i.LCD_SPIConfig     stm32f429i_discovery_lcd.o
    0x08001a44   0x0000000c   Code   RO         3353    i.LCD_SetFont       stm32f429i_discovery_lcd.o
    0x08001a50   0x0000002c   Code   RO         3354    i.LCD_SetLayer      stm32f429i_discovery_lcd.o
    0x08001a7c   0x0000004c   Code   RO         3360    i.LCD_WriteCommand  stm32f429i_discovery_lcd.o
    0x08001ac8   0x00000048   Code   RO         3361    i.LCD_WriteData     stm32f429i_discovery_lcd.o
    0x08001b10   0x00000024   Code   RO         1477    i.LTDC_Cmd          stm32f4xx_ltdc.o
    0x08001b34   0x00000024   Code   RO         1481    i.LTDC_DitherCmd    stm32f4xx_ltdc.o
    0x08001b58   0x00000188   Code   RO         1488    i.LTDC_Init         stm32f4xx_ltdc.o
    0x08001ce0   0x00000016   Code   RO         1492    i.LTDC_LayerCmd     stm32f4xx_ltdc.o
    0x08001cf6   0x00000114   Code   RO         1493    i.LTDC_LayerInit    stm32f4xx_ltdc.o
    0x08001e0a   0x00000002   PAD
    0x08001e0c   0x0000000c   Code   RO         1500    i.LTDC_ReloadConfig  stm32f4xx_ltdc.o
    0x08001e18   0x00000004   Code   RO          220    i.MemManage_Handler  stm32f4xx_it.o
    0x08001e1c   0x00000002   Code   RO          221    i.NMI_Handler       stm32f4xx_it.o
    0x08001e1e   0x00000002   PAD
    0x08001e20   0x00000078   Code   RO          370    i.NVIC_Init         misc.o
    0x08001e98   0x0000000c   Code   RO            7    i.PB_Config         main.o
    0x08001ea4   0x0000000c   Code   RO         3130    i.PWR_BackupAccessCmd  stm32f4xx_pwr.o
    0x08001eb0   0x00000002   Code   RO          222    i.PendSV_Handler    stm32f4xx_it.o
    0x08001eb2   0x00000002   PAD
    0x08001eb4   0x00000020   Code   RO         1666    i.RCC_AHB1PeriphClockCmd  stm32f4xx_rcc.o
    0x08001ed4   0x00000020   Code   RO         1672    i.RCC_AHB3PeriphClockCmd  stm32f4xx_rcc.o
    0x08001ef4   0x00000020   Code   RO         1675    i.RCC_APB1PeriphClockCmd  stm32f4xx_rcc.o
    0x08001f14   0x00000020   Code   RO         1677    i.RCC_APB1PeriphResetCmd  stm32f4xx_rcc.o
    0x08001f34   0x00000020   Code   RO         1678    i.RCC_APB2PeriphClockCmd  stm32f4xx_rcc.o
    0x08001f54   0x00000020   Code   RO         1680    i.RCC_APB2PeriphResetCmd  stm32f4xx_rcc.o
    0x08001f74   0x000000e8   Code   RO         1687    i.RCC_GetClocksFreq  stm32f4xx_rcc.o
    0x0800205c   0x00000040   Code   RO         1688    i.RCC_GetFlagStatus  stm32f4xx_rcc.o
    0x0800209c   0x0000000c   Code   RO         1697    i.RCC_LSICmd        stm32f4xx_rcc.o
    0x080020a8   0x00000018   Code   RO         1698    i.RCC_LTDCCLKDivConfig  stm32f4xx_rcc.o
    0x080020c0   0x0000000c   Code   RO         1707    i.RCC_PLLSAICmd     stm32f4xx_rcc.o
    0x080020cc   0x00000018   Code   RO         1708    i.RCC_PLLSAIConfig  stm32f4xx_rcc.o
    0x080020e4   0x0000000c   Code   RO         1709    i.RCC_RTCCLKCmd     stm32f4xx_rcc.o
    0x080020f0   0x0000003c   Code   RO         1710    i.RCC_RTCCLKConfig  stm32f4xx_rcc.o
    0x0800212c   0x00000002   Code   RO          223    i.RTC_Alarm_IRQHandler  stm32f4xx_it.o
    0x0800212e   0x00000016   Code   RO         2779    i.RTC_Bcd2ToByte    stm32f4xx_rtc.o
    0x08002144   0x0000001c   Code   RO         2781    i.RTC_ByteToBcd2    stm32f4xx_rtc.o
    0x08002160   0x000000f0   Code   RO            8    i.RTC_Config        main.o
    0x08002250   0x00000050   Code   RO         2791    i.RTC_EnterInitMode  stm32f4xx_rtc.o
    0x080022a0   0x00000014   Code   RO         2792    i.RTC_ExitInitMode  stm32f4xx_rtc.o
    0x080022b4   0x0000004c   Code   RO         2795    i.RTC_GetDate       stm32f4xx_rtc.o
    0x08002300   0x00000050   Code   RO         2800    i.RTC_GetTime       stm32f4xx_rtc.o
    0x08002350   0x00000064   Code   RO         2804    i.RTC_ITConfig      stm32f4xx_rtc.o
    0x080023b4   0x00000064   Code   RO         2805    i.RTC_Init          stm32f4xx_rtc.o
    0x08002418   0x000000c8   Code   RO         2811    i.RTC_SetDate       stm32f4xx_rtc.o
    0x080024e0   0x000000d0   Code   RO         2812    i.RTC_SetTime       stm32f4xx_rtc.o
    0x080025b0   0x0000001c   Code   RO         2813    i.RTC_SetWakeUpCounter  stm32f4xx_rtc.o
    0x080025cc   0x00000060   Code   RO         2828    i.RTC_WaitForSynchro  stm32f4xx_rtc.o
    0x0800262c   0x00000030   Code   RO         2829    i.RTC_WakeUpClockConfig  stm32f4xx_rtc.o
    0x0800265c   0x00000078   Code   RO         2830    i.RTC_WakeUpCmd     stm32f4xx_rtc.o
    0x080026d4   0x00000204   Code   RO         3639    i.SDRAM_GPIOConfig  stm32f429i_discovery_sdram.o
    0x080028d8   0x00000068   Code   RO         3640    i.SDRAM_Init        stm32f429i_discovery_sdram.o
    0x08002940   0x000000c8   Code   RO         3641    i.SDRAM_InitSequence  stm32f429i_discovery_sdram.o
    0x08002a08   0x00000018   Code   RO         2000    i.SPI_Cmd           stm32f4xx_spi.o
    0x08002a20   0x000000b0   Code   RO         2007    i.SPI_I2S_DeInit    stm32f4xx_spi.o
    0x08002ad0   0x00000012   Code   RO         2008    i.SPI_I2S_GetFlagStatus  stm32f4xx_spi.o
    0x08002ae2   0x00000004   Code   RO         2012    i.SPI_I2S_SendData  stm32f4xx_spi.o
    0x08002ae6   0x0000003c   Code   RO         2013    i.SPI_Init          stm32f4xx_spi.o
    0x08002b22   0x00000002   PAD
    0x08002b24   0x00000020   Code   RO         3244    i.STM_EVAL_PBGetState  stm32f429i_discovery.o
    0x08002b44   0x000000ac   Code   RO         3245    i.STM_EVAL_PBInit   stm32f429i_discovery.o
    0x08002bf0   0x00000002   Code   RO          224    i.SVC_Handler       stm32f4xx_it.o
    0x08002bf2   0x00000002   PAD
    0x08002bf4   0x00000040   Code   RO         2161    i.SYSCFG_EXTILineConfig  stm32f4xx_syscfg.o
    0x08002c34   0x0000011c   Code   RO          326    i.SetSysClock       system_stm32f4xx.o
    0x08002d50   0x00000002   Code   RO          225    i.SysTick_Handler   stm32f4xx_it.o
    0x08002d52   0x00000002   PAD
    0x08002d54   0x00000068   Code   RO          328    i.SystemInit        system_stm32f4xx.o
    0x08002dbc   0x00000002   Code   RO          226    i.TIM3_IRQHandler   stm32f4xx_it.o
    0x08002dbe   0x00000004   Code   RO          227    i.UsageFault_Handler  stm32f4xx_it.o
    0x08002dc2   0x0000000e   Code   RO         3777    i._is_digit         c_w.l(__printf_wp.o)
    0x08002dd0   0x0000001c   Code   RO         3363    i.delay             stm32f429i_discovery_lcd.o
    0x08002dec   0x00000024   Code   RO         3644    i.delay             stm32f429i_discovery_sdram.o
    0x08002e10   0x000004bc   Code   RO            9    i.main              main.o
    0x080032cc   0x000000ac   Code   RO           10    i.memorysetting     main.o
    0x08003378   0x00000064   Code   RO         3691    i.sEE_Init          stm32f429i_discovery_i2c_ee.o
    0x080033dc   0x00000040   Code   RO         3246    i.sEE_LowLevel_DMAConfig  stm32f429i_discovery.o
    0x0800341c   0x0000015c   Code   RO         3248    i.sEE_LowLevel_Init  stm32f429i_discovery.o
    0x08003578   0x00000238   Code   RO         3692    i.sEE_ReadBuffer    stm32f429i_discovery_i2c_ee.o
    0x080037b0   0x00000004   Code   RO         3693    i.sEE_TIMEOUT_UserCallback  stm32f429i_discovery_i2c_ee.o
    0x080037b4   0x000000e8   Code   RO         3694    i.sEE_WaitEepromStandbyState  stm32f429i_discovery_i2c_ee.o
    0x0800389c   0x000002bc   Code   RO         3695    i.sEE_WriteBuffer   stm32f429i_discovery_i2c_ee.o
    0x08003b58   0x00000130   Code   RO         3696    i.sEE_WritePage     stm32f429i_discovery_i2c_ee.o
    0x08003c88   0x00000014   Code   RO           11    i.store             main.o
    0x08003c9c   0x0000000a   Code   RO         3885    x$fpl$fpinit        fz_wm.l(fpinit.o)
    0x08003ca6   0x00000002   PAD
    0x08003ca8   0x00000019   Data   RO         3250    .constdata          stm32f429i_discovery.o
    0x08003cc1   0x00000001   PAD
    0x08003cc2   0x000029d0   Data   RO         3364    .constdata          stm32f429i_discovery_lcd.o
    0x08006692   0x00000011   Data   RO         3780    .constdata          c_w.l(__printf_flags_wp.o)
    0x080066a3   0x00000001   PAD
    0x080066a4   0x00000020   Data   RO         3952    Region$$Table       anon$$obj.o


    Execution Region ER_RW (Base: 0x20000000, Size: 0x000000b0, Max: 0xffffffff, ABSOLUTE)

    Base Addr    Size         Type   Attr      Idx    E Section Name        Object

    0x20000000   0x00000044   Data   RW           13    .data               main.o
    0x20000044   0x00000008   Data   RW          229    .data               stm32f4xx_it.o
    0x2000004c   0x00000010   Data   RW         1718    .data               stm32f4xx_rcc.o
    0x2000005c   0x00000010   Data   RW         3251    .data               stm32f429i_discovery.o
    0x2000006c   0x00000030   Data   RW         3365    .data               stm32f429i_discovery_lcd.o
    0x2000009c   0x00000011   Data   RW         3697    .data               stm32f429i_discovery_i2c_ee.o


    Execution Region ER_ZI (Base: 0x200000b0, Size: 0x000006c8, Max: 0xffffffff, ABSOLUTE)

    Base Addr    Size         Type   Attr      Idx    E Section Name        Object

    0x200000b0   0x00000020   Zero   RW           12    .bss                main.o
    0x200000d0   0x0000000a   Zero   RW          228    .bss                stm32f4xx_it.o
    0x200000da   0x00000002   PAD
    0x200000dc   0x0000003c   Zero   RW         3249    .bss                stm32f429i_discovery.o
    0x20000118   0x00000060   Zero   RW         3829    .bss                c_w.l(libspace.o)
    0x20000178   0x00000200   Zero   RW          362    HEAP                startup_stm32f429_439xx.o
    0x20000378   0x00000400   Zero   RW          361    STACK               startup_stm32f429_439xx.o


==============================================================================

Image component sizes


      Code (inc. data)   RO Data    RW Data    ZI Data      Debug   Object Name

      1906        258          0         68         32     338548   main.o
       120         12          0          0          0       1304   misc.o
        64         26        428          0       1536        820   startup_stm32f429_439xx.o
       616         80         25         16         60       4571   stm32f429i_discovery.o
      2080        142          0         17          0       8144   stm32f429i_discovery_i2c_ee.o
      2358        144      10704         48          0      16672   stm32f429i_discovery_lcd.o
       856         28          0          0          0       3773   stm32f429i_discovery_sdram.o
       628         52          0          0          0       5965   stm32f4xx_dma.o
       184         16          0          0          0       2616   stm32f4xx_exti.o
       384         30          0          0          0       4075   stm32f4xx_fmc.o
       250          0          0          0          0       4987   stm32f4xx_gpio.o
       516         14          0          0          0      10066   stm32f4xx_i2c.o
       724        152          0          8         10       8252   stm32f4xx_it.o
       774         32          0          0          0       5021   stm32f4xx_ltdc.o
        12          6          0          0          0        650   stm32f4xx_pwr.o
       632         98          0         16          0      12272   stm32f4xx_rcc.o
      1206         78          0          0          0      11533   stm32f4xx_rtc.o
       282         24          0          0          0       4317   stm32f4xx_spi.o
        64          4          0          0          0        772   stm32f4xx_syscfg.o
       388         32          0          0          0       1601   system_stm32f4xx.o

    ----------------------------------------------------------------------
     14072       1228      11190        176       1640     445959   Object Totals
         0          0         32          0          0          0   (incl. Generated)
        28          0          1          3          2          0   (incl. Padding)

    ----------------------------------------------------------------------

      Code (inc. data)   RO Data    RW Data    ZI Data      Debug   Library Member Name

         8          0          0          0          0         68   __main.o
       316          6         17          0          0         92   __printf_flags_wp.o
        14          0          0          0          0         68   __printf_wp.o
        52          8          0          0          0          0   __scatter.o
        26          0          0          0          0          0   __scatter_copy.o
        28          0          0          0          0          0   __scatter_zi.o
        48          6          0          0          0         96   _printf_char_common.o
         6          0          0          0          0          0   _printf_d.o
       120         18          0          0          0         92   _printf_dec.o
       184          0          0          0          0         88   _printf_intcommon.o
         0          0          0          0          0          0   _printf_percent.o
         4          0          0          0          0          0   _printf_percent_end.o
        10          0          0          0          0         68   _sputc.o
        12          0          0          0          0         72   exit.o
         6          0          0          0          0        152   heapauxi.o
         0          0          0          0          0          0   indicate_semi.o
         2          0          0          0          0          0   libinit.o
         6          0          0          0          0          0   libinit2.o
         2          0          0          0          0          0   libshutdown.o
         2          0          0          0          0          0   libshutdown2.o
         8          4          0          0         96         68   libspace.o
        40          6          0          0          0         84   noretval__2sprintf.o
         0          0          0          0          0          0   rtentry.o
        12          0          0          0          0          0   rtentry2.o
         6          0          0          0          0          0   rtentry4.o
         2          0          0          0          0          0   rtexit.o
        10          0          0          0          0          0   rtexit2.o
        12          4          0          0          0         68   sys_exit.o
        74          0          0          0          0         80   sys_stackheap_outer.o
         2          0          0          0          0         68   use_no_semi.o
        10          0          0          0          0        116   fpinit.o

    ----------------------------------------------------------------------
      1028         52         18          0         96       1280   Library Totals
         6          0          1          0          0          0   (incl. Padding)

    ----------------------------------------------------------------------

      Code (inc. data)   RO Data    RW Data    ZI Data      Debug   Library Name

      1012         52         17          0         96       1164   c_w.l
        10          0          0          0          0        116   fz_wm.l

    ----------------------------------------------------------------------
      1028         52         18          0         96       1280   Library Totals

    ----------------------------------------------------------------------

==============================================================================


      Code (inc. data)   RO Data    RW Data    ZI Data      Debug   

     15100       1280      11208        176       1736     433715   Grand Totals
     15100       1280      11208        176       1736     433715   ELF Image Totals
     15100       1280      11208        176          0          0   ROM Totals

==============================================================================

    Total RO  Size (Code + RO Data)                26308 (  25.69kB)
    Total RW  Size (RW Data + ZI Data)              1912 (   1.87kB)
    Total ROM Size (Code + RO Data + RW Data)      26484 (  25.86kB)

==============================================================================

