ARM Linker, 5.03 [Build 76] [MDK-ARM Lite]

==============================================================================

Section Cross References

    main.o(i.ADC_Config) refers to stm32f4xx_rcc.o(i.RCC_AHB1PeriphClockCmd) for RCC_AHB1PeriphClockCmd
    main.o(i.ADC_Config) refers to stm32f4xx_rcc.o(i.RCC_APB2PeriphClockCmd) for RCC_APB2PeriphClockCmd
    main.o(i.ADC_Config) refers to stm32f4xx_dma.o(i.DMA_Init) for DMA_Init
    main.o(i.ADC_Config) refers to stm32f4xx_dma.o(i.DMA_Cmd) for DMA_Cmd
    main.o(i.ADC_Config) refers to stm32f4xx_gpio.o(i.GPIO_Init) for GPIO_Init
    main.o(i.ADC_Config) refers to stm32f4xx_adc.o(i.ADC_CommonInit) for ADC_CommonInit
    main.o(i.ADC_Config) refers to stm32f4xx_adc.o(i.ADC_Init) for ADC_Init
    main.o(i.ADC_Config) refers to stm32f4xx_adc.o(i.ADC_RegularChannelConfig) for ADC_RegularChannelConfig
    main.o(i.ADC_Config) refers to stm32f4xx_adc.o(i.ADC_DMARequestAfterLastTransferCmd) for ADC_DMARequestAfterLastTransferCmd
    main.o(i.ADC_Config) refers to stm32f4xx_adc.o(i.ADC_DMACmd) for ADC_DMACmd
    main.o(i.ADC_Config) refers to stm32f4xx_adc.o(i.ADC_Cmd) for ADC_Cmd
    main.o(i.ADC_Config) refers to main.o(.data) for uhADC3ConvertedValue
    main.o(i.Decrease_Button) refers to stm32f4xx_rcc.o(i.RCC_AHB1PeriphClockCmd) for RCC_AHB1PeriphClockCmd
    main.o(i.Decrease_Button) refers to stm32f4xx_rcc.o(i.RCC_APB2PeriphClockCmd) for RCC_APB2PeriphClockCmd
    main.o(i.Decrease_Button) refers to stm32f4xx_gpio.o(i.GPIO_Init) for GPIO_Init
    main.o(i.Decrease_Button) refers to stm32f4xx_syscfg.o(i.SYSCFG_EXTILineConfig) for SYSCFG_EXTILineConfig
    main.o(i.Decrease_Button) refers to stm32f4xx_exti.o(i.EXTI_Init) for EXTI_Init
    main.o(i.Decrease_Button) refers to misc.o(i.NVIC_Init) for NVIC_Init
    main.o(i.Decrease_Button) refers to stm32f4xx_exti.o(i.EXTI_ClearITPendingBit) for EXTI_ClearITPendingBit
    main.o(i.GPIO_Config) refers to stm32f4xx_rcc.o(i.RCC_APB1PeriphClockCmd) for RCC_APB1PeriphClockCmd
    main.o(i.GPIO_Config) refers to stm32f4xx_rcc.o(i.RCC_AHB1PeriphClockCmd) for RCC_AHB1PeriphClockCmd
    main.o(i.GPIO_Config) refers to stm32f4xx_gpio.o(i.GPIO_Init) for GPIO_Init
    main.o(i.GPIO_Config) refers to stm32f4xx_gpio.o(i.GPIO_PinAFConfig) for GPIO_PinAFConfig
    main.o(i.Increase_Button) refers to stm32f4xx_rcc.o(i.RCC_AHB1PeriphClockCmd) for RCC_AHB1PeriphClockCmd
    main.o(i.Increase_Button) refers to stm32f4xx_rcc.o(i.RCC_APB2PeriphClockCmd) for RCC_APB2PeriphClockCmd
    main.o(i.Increase_Button) refers to stm32f4xx_gpio.o(i.GPIO_Init) for GPIO_Init
    main.o(i.Increase_Button) refers to stm32f4xx_syscfg.o(i.SYSCFG_EXTILineConfig) for SYSCFG_EXTILineConfig
    main.o(i.Increase_Button) refers to stm32f4xx_exti.o(i.EXTI_Init) for EXTI_Init
    main.o(i.Increase_Button) refers to misc.o(i.NVIC_Init) for NVIC_Init
    main.o(i.Increase_Button) refers to stm32f4xx_exti.o(i.EXTI_ClearITPendingBit) for EXTI_ClearITPendingBit
    main.o(i.PWM_Config) refers to stm32f4xx_rcc.o(i.RCC_TIMCLKPresConfig) for RCC_TIMCLKPresConfig
    main.o(i.PWM_Config) refers to stm32f4xx_tim.o(i.TIM_TimeBaseInit) for TIM_TimeBaseInit
    main.o(i.PWM_Config) refers to stm32f4xx_tim.o(i.TIM_OC2Init) for TIM_OC2Init
    main.o(i.PWM_Config) refers to stm32f4xx_tim.o(i.TIM_OC2PreloadConfig) for TIM_OC2PreloadConfig
    main.o(i.PWM_Config) refers to stm32f4xx_tim.o(i.TIM_ARRPreloadConfig) for TIM_ARRPreloadConfig
    main.o(i.PWM_Config) refers to stm32f4xx_tim.o(i.TIM_Cmd) for TIM_Cmd
    main.o(i.PWM_Config) refers to system_stm32f4xx.o(.data) for SystemCoreClock
    main.o(i.PWM_Config) refers to main.o(.data) for PrescalerValue
    main.o(i.PWM_Config) refers to main.o(.bss) for TIM_TimeBaseStructure
    main.o(i.PWM_SetUp) refers to stm32f4xx_tim.o(i.TIM_OC2Init) for TIM_OC2Init
    main.o(i.PWM_SetUp) refers to stm32f4xx_tim.o(i.TIM_OC2PreloadConfig) for TIM_OC2PreloadConfig
    main.o(i.PWM_SetUp) refers to stm32f4xx_gpio.o(i.GPIO_PinAFConfig) for GPIO_PinAFConfig
    main.o(i.PWM_SetUp) refers to main.o(.bss) for TIM_OCInitStructure
    main.o(i.TIM4_Config) refers to stm32f4xx_rcc.o(i.RCC_APB1PeriphClockCmd) for RCC_APB1PeriphClockCmd
    main.o(i.TIM4_Config) refers to misc.o(i.NVIC_Init) for NVIC_Init
    main.o(i.TIM4_Config) refers to stm32f4xx_tim.o(i.TIM_TimeBaseInit) for TIM_TimeBaseInit
    main.o(i.TIM4_OCConfig) refers to stm32f4xx_tim.o(i.TIM_OC1Init) for TIM_OC1Init
    main.o(i.TIM4_OCConfig) refers to stm32f4xx_tim.o(i.TIM_OC1PreloadConfig) for TIM_OC1PreloadConfig
    main.o(i.main) refers to main.o(i.GPIO_Config) for GPIO_Config
    main.o(i.main) refers to stm32f429i_discovery_lcd.o(i.LCD_Init) for LCD_Init
    main.o(i.main) refers to stm32f429i_discovery_lcd.o(i.LCD_LayerInit) for LCD_LayerInit
    main.o(i.main) refers to stm32f4xx_ltdc.o(i.LTDC_Cmd) for LTDC_Cmd
    main.o(i.main) refers to stm32f429i_discovery_lcd.o(i.LCD_SetLayer) for LCD_SetLayer
[...]
    Removing stm32f4xx_tim.o(i.TIM_ForcedOC4Config), (26 bytes).
    Removing stm32f4xx_tim.o(i.TIM_GenerateEvent), (4 bytes).
    Removing stm32f4xx_tim.o(i.TIM_GetCapture1), (6 bytes).
    Removing stm32f4xx_tim.o(i.TIM_GetCapture2), (6 bytes).
    Removing stm32f4xx_tim.o(i.TIM_GetCapture3), (6 bytes).
    Removing stm32f4xx_tim.o(i.TIM_GetCapture4), (6 bytes).
    Removing stm32f4xx_tim.o(i.TIM_GetCounter), (6 bytes).
    Removing stm32f4xx_tim.o(i.TIM_GetFlagStatus), (18 bytes).
    Removing stm32f4xx_tim.o(i.TIM_GetPrescaler), (6 bytes).
    Removing stm32f4xx_tim.o(i.TIM_ICInit), (110 bytes).
    Removing stm32f4xx_tim.o(i.TIM_ICStructInit), (18 bytes).
    Removing stm32f4xx_tim.o(i.TIM_ITRxExternalClockConfig), (24 bytes).
    Removing stm32f4xx_tim.o(i.TIM_InternalClockConfig), (12 bytes).
    Removing stm32f4xx_tim.o(i.TIM_OC1FastConfig), (18 bytes).
    Removing stm32f4xx_tim.o(i.TIM_OC1NPolarityConfig), (18 bytes).
    Removing stm32f4xx_tim.o(i.TIM_OC1PolarityConfig), (18 bytes).
    Removing stm32f4xx_tim.o(i.TIM_OC2FastConfig), (26 bytes).
    Removing stm32f4xx_tim.o(i.TIM_OC2NPolarityConfig), (26 bytes).
    Removing stm32f4xx_tim.o(i.TIM_OC2PolarityConfig), (26 bytes).
    Removing stm32f4xx_tim.o(i.TIM_OC3FastConfig), (18 bytes).
    Removing stm32f4xx_tim.o(i.TIM_OC3Init), (160 bytes).
    Removing stm32f4xx_tim.o(i.TIM_OC3NPolarityConfig), (26 bytes).
    Removing stm32f4xx_tim.o(i.TIM_OC3PolarityConfig), (26 bytes).
    Removing stm32f4xx_tim.o(i.TIM_OC3PreloadConfig), (18 bytes).
    Removing stm32f4xx_tim.o(i.TIM_OC4FastConfig), (26 bytes).
    Removing stm32f4xx_tim.o(i.TIM_OC4Init), (120 bytes).
    Removing stm32f4xx_tim.o(i.TIM_OC4PolarityConfig), (26 bytes).
    Removing stm32f4xx_tim.o(i.TIM_OC4PreloadConfig), (26 bytes).
    Removing stm32f4xx_tim.o(i.TIM_OCStructInit), (20 bytes).
    Removing stm32f4xx_tim.o(i.TIM_PWMIConfig), (124 bytes).
    Removing stm32f4xx_tim.o(i.TIM_PrescalerConfig), (6 bytes).
    Removing stm32f4xx_tim.o(i.TIM_RemapConfig), (6 bytes).
    Removing stm32f4xx_tim.o(i.TIM_SelectCCDMA), (24 bytes).
    Removing stm32f4xx_tim.o(i.TIM_SelectCOM), (24 bytes).
    Removing stm32f4xx_tim.o(i.TIM_SelectHallSensor), (24 bytes).
    Removing stm32f4xx_tim.o(i.TIM_SelectInputTrigger), (18 bytes).
    Removing stm32f4xx_tim.o(i.TIM_SelectMasterSlaveMode), (18 bytes).
    Removing stm32f4xx_tim.o(i.TIM_SelectOCxM), (86 bytes).
    Removing stm32f4xx_tim.o(i.TIM_SelectOnePulseMode), (18 bytes).
    Removing stm32f4xx_tim.o(i.TIM_SelectOutputTrigger), (18 bytes).
    Removing stm32f4xx_tim.o(i.TIM_SelectSlaveMode), (18 bytes).
    Removing stm32f4xx_tim.o(i.TIM_SetAutoreload), (4 bytes).
    Removing stm32f4xx_tim.o(i.TIM_SetClockDivision), (18 bytes).
    Removing stm32f4xx_tim.o(i.TIM_SetCompare1), (4 bytes).
    Removing stm32f4xx_tim.o(i.TIM_SetCompare2), (4 bytes).
    Removing stm32f4xx_tim.o(i.TIM_SetCompare3), (4 bytes).
    Removing stm32f4xx_tim.o(i.TIM_SetCompare4), (4 bytes).
    Removing stm32f4xx_tim.o(i.TIM_SetIC1Prescaler), (18 bytes).
    Removing stm32f4xx_tim.o(i.TIM_SetIC2Prescaler), (26 bytes).
    Removing stm32f4xx_tim.o(i.TIM_SetIC3Prescaler), (18 bytes).
    Removing stm32f4xx_tim.o(i.TIM_SetIC4Prescaler), (26 bytes).
    Removing stm32f4xx_tim.o(i.TIM_TIxExternalClockConfig), (62 bytes).
    Removing stm32f4xx_tim.o(i.TIM_TimeBaseStructInit), (18 bytes).
    Removing stm32f4xx_tim.o(i.TIM_UpdateDisableConfig), (24 bytes).
    Removing stm32f4xx_tim.o(i.TIM_UpdateRequestConfig), (24 bytes).
    Removing stm32f4xx_gpio.o(.rev16_text), (4 bytes).
    Removing stm32f4xx_gpio.o(.revsh_text), (4 bytes).
    Removing stm32f4xx_gpio.o(i.GPIO_DeInit), (312 bytes).
    Removing stm32f4xx_gpio.o(i.GPIO_PinLockConfig), (34 bytes).
    Removing stm32f4xx_gpio.o(i.GPIO_ReadInputData), (8 bytes).
    Removing stm32f4xx_gpio.o(i.GPIO_ReadOutputData), (8 bytes).
    Removing stm32f4xx_gpio.o(i.GPIO_ReadOutputDataBit), (18 bytes).
    Removing stm32f4xx_gpio.o(i.GPIO_StructInit), (18 bytes).
    Removing stm32f4xx_gpio.o(i.GPIO_ToggleBits), (8 bytes).
    Removing stm32f4xx_gpio.o(i.GPIO_Write), (4 bytes).
    Removing stm32f4xx_exti.o(.rev16_text), (4 bytes).
    Removing stm32f4xx_exti.o(.revsh_text), (4 bytes).
    Removing stm32f4xx_exti.o(i.EXTI_ClearFlag), (12 bytes).
    Removing stm32f4xx_exti.o(i.EXTI_DeInit), (36 bytes).
    Removing stm32f4xx_exti.o(i.EXTI_GenerateSWInterrupt), (16 bytes).
    Removing stm32f4xx_exti.o(i.EXTI_GetFlagStatus), (24 bytes).
    Removing stm32f4xx_exti.o(i.EXTI_StructInit), (16 bytes).
    Removing stm32f4xx_dma.o(.rev16_text), (4 bytes).
    Removing stm32f4xx_dma.o(.revsh_text), (4 bytes).
    Removing stm32f4xx_dma.o(i.DMA_ClearFlag), (52 bytes).
    Removing stm32f4xx_dma.o(i.DMA_ClearITPendingBit), (52 bytes).
    Removing stm32f4xx_dma.o(i.DMA_DeInit), (344 bytes).
    Removing stm32f4xx_dma.o(i.DMA_DoubleBufferModeCmd), (22 bytes).
    Removing stm32f4xx_dma.o(i.DMA_DoubleBufferModeConfig), (24 bytes).
    Removing stm32f4xx_dma.o(i.DMA_FlowControllerConfig), (22 bytes).
    Removing stm32f4xx_dma.o(i.DMA_GetCmdStatus), (20 bytes).
    Removing stm32f4xx_dma.o(i.DMA_GetCurrDataCounter), (8 bytes).
    Removing stm32f4xx_dma.o(i.DMA_GetCurrentMemoryTarget), (20 bytes).
    Removing stm32f4xx_dma.o(i.DMA_GetFIFOStatus), (12 bytes).
    Removing stm32f4xx_dma.o(i.DMA_GetFlagStatus), (64 bytes).
    Removing stm32f4xx_dma.o(i.DMA_GetITStatus), (96 bytes).
    Removing stm32f4xx_dma.o(i.DMA_ITConfig), (58 bytes).
    Removing stm32f4xx_dma.o(i.DMA_MemoryTargetConfig), (10 bytes).
    Removing stm32f4xx_dma.o(i.DMA_PeriphIncOffsetSizeConfig), (22 bytes).
    Removing stm32f4xx_dma.o(i.DMA_SetCurrDataCounter), (4 bytes).
    Removing stm32f4xx_dma.o(i.DMA_StructInit), (34 bytes).
    Removing stm32f4xx_dac.o(.rev16_text), (4 bytes).
    Removing stm32f4xx_dac.o(.revsh_text), (4 bytes).
    Removing stm32f4xx_dac.o(i.DAC_ClearFlag), (16 bytes).
    Removing stm32f4xx_dac.o(i.DAC_ClearITPendingBit), (16 bytes).
    Removing stm32f4xx_dac.o(i.DAC_Cmd), (40 bytes).
    Removing stm32f4xx_dac.o(i.DAC_DMACmd), (44 bytes).
    Removing stm32f4xx_dac.o(i.DAC_DeInit), (22 bytes).
    Removing stm32f4xx_dac.o(i.DAC_DualSoftwareTriggerCmd), (36 bytes).
    Removing stm32f4xx_dac.o(i.DAC_GetDataOutputValue), (36 bytes).
    Removing stm32f4xx_dac.o(i.DAC_GetFlagStatus), (32 bytes).
    Removing stm32f4xx_dac.o(i.DAC_GetITStatus), (48 bytes).
    Removing stm32f4xx_dac.o(i.DAC_ITConfig), (40 bytes).
    Removing stm32f4xx_dac.o(i.DAC_Init), (52 bytes).
    Removing stm32f4xx_dac.o(i.DAC_SetChannel1Data), (32 bytes).
    Removing stm32f4xx_dac.o(i.DAC_SetChannel2Data), (32 bytes).
    Removing stm32f4xx_dac.o(i.DAC_SetDualChannelData), (36 bytes).
    Removing stm32f4xx_dac.o(i.DAC_SoftwareTriggerCmd), (44 bytes).
    Removing stm32f4xx_dac.o(i.DAC_StructInit), (12 bytes).
    Removing stm32f4xx_dac.o(i.DAC_WaveGenerationCmd), (40 bytes).
    Removing stm32f4xx_dma2d.o(.rev16_text), (4 bytes).
    Removing stm32f4xx_dma2d.o(.revsh_text), (4 bytes).
    Removing stm32f4xx_dma2d.o(i.DMA2D_AbortTransfer), (20 bytes).
    Removing stm32f4xx_dma2d.o(i.DMA2D_BGConfig), (184 bytes).
    Removing stm32f4xx_dma2d.o(i.DMA2D_BGStart), (36 bytes).
    Removing stm32f4xx_dma2d.o(i.DMA2D_BG_StructInit), (26 bytes).
    Removing stm32f4xx_dma2d.o(i.DMA2D_ClearFlag), (12 bytes).
    Removing stm32f4xx_dma2d.o(i.DMA2D_ClearITPendingBit), (12 bytes).
    Removing stm32f4xx_dma2d.o(i.DMA2D_DeInit), (22 bytes).
    Removing stm32f4xx_dma2d.o(i.DMA2D_DeadTimeConfig), (56 bytes).
    Removing stm32f4xx_dma2d.o(i.DMA2D_FGConfig), (184 bytes).
    Removing stm32f4xx_dma2d.o(i.DMA2D_FGStart), (36 bytes).
    Removing stm32f4xx_dma2d.o(i.DMA2D_FG_StructInit), (26 bytes).
    Removing stm32f4xx_dma2d.o(i.DMA2D_GetFlagStatus), (24 bytes).
    Removing stm32f4xx_dma2d.o(i.DMA2D_GetITStatus), (44 bytes).
    Removing stm32f4xx_dma2d.o(i.DMA2D_ITConfig), (32 bytes).
    Removing stm32f4xx_dma2d.o(i.DMA2D_Init), (228 bytes).
    Removing stm32f4xx_dma2d.o(i.DMA2D_LineWatermarkConfig), (12 bytes).
    Removing stm32f4xx_dma2d.o(i.DMA2D_StartTransfer), (20 bytes).
    Removing stm32f4xx_dma2d.o(i.DMA2D_StructInit), (24 bytes).
    Removing stm32f4xx_dma2d.o(i.DMA2D_Suspend), (36 bytes).
    Removing stm32f4xx_spi.o(.rev16_text), (4 bytes).
    Removing stm32f4xx_spi.o(.revsh_text), (4 bytes).
    Removing stm32f4xx_spi.o(i.I2S_Cmd), (24 bytes).
    Removing stm32f4xx_spi.o(i.I2S_FullDuplexConfig), (80 bytes).
    Removing stm32f4xx_spi.o(i.I2S_Init), (356 bytes).
    Removing stm32f4xx_spi.o(i.I2S_StructInit), (20 bytes).
    Removing stm32f4xx_spi.o(i.SPI_BiDirectionalLineConfig), (28 bytes).
    Removing stm32f4xx_spi.o(i.SPI_CalculateCRC), (24 bytes).
    Removing stm32f4xx_spi.o(i.SPI_DataSizeConfig), (18 bytes).
    Removing stm32f4xx_spi.o(i.SPI_GetCRC), (16 bytes).
    Removing stm32f4xx_spi.o(i.SPI_GetCRCPolynomial), (6 bytes).
    Removing stm32f4xx_spi.o(i.SPI_I2S_ClearFlag), (6 bytes).
    Removing stm32f4xx_spi.o(i.SPI_I2S_ClearITPendingBit), (20 bytes).
    Removing stm32f4xx_spi.o(i.SPI_I2S_DMACmd), (18 bytes).
    Removing stm32f4xx_spi.o(i.SPI_I2S_GetITStatus), (52 bytes).
    Removing stm32f4xx_spi.o(i.SPI_I2S_ITConfig), (32 bytes).
    Removing stm32f4xx_spi.o(i.SPI_I2S_ReceiveData), (6 bytes).
    Removing stm32f4xx_spi.o(i.SPI_NSSInternalSoftwareConfig), (30 bytes).
    Removing stm32f4xx_spi.o(i.SPI_SSOutputCmd), (24 bytes).
    Removing stm32f4xx_spi.o(i.SPI_StructInit), (24 bytes).
    Removing stm32f4xx_spi.o(i.SPI_TIModeCmd), (24 bytes).
    Removing stm32f4xx_spi.o(i.SPI_TransmitCRC), (10 bytes).
    Removing stm32f4xx_pwr.o(.rev16_text), (4 bytes).
    Removing stm32f4xx_pwr.o(.revsh_text), (4 bytes).
    Removing stm32f4xx_pwr.o(i.PWR_BackupAccessCmd), (12 bytes).
    Removing stm32f4xx_pwr.o(i.PWR_BackupRegulatorCmd), (12 bytes).
    Removing stm32f4xx_pwr.o(i.PWR_ClearFlag), (40 bytes).
    Removing stm32f4xx_pwr.o(i.PWR_DeInit), (22 bytes).
    Removing stm32f4xx_pwr.o(i.PWR_EnterSTANDBYMode), (52 bytes).
    Removing stm32f4xx_pwr.o(i.PWR_EnterSTOPMode), (68 bytes).
    Removing stm32f4xx_pwr.o(i.PWR_EnterUnderDriveSTOPMode), (68 bytes).
    Removing stm32f4xx_pwr.o(i.PWR_FlashPowerDownCmd), (12 bytes).
    Removing stm32f4xx_pwr.o(i.PWR_GetFlagStatus), (24 bytes).
    Removing stm32f4xx_pwr.o(i.PWR_MainRegulatorModeConfig), (24 bytes).
    Removing stm32f4xx_pwr.o(i.PWR_OverDriveCmd), (12 bytes).
    Removing stm32f4xx_pwr.o(i.PWR_OverDriveSWCmd), (12 bytes).
    Removing stm32f4xx_pwr.o(i.PWR_PVDCmd), (12 bytes).
    Removing stm32f4xx_pwr.o(i.PWR_PVDLevelConfig), (24 bytes).
    Removing stm32f4xx_pwr.o(i.PWR_UnderDriveCmd), (36 bytes).
    Removing stm32f4xx_pwr.o(i.PWR_WakeUpPinCmd), (12 bytes).
    Removing stm32f4xx_fmc.o(.rev16_text), (4 bytes).
    Removing stm32f4xx_fmc.o(.revsh_text), (4 bytes).
    Removing stm32f4xx_fmc.o(i.FMC_ClearFlag), (100 bytes).
    Removing stm32f4xx_fmc.o(i.FMC_ClearITPendingBit), (100 bytes).
    Removing stm32f4xx_fmc.o(i.FMC_GetECC), (28 bytes).
    Removing stm32f4xx_fmc.o(i.FMC_GetITStatus), (108 bytes).
    Removing stm32f4xx_fmc.o(i.FMC_GetModeStatus), (36 bytes).
    Removing stm32f4xx_fmc.o(i.FMC_ITConfig), (188 bytes).
    Removing stm32f4xx_fmc.o(i.FMC_NANDCmd), (92 bytes).
    Removing stm32f4xx_fmc.o(i.FMC_NANDDeInit), (72 bytes).
    Removing stm32f4xx_fmc.o(i.FMC_NANDECCCmd), (92 bytes).
    Removing stm32f4xx_fmc.o(i.FMC_NANDInit), (140 bytes).
    Removing stm32f4xx_fmc.o(i.FMC_NANDStructInit), (58 bytes).
    Removing stm32f4xx_fmc.o(i.FMC_NORSRAMCmd), (52 bytes).
    Removing stm32f4xx_fmc.o(i.FMC_NORSRAMDeInit), (56 bytes).
    Removing stm32f4xx_fmc.o(i.FMC_NORSRAMInit), (292 bytes).
    Removing stm32f4xx_fmc.o(i.FMC_NORSRAMStructInit), (120 bytes).
    Removing stm32f4xx_fmc.o(i.FMC_PCCARDCmd), (48 bytes).
    Removing stm32f4xx_fmc.o(i.FMC_PCCARDDeInit), (48 bytes).
    Removing stm32f4xx_fmc.o(i.FMC_PCCARDInit), (136 bytes).
    Removing stm32f4xx_fmc.o(i.FMC_PCCARDStructInit), (60 bytes).
    Removing stm32f4xx_fmc.o(i.FMC_SDRAMDeInit), (56 bytes).
    Removing stm32f4xx_fmc.o(i.FMC_SDRAMStructInit), (64 bytes).
    Removing stm32f4xx_fmc.o(i.FMC_SDRAMWriteProtectionConfig), (64 bytes).
    Removing stm32f4xx_fmc.o(i.FMC_SetAutoRefresh_Number), (24 bytes).
    Removing stm32f4xx_ltdc.o(.rev16_text), (4 bytes).
    Removing stm32f4xx_ltdc.o(.revsh_text), (4 bytes).
    Removing stm32f4xx_ltdc.o(i.LTDC_CLUTCmd), (32 bytes).
    Removing stm32f4xx_ltdc.o(i.LTDC_CLUTInit), (32 bytes).
    Removing stm32f4xx_ltdc.o(i.LTDC_CLUTStructInit), (12 bytes).
    Removing stm32f4xx_ltdc.o(i.LTDC_ClearFlag), (12 bytes).
    Removing stm32f4xx_ltdc.o(i.LTDC_ClearITPendingBit), (12 bytes).
    Removing stm32f4xx_ltdc.o(i.LTDC_ColorKeyingConfig), (68 bytes).
    Removing stm32f4xx_ltdc.o(i.LTDC_ColorKeyingStructInit), (10 bytes).
    Removing stm32f4xx_ltdc.o(i.LTDC_DeInit), (22 bytes).
    Removing stm32f4xx_ltdc.o(i.LTDC_GetCDStatus), (24 bytes).
    Removing stm32f4xx_ltdc.o(i.LTDC_GetFlagStatus), (24 bytes).
    Removing stm32f4xx_ltdc.o(i.LTDC_GetITStatus), (44 bytes).
    Removing stm32f4xx_ltdc.o(i.LTDC_GetPosStatus), (44 bytes).
    Removing stm32f4xx_ltdc.o(i.LTDC_GetRGBWidth), (64 bytes).
    Removing stm32f4xx_ltdc.o(i.LTDC_ITConfig), (32 bytes).
    Removing stm32f4xx_ltdc.o(i.LTDC_LIPConfig), (12 bytes).
    Removing stm32f4xx_ltdc.o(i.LTDC_LayerAddress), (4 bytes).
    Removing stm32f4xx_ltdc.o(i.LTDC_LayerAlpha), (4 bytes).
    Removing stm32f4xx_ltdc.o(i.LTDC_LayerPixelFormat), (106 bytes).
    Removing stm32f4xx_ltdc.o(i.LTDC_LayerPosition), (160 bytes).
    Removing stm32f4xx_ltdc.o(i.LTDC_LayerSize), (116 bytes).
    Removing stm32f4xx_ltdc.o(i.LTDC_LayerStructInit), (48 bytes).
    Removing stm32f4xx_ltdc.o(i.LTDC_PosStructInit), (8 bytes).
    Removing stm32f4xx_ltdc.o(i.LTDC_RGBStructInit), (10 bytes).
    Removing stm32f4xx_ltdc.o(i.LTDC_StructInit), (34 bytes).
    Removing stm32f4xx_i2c.o(.rev16_text), (4 bytes).
    Removing stm32f4xx_i2c.o(.revsh_text), (4 bytes).
    Removing stm32f4xx_i2c.o(i.I2C_ARPCmd), (24 bytes).
    Removing stm32f4xx_i2c.o(i.I2C_AcknowledgeConfig), (24 bytes).
    Removing stm32f4xx_i2c.o(i.I2C_AnalogFilterCmd), (24 bytes).
    Removing stm32f4xx_i2c.o(i.I2C_CalculatePEC), (24 bytes).
    Removing stm32f4xx_i2c.o(i.I2C_CheckEvent), (42 bytes).
    Removing stm32f4xx_i2c.o(i.I2C_ClearFlag), (12 bytes).
    Removing stm32f4xx_i2c.o(i.I2C_ClearITPendingBit), (12 bytes).
    Removing stm32f4xx_i2c.o(i.I2C_Cmd), (24 bytes).
    Removing stm32f4xx_i2c.o(i.I2C_DMACmd), (24 bytes).
    Removing stm32f4xx_i2c.o(i.I2C_DMALastTransferCmd), (24 bytes).
    Removing stm32f4xx_i2c.o(i.I2C_DeInit), (96 bytes).
    Removing stm32f4xx_i2c.o(i.I2C_DigitalFilterConfig), (22 bytes).
    Removing stm32f4xx_i2c.o(i.I2C_DualAddressCmd), (24 bytes).
    Removing stm32f4xx_i2c.o(i.I2C_FastModeDutyCycleConfig), (28 bytes).
    Removing stm32f4xx_i2c.o(i.I2C_GeneralCallCmd), (24 bytes).
    Removing stm32f4xx_i2c.o(i.I2C_GenerateSTART), (24 bytes).
    Removing stm32f4xx_i2c.o(i.I2C_GenerateSTOP), (24 bytes).
    Removing stm32f4xx_i2c.o(i.I2C_GetFlagStatus), (58 bytes).
    Removing stm32f4xx_i2c.o(i.I2C_GetITStatus), (38 bytes).
    Removing stm32f4xx_i2c.o(i.I2C_GetLastEvent), (26 bytes).
    Removing stm32f4xx_i2c.o(i.I2C_GetPEC), (8 bytes).
    Removing stm32f4xx_i2c.o(i.I2C_ITConfig), (18 bytes).
    Removing stm32f4xx_i2c.o(i.I2C_Init), (232 bytes).
    Removing stm32f4xx_i2c.o(i.I2C_NACKPositionConfig), (28 bytes).
    Removing stm32f4xx_i2c.o(i.I2C_OwnAddress2Config), (22 bytes).
    Removing stm32f4xx_i2c.o(i.I2C_PECPositionConfig), (28 bytes).
    Removing stm32f4xx_i2c.o(i.I2C_ReadRegister), (22 bytes).
    Removing stm32f4xx_i2c.o(i.I2C_ReceiveData), (8 bytes).
    Removing stm32f4xx_i2c.o(i.I2C_SMBusAlertConfig), (28 bytes).
    Removing stm32f4xx_i2c.o(i.I2C_Send7bitAddress), (16 bytes).
    Removing stm32f4xx_i2c.o(i.I2C_SendData), (4 bytes).
    Removing stm32f4xx_i2c.o(i.I2C_SoftwareResetCmd), (22 bytes).
    Removing stm32f4xx_i2c.o(i.I2C_StretchClockCmd), (24 bytes).
    Removing stm32f4xx_i2c.o(i.I2C_StructInit), (30 bytes).
    Removing stm32f4xx_i2c.o(i.I2C_TransmitPEC), (24 bytes).
    Removing startup_stm32f429_439xx.o(HEAP), (512 bytes).
    Removing dadd.o(.text), (334 bytes).
    Removing dmul.o(.text), (228 bytes).
    Removing ddiv.o(.text), (222 bytes).
    Removing dfixul.o(.text), (48 bytes).
    Removing cdrcmple.o(.text), (40 bytes).
    Removing depilogue.o(.text), (190 bytes).

445 unused section(s) (total 21590 bytes) removed from the image.

==============================================================================

Image Symbol Table

    Local Symbols

    Symbol Name                              Value     Ov Type        Size  Object(Section)

    ../clib/microlib/division.c              0x00000000   Number         0  uldiv.o ABSOLUTE
    ../clib/microlib/division.c              0x00000000   Number         0  uidiv.o ABSOLUTE
    ../clib/microlib/init/entry.s            0x00000000   Number         0  entry7a.o ABSOLUTE
    ../clib/microlib/init/entry.s            0x00000000   Number         0  entry10b.o ABSOLUTE
    ../clib/microlib/init/entry.s            0x00000000   Number         0  entry11b.o ABSOLUTE
    ../clib/microlib/init/entry.s            0x00000000   Number         0  entry11a.o ABSOLUTE
    ../clib/microlib/init/entry.s            0x00000000   Number         0  entry9b.o ABSOLUTE
    ../clib/microlib/init/entry.s            0x00000000   Number         0  entry.o ABSOLUTE
    ../clib/microlib/init/entry.s            0x00000000   Number         0  entry2.o ABSOLUTE
    ../clib/microlib/init/entry.s            0x00000000   Number         0  entry8a.o ABSOLUTE
    ../clib/microlib/init/entry.s            0x00000000   Number         0  entry7b.o ABSOLUTE
    ../clib/microlib/init/entry.s            0x00000000   Number         0  entry8b.o ABSOLUTE
    ../clib/microlib/init/entry.s            0x00000000   Number         0  entry9a.o ABSOLUTE
    ../clib/microlib/init/entry.s            0x00000000   Number         0  entry5.o ABSOLUTE
    ../clib/microlib/init/entry.s            0x00000000   Number         0  entry10a.o ABSOLUTE
    ../clib/microlib/longlong.c              0x00000000   Number         0  llushr.o ABSOLUTE
    ../clib/microlib/longlong.c              0x00000000   Number         0  llshl.o ABSOLUTE
    ../clib/microlib/longlong.c              0x00000000   Number         0  llsshr.o ABSOLUTE
    ../clib/microlib/printf/printf.c         0x00000000   Number         0  printf2.o ABSOLUTE
    ../clib/microlib/printf/printf.c         0x00000000   Number         0  printfa.o ABSOLUTE
    ../clib/microlib/printf/printf.c         0x00000000   Number         0  printf8.o ABSOLUTE
    ../clib/microlib/printf/printf.c         0x00000000   Number         0  printf7.o ABSOLUTE
    ../clib/microlib/printf/printf.c         0x00000000   Number         0  printf1.o ABSOLUTE
    ../clib/microlib/printf/printf.c         0x00000000   Number         0  printf6.o ABSOLUTE
    ../clib/microlib/printf/printf.c         0x00000000   Number         0  printf5.o ABSOLUTE
    ../clib/microlib/printf/printf.c         0x00000000   Number         0  printf0.o ABSOLUTE
    ../clib/microlib/printf/printf.c         0x00000000   Number         0  printfb.o ABSOLUTE
    ../clib/microlib/printf/printf.c         0x00000000   Number         0  printf4.o ABSOLUTE
    ../clib/microlib/printf/printf.c         0x00000000   Number         0  printf3.o ABSOLUTE
    ../clib/microlib/printf/stubs.s          0x00000000   Number         0  stubs.o ABSOLUTE
    ../clib/microlib/stdio/fputc.c           0x00000000   Number         0  fputc.o ABSOLUTE
    ../clib/microlib/stdio/semi.s            0x00000000   Number         0  semi.o ABSOLUTE
    ../clib/microlib/stdio/streams.c         0x00000000   Number         0  stdout.o ABSOLUTE
    ../clib/microlib/stubs.s                 0x00000000   Number         0  iusefp.o ABSOLUTE
    ../clib/microlib/stubs.s                 0x00000000   Number         0  iusesemip.o ABSOLUTE
    ../fplib/microlib/fpadd.c                0x00000000   Number         0  dadd.o ABSOLUTE
    ../fplib/microlib/fpdiv.c                0x00000000   Number         0  ddiv.o ABSOLUTE
    ../fplib/microlib/fpepilogue.c           0x00000000   Number         0  depilogue.o ABSOLUTE
    ../fplib/microlib/fpfix.c                0x00000000   Number         0  dfixul.o ABSOLUTE
    ../fplib/microlib/fpmul.c                0x00000000   Number         0  dmul.o ABSOLUTE
    ..\STM32F429I-Discovery_FW_V1.0.1\Libraries\STM32F4xx_StdPeriph_Driver\src\misc.c 0x00000000   Number         0  misc.o ABSOLUTE
    ..\STM32F429I-Discovery_FW_V1.0.1\Libraries\STM32F4xx_StdPeriph_Driver\src\stm32f4xx_adc.c 0x00000000   Number         0  stm32f4xx_adc.o ABSOLUTE
    ..\STM32F429I-Discovery_FW_V1.0.1\Libraries\STM32F4xx_StdPeriph_Driver\src\stm32f4xx_dac.c 0x00000000   Number         0  stm32f4xx_dac.o ABSOLUTE
    ..\STM32F429I-Discovery_FW_V1.0.1\Libraries\STM32F4xx_StdPeriph_Driver\src\stm32f4xx_dma.c 0x00000000   Number         0  stm32f4xx_dma.o ABSOLUTE
    ..\STM32F429I-Discovery_FW_V1.0.1\Libraries\STM32F4xx_StdPeriph_Driver\src\stm32f4xx_dma2d.c 0x00000000   Number         0  stm32f4xx_dma2d.o ABSOLUTE
    ..\STM32F429I-Discovery_FW_V1.0.1\Libraries\STM32F4xx_StdPeriph_Driver\src\stm32f4xx_exti.c 0x00000000   Number         0  stm32f4xx_exti.o ABSOLUTE
    ..\STM32F429I-Discovery_FW_V1.0.1\Libraries\STM32F4xx_StdPeriph_Driver\src\stm32f4xx_fmc.c 0x00000000   Number         0  stm32f4xx_fmc.o ABSOLUTE
    ..\STM32F429I-Discovery_FW_V1.0.1\Libraries\STM32F4xx_StdPeriph_Driver\src\stm32f4xx_gpio.c 0x00000000   Number         0  stm32f4xx_gpio.o ABSOLUTE
    ..\STM32F429I-Discovery_FW_V1.0.1\Libraries\STM32F4xx_StdPeriph_Driver\src\stm32f4xx_i2c.c 0x00000000   Number         0  stm32f4xx_i2c.o ABSOLUTE
    ..\STM32F429I-Discovery_FW_V1.0.1\Libraries\STM32F4xx_StdPeriph_Driver\src\stm32f4xx_ltdc.c 0x00000000   Number         0  stm32f4xx_ltdc.o ABSOLUTE
    ..\STM32F429I-Discovery_FW_V1.0.1\Libraries\STM32F4xx_StdPeriph_Driver\src\stm32f4xx_pwr.c 0x00000000   Number         0  stm32f4xx_pwr.o ABSOLUTE
    ..\STM32F429I-Discovery_FW_V1.0.1\Libraries\STM32F4xx_StdPeriph_Driver\src\stm32f4xx_rcc.c 0x00000000   Number         0  stm32f4xx_rcc.o ABSOLUTE
    ..\STM32F429I-Discovery_FW_V1.0.1\Libraries\STM32F4xx_StdPeriph_Driver\src\stm32f4xx_spi.c 0x00000000   Number         0  stm32f4xx_spi.o ABSOLUTE
    ..\STM32F429I-Discovery_FW_V1.0.1\Libraries\STM32F4xx_StdPeriph_Driver\src\stm32f4xx_syscfg.c 0x00000000   Number         0  stm32f4xx_syscfg.o ABSOLUTE
    ..\STM32F429I-Discovery_FW_V1.0.1\Libraries\STM32F4xx_StdPeriph_Driver\src\stm32f4xx_tim.c 0x00000000   Number         0  stm32f4xx_tim.o ABSOLUTE
    ..\STM32F429I-Discovery_FW_V1.0.1\Utilities\STM32F429I-Discovery\stm32f429i_discovery.c 0x00000000   Number         0  stm32f429i_discovery.o ABSOLUTE
    ..\STM32F429I-Discovery_FW_V1.0.1\Utilities\STM32F429I-Discovery\stm32f429i_discovery_lcd.c 0x00000000   Number         0  stm32f429i_discovery_lcd.o ABSOLUTE
    ..\STM32F429I-Discovery_FW_V1.0.1\Utilities\STM32F429I-Discovery\stm32f429i_discovery_sdram.c 0x00000000   Number         0  stm32f429i_discovery_sdram.o ABSOLUTE
    ..\\STM32F429I-Discovery_FW_V1.0.1\\Libraries\\STM32F4xx_StdPeriph_Driver\\src\\misc.c 0x00000000   Number         0  misc.o ABSOLUTE
    ..\\STM32F429I-Discovery_FW_V1.0.1\\Libraries\\STM32F4xx_StdPeriph_Driver\\src\\stm32f4xx_adc.c 0x00000000   Number         0  stm32f4xx_adc.o ABSOLUTE
    ..\\STM32F429I-Discovery_FW_V1.0.1\\Libraries\\STM32F4xx_StdPeriph_Driver\\src\\stm32f4xx_dac.c 0x00000000   Number         0  stm32f4xx_dac.o ABSOLUTE
    ..\\STM32F429I-Discovery_FW_V1.0.1\\Libraries\\STM32F4xx_StdPeriph_Driver\\src\\stm32f4xx_dma.c 0x00000000   Number         0  stm32f4xx_dma.o ABSOLUTE
    ..\\STM32F429I-Discovery_FW_V1.0.1\\Libraries\\STM32F4xx_StdPeriph_Driver\\src\\stm32f4xx_dma2d.c 0x00000000   Number         0  stm32f4xx_dma2d.o ABSOLUTE
    ..\\STM32F429I-Discovery_FW_V1.0.1\\Libraries\\STM32F4xx_StdPeriph_Driver\\src\\stm32f4xx_exti.c 0x00000000   Number         0  stm32f4xx_exti.o ABSOLUTE
    ..\\STM32F429I-Discovery_FW_V1.0.1\\Libraries\\STM32F4xx_StdPeriph_Driver\\src\\stm32f4xx_fmc.c 0x00000000   Number         0  stm32f4xx_fmc.o ABSOLUTE
    ..\\STM32F429I-Discovery_FW_V1.0.1\\Libraries\\STM32F4xx_StdPeriph_Driver\\src\\stm32f4xx_gpio.c 0x00000000   Number         0  stm32f4xx_gpio.o ABSOLUTE
    ..\\STM32F429I-Discovery_FW_V1.0.1\\Libraries\\STM32F4xx_StdPeriph_Driver\\src\\stm32f4xx_i2c.c 0x00000000   Number         0  stm32f4xx_i2c.o ABSOLUTE
    ..\\STM32F429I-Discovery_FW_V1.0.1\\Libraries\\STM32F4xx_StdPeriph_Driver\\src\\stm32f4xx_ltdc.c 0x00000000   Number         0  stm32f4xx_ltdc.o ABSOLUTE
    ..\\STM32F429I-Discovery_FW_V1.0.1\\Libraries\\STM32F4xx_StdPeriph_Driver\\src\\stm32f4xx_pwr.c 0x00000000   Number         0  stm32f4xx_pwr.o ABSOLUTE
    ..\\STM32F429I-Discovery_FW_V1.0.1\\Libraries\\STM32F4xx_StdPeriph_Driver\\src\\stm32f4xx_rcc.c 0x00000000   Number         0  stm32f4xx_rcc.o ABSOLUTE
    ..\\STM32F429I-Discovery_FW_V1.0.1\\Libraries\\STM32F4xx_StdPeriph_Driver\\src\\stm32f4xx_spi.c 0x00000000   Number         0  stm32f4xx_spi.o ABSOLUTE
    ..\\STM32F429I-Discovery_FW_V1.0.1\\Libraries\\STM32F4xx_StdPeriph_Driver\\src\\stm32f4xx_syscfg.c 0x00000000   Number         0  stm32f4xx_syscfg.o ABSOLUTE
    ..\\STM32F429I-Discovery_FW_V1.0.1\\Libraries\\STM32F4xx_StdPeriph_Driver\\src\\stm32f4xx_tim.c 0x00000000   Number         0  stm32f4xx_tim.o ABSOLUTE
    ..\\STM32F429I-Discovery_FW_V1.0.1\\Utilities\\STM32F429I-Discovery\\stm32f429i_discovery.c 0x00000000   Number         0  stm32f429i_discovery.o ABSOLUTE
    ..\\STM32F429I-Discovery_FW_V1.0.1\\Utilities\\STM32F429I-Discovery\\stm32f429i_discovery_lcd.c 0x00000000   Number         0  stm32f429i_discovery_lcd.o ABSOLUTE
    ..\\STM32F429I-Discovery_FW_V1.0.1\\Utilities\\STM32F429I-Discovery\\stm32f429i_discovery_sdram.c 0x00000000   Number         0  stm32f429i_discovery_sdram.o ABSOLUTE
    cdrcmple.s                               0x00000000   Number         0  cdrcmple.o ABSOLUTE
    dc.s                                     0x00000000   Number         0  dc.o ABSOLUTE
    handlers.s                               0x00000000   Number         0  handlers.o ABSOLUTE
    init.s                                   0x00000000   Number         0  init.o ABSOLUTE
    src\\main.c                              0x00000000   Number         0  main.o ABSOLUTE
    src\\stm32f4xx_it.c                      0x00000000   Number         0  stm32f4xx_it.o ABSOLUTE
    src\\system_stm32f4xx.c                  0x00000000   Number         0  system_stm32f4xx.o ABSOLUTE
    src\main.c                               0x00000000   Number         0  main.o ABSOLUTE
    src\stm32f4xx_it.c                       0x00000000   Number         0  stm32f4xx_it.o ABSOLUTE
    src\system_stm32f4xx.c                   0x00000000   Number         0  system_stm32f4xx.o ABSOLUTE
    src\util.c                               0x00000000   Number         0  util.o ABSOLUTE
    startup_stm32f429_439xx.s                0x00000000   Number         0  startup_stm32f429_439xx.o ABSOLUTE
    RESET                                    0x08000000   Section      428  startup_stm32f429_439xx.o(RESET)
    .ARM.Collect$$$$00000000                 0x080001ac   Section        0  entry.o(.ARM.Collect$$$$00000000)
    .ARM.Collect$$$$00000001                 0x080001ac   Section        4  entry2.o(.ARM.Collect$$$$00000001)
    .ARM.Collect$$$$00000004                 0x080001b0   Section        4  entry5.o(.ARM.Collect$$$$00000004)
    .ARM.Collect$$$$00000008                 0x080001b4   Section        0  entry7b.o(.ARM.Collect$$$$00000008)
    .ARM.Collect$$$$0000000A                 0x080001b4   Section        0  entry8b.o(.ARM.Collect$$$$0000000A)
    .ARM.Collect$$$$0000000B                 0x080001b4   Section        8  entry9a.o(.ARM.Collect$$$$0000000B)
    .ARM.Collect$$$$0000000D                 0x080001bc   Section        0  entry10a.o(.ARM.Collect$$$$0000000D)
    .ARM.Collect$$$$0000000F                 0x080001bc   Section        0  entry11a.o(.ARM.Collect$$$$0000000F)
    .ARM.Collect$$$$00002712                 0x080001bc   Section        4  entry2.o(.ARM.Collect$$$$00002712)
    __lit__00000000                          0x080001bc   Data           4  entry2.o(.ARM.Collect$$$$00002712)
    .text                                    0x080001c0   Section       36  startup_stm32f429_439xx.o(.text)
    $v0                                      0x080001c0   Number         0  startup_stm32f429_439xx.o(.text)
    .text                                    0x080001e4   Section        0  uidiv.o(.text)
    .text                                    0x08000210   Section       36  init.o(.text)
    i.ADC_Cmd                                0x08000234   Section        0  stm32f4xx_adc.o(i.ADC_Cmd)
    i.ADC_CommonInit                         0x0800024c   Section        0  stm32f4xx_adc.o(i.ADC_CommonInit)
    i.ADC_Config                             0x08000284   Section        0  main.o(i.ADC_Config)
    i.ADC_DMACmd                             0x0800037c   Section        0  stm32f4xx_adc.o(i.ADC_DMACmd)
    i.ADC_DMARequestAfterLastTransferCmd     0x08000392   Section        0  stm32f4xx_adc.o(i.ADC_DMARequestAfterLastTransferCmd)
    i.ADC_IRQHandler                         0x080003a8   Section        0  stm32f4xx_it.o(i.ADC_IRQHandler)
    i.ADC_Init                               0x080003ac   Section        0  stm32f4xx_adc.o(i.ADC_Init)
    i.ADC_RegularChannelConfig               0x08000400   Section        0  stm32f4xx_adc.o(i.ADC_RegularChannelConfig)
    i.ADC_SoftwareStartConv                  0x080004b8   Section        0  stm32f4xx_adc.o(i.ADC_SoftwareStartConv)
    i.BusFault_Handler                       0x080004c2   Section        0  stm32f4xx_it.o(i.BusFault_Handler)
    i.DMA_Cmd                                0x080004c6   Section        0  stm32f4xx_dma.o(i.DMA_Cmd)
    i.DMA_Init                               0x080004dc   Section        0  stm32f4xx_dma.o(i.DMA_Init)
    i.DebugMon_Handler                       0x08000534   Section        0  stm32f4xx_it.o(i.DebugMon_Handler)
    i.Decrease_Button                        0x08000538   Section        0  main.o(i.Decrease_Button)
    Decrease_Button                          0x08000539   Thumb Code   118  main.o(i.Decrease_Button)
    i.EXTI0_IRQHandler                       0x080005b4   Section        0  stm32f4xx_it.o(i.EXTI0_IRQHandler)
    i.EXTI2_IRQHandler                       0x080005c8   Section        0  stm32f4xx_it.o(i.EXTI2_IRQHandler)
    i.EXTI4_IRQHandler                       0x080005e4   Section        0  stm32f4xx_it.o(i.EXTI4_IRQHandler)
    i.EXTI_ClearITPendingBit                 0x08000600   Section        0  stm32f4xx_exti.o(i.EXTI_ClearITPendingBit)
    i.EXTI_GetITStatus                       0x0800060c   Section        0  stm32f4xx_exti.o(i.EXTI_GetITStatus)
    i.EXTI_Init                              0x08000624   Section        0  stm32f4xx_exti.o(i.EXTI_Init)
    i.FMC_GetFlagStatus                      0x080006b8   Section        0  stm32f4xx_fmc.o(i.FMC_GetFlagStatus)
    i.FMC_SDRAMCmdConfig                     0x08000704   Section        0  stm32f4xx_fmc.o(i.FMC_SDRAMCmdConfig)
    i.FMC_SDRAMInit                          0x08000724   Section        0  stm32f4xx_fmc.o(i.FMC_SDRAMInit)
    i.FMC_SetRefreshCount                    0x08000820   Section        0  stm32f4xx_fmc.o(i.FMC_SetRefreshCount)
    i.GPIO_Config                            0x08000838   Section        0  main.o(i.GPIO_Config)
    i.GPIO_Init                              0x08000880   Section        0  stm32f4xx_gpio.o(i.GPIO_Init)
    i.GPIO_PinAFConfig                       0x08000910   Section        0  stm32f4xx_gpio.o(i.GPIO_PinAFConfig)
    i.GPIO_ReadInputDataBit                  0x08000956   Section        0  stm32f4xx_gpio.o(i.GPIO_ReadInputDataBit)
    i.GPIO_ResetBits                         0x08000968   Section        0  stm32f4xx_gpio.o(i.GPIO_ResetBits)
    i.GPIO_SetBits                           0x0800096c   Section        0  stm32f4xx_gpio.o(i.GPIO_SetBits)
    i.GPIO_WriteBit                          0x08000970   Section        0  stm32f4xx_gpio.o(i.GPIO_WriteBit)
    i.HardFault_Handler                      0x0800097a   Section        0  stm32f4xx_it.o(i.HardFault_Handler)
    i.Increase_Button                        0x08000980   Section        0  main.o(i.Increase_Button)
    Increase_Button                          0x08000981   Thumb Code   138  main.o(i.Increase_Button)
    i.LCD_AF_GPIOConfig                      0x08000a10   Section        0  stm32f429i_discovery_lcd.o(i.LCD_AF_GPIOConfig)
    LCD_AF_GPIOConfig                        0x08000a11   Thumb Code   334  stm32f429i_discovery_lcd.o(i.LCD_AF_GPIOConfig)
    i.LCD_ChipSelect                         0x08000b78   Section        0  stm32f429i_discovery_lcd.o(i.LCD_ChipSelect)
    i.LCD_Clear                              0x08000b98   Section        0  stm32f429i_discovery_lcd.o(i.LCD_Clear)
    i.LCD_ClearLine                          0x08000bb8   Section        0  stm32f429i_discovery_lcd.o(i.LCD_ClearLine)
    i.LCD_CtrlLinesConfig                    0x08000bf4   Section        0  stm32f429i_discovery_lcd.o(i.LCD_CtrlLinesConfig)
    i.LCD_CtrlLinesWrite                     0x08000c44   Section        0  stm32f429i_discovery_lcd.o(i.LCD_CtrlLinesWrite)
    i.LCD_DisplayChar                        0x08000c58   Section        0  stm32f429i_discovery_lcd.o(i.LCD_DisplayChar)
    i.LCD_DisplayStringLine                  0x08000c88   Section        0  stm32f429i_discovery_lcd.o(i.LCD_DisplayStringLine)
    i.LCD_DrawChar                           0x08000cdc   Section        0  stm32f429i_discovery_lcd.o(i.LCD_DrawChar)
    i.LCD_GetFont                            0x08000db4   Section        0  stm32f429i_discovery_lcd.o(i.LCD_GetFont)
    i.LCD_Init                               0x08000dc0   Section        0  stm32f429i_discovery_lcd.o(i.LCD_Init)
    i.LCD_LayerInit                          0x08000e5c   Section        0  stm32f429i_discovery_lcd.o(i.LCD_LayerInit)
    i.LCD_PowerOn                            0x08000f00   Section        0  stm32f429i_discovery_lcd.o(i.LCD_PowerOn)
    i.LCD_SPIConfig                          0x0800118c   Section        0  stm32f429i_discovery_lcd.o(i.LCD_SPIConfig)
    i.LCD_SetFont                            0x08001260   Section        0  stm32f429i_discovery_lcd.o(i.LCD_SetFont)
    i.LCD_SetLayer                           0x0800126c   Section        0  stm32f429i_discovery_lcd.o(i.LCD_SetLayer)
    i.LCD_WriteCommand                       0x08001298   Section        0  stm32f429i_discovery_lcd.o(i.LCD_WriteCommand)
    i.LCD_WriteData                          0x080012e4   Section        0  stm32f429i_discovery_lcd.o(i.LCD_WriteData)
    i.LTDC_Cmd                               0x0800132c   Section        0  stm32f4xx_ltdc.o(i.LTDC_Cmd)
    i.LTDC_DitherCmd                         0x08001350   Section        0  stm32f4xx_ltdc.o(i.LTDC_DitherCmd)
    i.LTDC_Init                              0x08001374   Section        0  stm32f4xx_ltdc.o(i.LTDC_Init)
    i.LTDC_LayerCmd                          0x080014fc   Section        0  stm32f4xx_ltdc.o(i.LTDC_LayerCmd)
    i.LTDC_LayerInit                         0x08001512   Section        0  stm32f4xx_ltdc.o(i.LTDC_LayerInit)
    i.LTDC_ReloadConfig                      0x08001628   Section        0  stm32f4xx_ltdc.o(i.LTDC_ReloadConfig)
    i.MemManage_Handler                      0x08001634   Section        0  stm32f4xx_it.o(i.MemManage_Handler)
    i.NMI_Handler                            0x08001638   Section        0  stm32f4xx_it.o(i.NMI_Handler)
    i.NVIC_Init                              0x0800163c   Section        0  misc.o(i.NVIC_Init)
    i.PWM_Config                             0x080016b4   Section        0  main.o(i.PWM_Config)
    i.PWM_SetUp                              0x08001720   Section        0  main.o(i.PWM_SetUp)
    i.PendSV_Handler                         0x0800175c   Section        0  stm32f4xx_it.o(i.PendSV_Handler)
    i.RCC_AHB1PeriphClockCmd                 0x08001760   Section        0  stm32f4xx_rcc.o(i.RCC_AHB1PeriphClockCmd)
    i.RCC_AHB3PeriphClockCmd                 0x08001780   Section        0  stm32f4xx_rcc.o(i.RCC_AHB3PeriphClockCmd)
    i.RCC_APB1PeriphClockCmd                 0x080017a0   Section        0  stm32f4xx_rcc.o(i.RCC_APB1PeriphClockCmd)
    i.RCC_APB1PeriphResetCmd                 0x080017c0   Section        0  stm32f4xx_rcc.o(i.RCC_APB1PeriphResetCmd)
    i.RCC_APB2PeriphClockCmd                 0x080017e0   Section        0  stm32f4xx_rcc.o(i.RCC_APB2PeriphClockCmd)
    i.RCC_APB2PeriphResetCmd                 0x08001800   Section        0  stm32f4xx_rcc.o(i.RCC_APB2PeriphResetCmd)
    i.RCC_GetFlagStatus                      0x08001820   Section        0  stm32f4xx_rcc.o(i.RCC_GetFlagStatus)
    i.RCC_LTDCCLKDivConfig                   0x08001860   Section        0  stm32f4xx_rcc.o(i.RCC_LTDCCLKDivConfig)
    i.RCC_PLLSAICmd                          0x08001878   Section        0  stm32f4xx_rcc.o(i.RCC_PLLSAICmd)
    i.RCC_PLLSAIConfig                       0x08001884   Section        0  stm32f4xx_rcc.o(i.RCC_PLLSAIConfig)
    i.RCC_TIMCLKPresConfig                   0x0800189c   Section        0  stm32f4xx_rcc.o(i.RCC_TIMCLKPresConfig)
    i.SDRAM_GPIOConfig                       0x080018a8   Section        0  stm32f429i_discovery_sdram.o(i.SDRAM_GPIOConfig)
    i.SDRAM_Init                             0x08001aac   Section        0  stm32f429i_discovery_sdram.o(i.SDRAM_Init)
    i.SDRAM_InitSequence                     0x08001b14   Section        0  stm32f429i_discovery_sdram.o(i.SDRAM_InitSequence)
    i.SPI_Cmd                                0x08001bdc   Section        0  stm32f4xx_spi.o(i.SPI_Cmd)
    i.SPI_I2S_DeInit                         0x08001bf4   Section        0  stm32f4xx_spi.o(i.SPI_I2S_DeInit)
    i.SPI_I2S_GetFlagStatus                  0x08001ca4   Section        0  stm32f4xx_spi.o(i.SPI_I2S_GetFlagStatus)
    i.SPI_I2S_SendData                       0x08001cb6   Section        0  stm32f4xx_spi.o(i.SPI_I2S_SendData)
    i.SPI_Init                               0x08001cba   Section        0  stm32f4xx_spi.o(i.SPI_Init)
    i.STM_EVAL_PBInit                        0x08001cf8   Section        0  stm32f429i_discovery.o(i.STM_EVAL_PBInit)
    i.SVC_Handler                            0x08001da4   Section        0  stm32f4xx_it.o(i.SVC_Handler)
    i.SYSCFG_EXTILineConfig                  0x08001da8   Section        0  stm32f4xx_syscfg.o(i.SYSCFG_EXTILineConfig)
    i.SetSysClock                            0x08001de8   Section        0  system_stm32f4xx.o(i.SetSysClock)
    SetSysClock                              0x08001de9   Thumb Code   268  system_stm32f4xx.o(i.SetSysClock)
    i.SysTick_Handler                        0x08001f04   Section        0  stm32f4xx_it.o(i.SysTick_Handler)
    i.SystemInit                             0x08001f08   Section        0  system_stm32f4xx.o(i.SystemInit)
    i.TIM4_Config                            0x08001f70   Section        0  main.o(i.TIM4_Config)
    i.TIM4_IRQHandler                        0x08001fbc   Section        0  stm32f4xx_it.o(i.TIM4_IRQHandler)
    i.TIM4_OCConfig                          0x08001fe8   Section        0  main.o(i.TIM4_OCConfig)
    i.TIM_ARRPreloadConfig                   0x0800201c   Section        0  stm32f4xx_tim.o(i.TIM_ARRPreloadConfig)
    i.TIM_ClearITPendingBit                  0x08002034   Section        0  stm32f4xx_tim.o(i.TIM_ClearITPendingBit)
    i.TIM_Cmd                                0x0800203a   Section        0  stm32f4xx_tim.o(i.TIM_Cmd)
    i.TIM_GetITStatus                        0x08002052   Section        0  stm32f4xx_tim.o(i.TIM_GetITStatus)
    i.TIM_ITConfig                           0x08002074   Section        0  stm32f4xx_tim.o(i.TIM_ITConfig)
    i.TIM_OC1Init                            0x08002088   Section        0  stm32f4xx_tim.o(i.TIM_OC1Init)
    i.TIM_OC1PreloadConfig                   0x08002104   Section        0  stm32f4xx_tim.o(i.TIM_OC1PreloadConfig)
    i.TIM_OC2Init                            0x08002118   Section        0  stm32f4xx_tim.o(i.TIM_OC2Init)
    i.TIM_OC2PreloadConfig                   0x080021bc   Section        0  stm32f4xx_tim.o(i.TIM_OC2PreloadConfig)
    i.TIM_SetCounter                         0x080021d6   Section        0  stm32f4xx_tim.o(i.TIM_SetCounter)
    i.TIM_TimeBaseInit                       0x080021dc   Section        0  stm32f4xx_tim.o(i.TIM_TimeBaseInit)
    i.UsageFault_Handler                     0x08002260   Section        0  stm32f4xx_it.o(i.UsageFault_Handler)
    i.__0sprintf$1                           0x08002264   Section        0  printf1.o(i.__0sprintf$1)
    i.__scatterload_copy                     0x0800228c   Section       14  handlers.o(i.__scatterload_copy)
    i.__scatterload_null                     0x0800229a   Section        2  handlers.o(i.__scatterload_null)
    i.__scatterload_zeroinit                 0x0800229c   Section       14  handlers.o(i.__scatterload_zeroinit)
    i._printf_core                           0x080022ac   Section        0  printf1.o(i._printf_core)
    _printf_core                             0x080022ad   Thumb Code   334  printf1.o(i._printf_core)
    i._sputc                                 0x08002400   Section        0  printf1.o(i._sputc)
    _sputc                                   0x08002401   Thumb Code    10  printf1.o(i._sputc)
    i.delay                                  0x0800240a   Section        0  stm32f429i_discovery_lcd.o(i.delay)
    delay                                    0x0800240b   Thumb Code    28  stm32f429i_discovery_lcd.o(i.delay)
    i.delay                                  0x08002428   Section        0  stm32f429i_discovery_sdram.o(i.delay)
    delay                                    0x08002429   Thumb Code    32  stm32f429i_discovery_sdram.o(i.delay)
    i.main                                   0x0800244c   Section        0  main.o(i.main)
    .constdata                               0x08002740   Section       25  stm32f429i_discovery.o(.constdata)
    .constdata                               0x0800275a   Section    10704  stm32f429i_discovery_lcd.o(.constdata)
    .data                                    0x20000000   Section       40  main.o(.data)
    .data                                    0x20000028   Section       12  stm32f4xx_it.o(.data)
    .data                                    0x20000034   Section       20  system_stm32f4xx.o(.data)
    .data                                    0x20000048   Section       16  stm32f429i_discovery.o(.data)
    .data                                    0x20000058   Section       48  stm32f429i_discovery_lcd.o(.data)
    CurrentTextColor                         0x20000078   Data           2  stm32f429i_discovery_lcd.o(.data)
    CurrentBackColor                         0x2000007a   Data           2  stm32f429i_discovery_lcd.o(.data)
    CurrentFrameBuffer                       0x2000007c   Data           4  stm32f429i_discovery_lcd.o(.data)
    CurrentLayer                             0x20000080   Data           4  stm32f429i_discovery_lcd.o(.data)
    LCD_Currentfonts                         0x20000084   Data           4  stm32f429i_discovery_lcd.o(.data)
    .bss                                     0x20000088   Section       52  main.o(.bss)
    STACK                                    0x200000c0   Section     1024  startup_stm32f429_439xx.o(STACK)

    Global Symbols

    Symbol Name                              Value     Ov Type        Size  Object(Section)

    BuildAttributes$$THM_ISAv4$E$P$D$K$B$S$7EM$VFPi3$EXTD16$VFPS$VFMA$PE$A:L22UL41UL21$X:L11$S22US41US21$IEEE1$IW$USESV6$~STKCKD$USESV7$~SHL$OSPACE$ROPI$EBA8$MICROLIB$REQ8$PRES8$EABIv2 0x00000000   Number         0  anon$$obj.o ABSOLUTE
    __ARM_use_no_argv                        0x00000000   Number         0  main.o ABSOLUTE
    _printf_a                                0x00000000   Number         0  stubs.o ABSOLUTE
    _printf_c                                0x00000000   Number         0  stubs.o ABSOLUTE
    _printf_charcount                        0x00000000   Number         0  stubs.o ABSOLUTE
    _printf_d                                0x00000000   Number         0  stubs.o ABSOLUTE
    _printf_e                                0x00000000   Number         0  stubs.o ABSOLUTE
    _printf_f                                0x00000000   Number         0  stubs.o ABSOLUTE
    _printf_flags                            0x00000000   Number         0  stubs.o ABSOLUTE
    _printf_fp_dec                           0x00000000   Number         0  stubs.o ABSOLUTE
    _printf_fp_hex                           0x00000000   Number         0  stubs.o ABSOLUTE
    _printf_g                                0x00000000   Number         0  stubs.o ABSOLUTE
    _printf_i                                0x00000000   Number         0  stubs.o ABSOLUTE
    _printf_int_dec                          0x00000000   Number         0  stubs.o ABSOLUTE
    _printf_l                                0x00000000   Number         0  stubs.o ABSOLUTE
    _printf_lc                               0x00000000   Number         0  stubs.o ABSOLUTE
    _printf_ll                               0x00000000   Number         0  stubs.o ABSOLUTE
    _printf_lld                              0x00000000   Number         0  stubs.o ABSOLUTE
    _printf_lli                              0x00000000   Number         0  stubs.o ABSOLUTE
    _printf_llo                              0x00000000   Number         0  stubs.o ABSOLUTE
    _printf_llu                              0x00000000   Number         0  stubs.o ABSOLUTE
    _printf_llx                              0x00000000   Number         0  stubs.o ABSOLUTE
    _printf_longlong_dec                     0x00000000   Number         0  stubs.o ABSOLUTE
    _printf_longlong_hex                     0x00000000   Number         0  stubs.o ABSOLUTE
    _printf_longlong_oct                     0x00000000   Number         0  stubs.o ABSOLUTE
    _printf_ls                               0x00000000   Number         0  stubs.o ABSOLUTE
    _printf_mbtowc                           0x00000000   Number         0  stubs.o ABSOLUTE
    _printf_n                                0x00000000   Number         0  stubs.o ABSOLUTE
    _printf_o                                0x00000000   Number         0  stubs.o ABSOLUTE
    _printf_p                                0x00000000   Number         0  stubs.o ABSOLUTE
    _printf_percent                          0x00000000   Number         0  stubs.o ABSOLUTE
    _printf_pre_padding                      0x00000000   Number         0  stubs.o ABSOLUTE
    _printf_return_value                     0x00000000   Number         0  stubs.o ABSOLUTE
    _printf_s                                0x00000000   Number         0  stubs.o ABSOLUTE
    _printf_sizespec                         0x00000000   Number         0  stubs.o ABSOLUTE
    _printf_str                              0x00000000   Number         0  stubs.o ABSOLUTE
    _printf_truncate_signed                  0x00000000   Number         0  stubs.o ABSOLUTE
    _printf_truncate_unsigned                0x00000000   Number         0  stubs.o ABSOLUTE
    _printf_u                                0x00000000   Number         0  stubs.o ABSOLUTE
    _printf_wc                               0x00000000   Number         0  stubs.o ABSOLUTE
    _printf_wctomb                           0x00000000   Number         0  stubs.o ABSOLUTE
    _printf_widthprec                        0x00000000   Number         0  stubs.o ABSOLUTE
    _printf_x                                0x00000000   Number         0  stubs.o ABSOLUTE
    __cpp_initialize__aeabi_                  - Undefined Weak Reference
    __cxa_finalize                            - Undefined Weak Reference
    __decompress                              - Undefined Weak Reference
    _clock_init                               - Undefined Weak Reference
    _microlib_exit                            - Undefined Weak Reference
    __Vectors_Size                           0x000001ac   Number         0  startup_stm32f429_439xx.o ABSOLUTE
    __Vectors                                0x08000000   Data           4  startup_stm32f429_439xx.o(RESET)
    __Vectors_End                            0x080001ac   Data           0  startup_stm32f429_439xx.o(RESET)
    __main                                   0x080001ad   Thumb Code     0  entry.o(.ARM.Collect$$$$00000000)
    _main_stk                                0x080001ad   Thumb Code     0  entry2.o(.ARM.Collect$$$$00000001)
    _main_scatterload                        0x080001b1   Thumb Code     0  entry5.o(.ARM.Collect$$$$00000004)
    __main_after_scatterload                 0x080001b5   Thumb Code     0  entry5.o(.ARM.Collect$$$$00000004)
    _main_clock                              0x080001b5   Thumb Code     0  entry7b.o(.ARM.Collect$$$$00000008)
    _main_cpp_init                           0x080001b5   Thumb Code     0  entry8b.o(.ARM.Collect$$$$0000000A)
    _main_init                               0x080001b5   Thumb Code     0  entry9a.o(.ARM.Collect$$$$0000000B)
    __rt_final_cpp                           0x080001bd   Thumb Code     0  entry10a.o(.ARM.Collect$$$$0000000D)
    __rt_final_exit                          0x080001bd   Thumb Code     0  entry11a.o(.ARM.Collect$$$$0000000F)
    Reset_Handler                            0x080001c1   Thumb Code     8  startup_stm32f429_439xx.o(.text)
    CAN1_RX0_IRQHandler                      0x080001db   Thumb Code     0  startup_stm32f429_439xx.o(.text)
    CAN1_RX1_IRQHandler                      0x080001db   Thumb Code     0  startup_stm32f429_439xx.o(.text)
    CAN1_SCE_IRQHandler                      0x080001db   Thumb Code     0  startup_stm32f429_439xx.o(.text)
    CAN1_TX_IRQHandler                       0x080001db   Thumb Code     0  startup_stm32f429_439xx.o(.text)
    CAN2_RX0_IRQHandler                      0x080001db   Thumb Code     0  startup_stm32f429_439xx.o(.text)
    CAN2_RX1_IRQHandler                      0x080001db   Thumb Code     0  startup_stm32f429_439xx.o(.text)
    CAN2_SCE_IRQHandler                      0x080001db   Thumb Code     0  startup_stm32f429_439xx.o(.text)
    CAN2_TX_IRQHandler                       0x080001db   Thumb Code     0  startup_stm32f429_439xx.o(.text)
    CRYP_IRQHandler                          0x080001db   Thumb Code     0  startup_stm32f429_439xx.o(.text)
    DCMI_IRQHandler                          0x080001db   Thumb Code     0  startup_stm32f429_439xx.o(.text)
    DMA1_Stream0_IRQHandler                  0x080001db   Thumb Code     0  startup_stm32f429_439xx.o(.text)
    DMA1_Stream1_IRQHandler                  0x080001db   Thumb Code     0  startup_stm32f429_439xx.o(.text)
    DMA1_Stream2_IRQHandler                  0x080001db   Thumb Code     0  startup_stm32f429_439xx.o(.text)
    DMA1_Stream3_IRQHandler                  0x080001db   Thumb Code     0  startup_stm32f429_439xx.o(.text)
    DMA1_Stream4_IRQHandler                  0x080001db   Thumb Code     0  startup_stm32f429_439xx.o(.text)
    DMA1_Stream5_IRQHandler                  0x080001db   Thumb Code     0  startup_stm32f429_439xx.o(.text)
    DMA1_Stream6_IRQHandler                  0x080001db   Thumb Code     0  startup_stm32f429_439xx.o(.text)
    DMA1_Stream7_IRQHandler                  0x080001db   Thumb Code     0  startup_stm32f429_439xx.o(.text)
    DMA2D_IRQHandler                         0x080001db   Thumb Code     0  startup_stm32f429_439xx.o(.text)
    DMA2_Stream0_IRQHandler                  0x080001db   Thumb Code     0  startup_stm32f429_439xx.o(.text)
    DMA2_Stream1_IRQHandler                  0x080001db   Thumb Code     0  startup_stm32f429_439xx.o(.text)
    DMA2_Stream2_IRQHandler                  0x080001db   Thumb Code     0  startup_stm32f429_439xx.o(.text)
    DMA2_Stream3_IRQHandler                  0x080001db   Thumb Code     0  startup_stm32f429_439xx.o(.text)
    DMA2_Stream4_IRQHandler                  0x080001db   Thumb Code     0  startup_stm32f429_439xx.o(.text)
    DMA2_Stream5_IRQHandler                  0x080001db   Thumb Code     0  startup_stm32f429_439xx.o(.text)
    DMA2_Stream6_IRQHandler                  0x080001db   Thumb Code     0  startup_stm32f429_439xx.o(.text)
    DMA2_Stream7_IRQHandler                  0x080001db   Thumb Code     0  startup_stm32f429_439xx.o(.text)
    ETH_IRQHandler                           0x080001db   Thumb Code     0  startup_stm32f429_439xx.o(.text)
    ETH_WKUP_IRQHandler                      0x080001db   Thumb Code     0  startup_stm32f429_439xx.o(.text)
    EXTI15_10_IRQHandler                     0x080001db   Thumb Code     0  startup_stm32f429_439xx.o(.text)
    EXTI1_IRQHandler                         0x080001db   Thumb Code     0  startup_stm32f429_439xx.o(.text)
    EXTI3_IRQHandler                         0x080001db   Thumb Code     0  startup_stm32f429_439xx.o(.text)
    EXTI9_5_IRQHandler                       0x080001db   Thumb Code     0  startup_stm32f429_439xx.o(.text)
    FLASH_IRQHandler                         0x080001db   Thumb Code     0  startup_stm32f429_439xx.o(.text)
    FMC_IRQHandler                           0x080001db   Thumb Code     0  startup_stm32f429_439xx.o(.text)
    FPU_IRQHandler                           0x080001db   Thumb Code     0  startup_stm32f429_439xx.o(.text)
    HASH_RNG_IRQHandler                      0x080001db   Thumb Code     0  startup_stm32f429_439xx.o(.text)
    I2C1_ER_IRQHandler                       0x080001db   Thumb Code     0  startup_stm32f429_439xx.o(.text)
    I2C1_EV_IRQHandler                       0x080001db   Thumb Code     0  startup_stm32f429_439xx.o(.text)
    I2C2_ER_IRQHandler                       0x080001db   Thumb Code     0  startup_stm32f429_439xx.o(.text)
    I2C2_EV_IRQHandler                       0x080001db   Thumb Code     0  startup_stm32f429_439xx.o(.text)
    I2C3_ER_IRQHandler                       0x080001db   Thumb Code     0  startup_stm32f429_439xx.o(.text)
    I2C3_EV_IRQHandler                       0x080001db   Thumb Code     0  startup_stm32f429_439xx.o(.text)
    LTDC_ER_IRQHandler                       0x080001db   Thumb Code     0  startup_stm32f429_439xx.o(.text)
    LTDC_IRQHandler                          0x080001db   Thumb Code     0  startup_stm32f429_439xx.o(.text)
    OTG_FS_IRQHandler                        0x080001db   Thumb Code     0  startup_stm32f429_439xx.o(.text)
    OTG_FS_WKUP_IRQHandler                   0x080001db   Thumb Code     0  startup_stm32f429_439xx.o(.text)
    OTG_HS_EP1_IN_IRQHandler                 0x080001db   Thumb Code     0  startup_stm32f429_439xx.o(.text)
    OTG_HS_EP1_OUT_IRQHandler                0x080001db   Thumb Code     0  startup_stm32f429_439xx.o(.text)
    OTG_HS_IRQHandler                        0x080001db   Thumb Code     0  startup_stm32f429_439xx.o(.text)
    OTG_HS_WKUP_IRQHandler                   0x080001db   Thumb Code     0  startup_stm32f429_439xx.o(.text)
    PVD_IRQHandler                           0x080001db   Thumb Code     0  startup_stm32f429_439xx.o(.text)
    RCC_IRQHandler                           0x080001db   Thumb Code     0  startup_stm32f429_439xx.o(.text)
    RTC_Alarm_IRQHandler                     0x080001db   Thumb Code     0  startup_stm32f429_439xx.o(.text)
    RTC_WKUP_IRQHandler                      0x080001db   Thumb Code     0  startup_stm32f429_439xx.o(.text)
    SAI1_IRQHandler                          0x080001db   Thumb Code     0  startup_stm32f429_439xx.o(.text)
    SDIO_IRQHandler                          0x080001db   Thumb Code     0  startup_stm32f429_439xx.o(.text)
    SPI1_IRQHandler                          0x080001db   Thumb Code     0  startup_stm32f429_439xx.o(.text)
    SPI2_IRQHandler                          0x080001db   Thumb Code     0  startup_stm32f429_439xx.o(.text)
    SPI3_IRQHandler                          0x080001db   Thumb Code     0  startup_stm32f429_439xx.o(.text)
    SPI4_IRQHandler                          0x080001db   Thumb Code     0  startup_stm32f429_439xx.o(.text)
    SPI5_IRQHandler                          0x080001db   Thumb Code     0  startup_stm32f429_439xx.o(.text)
    SPI6_IRQHandler                          0x080001db   Thumb Code     0  startup_stm32f429_439xx.o(.text)
    TAMP_STAMP_IRQHandler                    0x080001db   Thumb Code     0  startup_stm32f429_439xx.o(.text)
    TIM1_BRK_TIM9_IRQHandler                 0x080001db   Thumb Code     0  startup_stm32f429_439xx.o(.text)
    TIM1_CC_IRQHandler                       0x080001db   Thumb Code     0  startup_stm32f429_439xx.o(.text)
    TIM1_TRG_COM_TIM11_IRQHandler            0x080001db   Thumb Code     0  startup_stm32f429_439xx.o(.text)
    TIM1_UP_TIM10_IRQHandler                 0x080001db   Thumb Code     0  startup_stm32f429_439xx.o(.text)
    TIM2_IRQHandler                          0x080001db   Thumb Code     0  startup_stm32f429_439xx.o(.text)
    TIM3_IRQHandler                          0x080001db   Thumb Code     0  startup_stm32f429_439xx.o(.text)
    TIM5_IRQHandler                          0x080001db   Thumb Code     0  startup_stm32f429_439xx.o(.text)
    TIM6_DAC_IRQHandler                      0x080001db   Thumb Code     0  startup_stm32f429_439xx.o(.text)
    TIM7_IRQHandler                          0x080001db   Thumb Code     0  startup_stm32f429_439xx.o(.text)
    TIM8_BRK_TIM12_IRQHandler                0x080001db   Thumb Code     0  startup_stm32f429_439xx.o(.text)
    TIM8_CC_IRQHandler                       0x080001db   Thumb Code     0  startup_stm32f429_439xx.o(.text)
    TIM8_TRG_COM_TIM14_IRQHandler            0x080001db   Thumb Code     0  startup_stm32f429_439xx.o(.text)
    TIM8_UP_TIM13_IRQHandler                 0x080001db   Thumb Code     0  startup_stm32f429_439xx.o(.text)
    UART4_IRQHandler                         0x080001db   Thumb Code     0  startup_stm32f429_439xx.o(.text)
    UART5_IRQHandler                         0x080001db   Thumb Code     0  startup_stm32f429_439xx.o(.text)
    UART7_IRQHandler                         0x080001db   Thumb Code     0  startup_stm32f429_439xx.o(.text)
    UART8_IRQHandler                         0x080001db   Thumb Code     0  startup_stm32f429_439xx.o(.text)
    USART1_IRQHandler                        0x080001db   Thumb Code     0  startup_stm32f429_439xx.o(.text)
    USART2_IRQHandler                        0x080001db   Thumb Code     0  startup_stm32f429_439xx.o(.text)
    USART3_IRQHandler                        0x080001db   Thumb Code     0  startup_stm32f429_439xx.o(.text)
    USART6_IRQHandler                        0x080001db   Thumb Code     0  startup_stm32f429_439xx.o(.text)
    WWDG_IRQHandler                          0x080001db   Thumb Code     0  startup_stm32f429_439xx.o(.text)
    __aeabi_uidiv                            0x080001e5   Thumb Code     0  uidiv.o(.text)
    __aeabi_uidivmod                         0x080001e5   Thumb Code    44  uidiv.o(.text)
    __scatterload                            0x08000211   Thumb Code    28  init.o(.text)
    __scatterload_rt2                        0x08000211   Thumb Code     0  init.o(.text)
    ADC_Cmd                                  0x08000235   Thumb Code    22  stm32f4xx_adc.o(i.ADC_Cmd)
    ADC_CommonInit                           0x0800024d   Thumb Code    44  stm32f4xx_adc.o(i.ADC_CommonInit)
    ADC_Config                               0x08000285   Thumb Code   228  main.o(i.ADC_Config)
    ADC_DMACmd                               0x0800037d   Thumb Code    22  stm32f4xx_adc.o(i.ADC_DMACmd)
    ADC_DMARequestAfterLastTransferCmd       0x08000393   Thumb Code    22  stm32f4xx_adc.o(i.ADC_DMARequestAfterLastTransferCmd)
    ADC_IRQHandler                           0x080003a9   Thumb Code     2  stm32f4xx_it.o(i.ADC_IRQHandler)
    ADC_Init                                 0x080003ad   Thumb Code    74  stm32f4xx_adc.o(i.ADC_Init)
    ADC_RegularChannelConfig                 0x08000401   Thumb Code   184  stm32f4xx_adc.o(i.ADC_RegularChannelConfig)
    ADC_SoftwareStartConv                    0x080004b9   Thumb Code    10  stm32f4xx_adc.o(i.ADC_SoftwareStartConv)
    BusFault_Handler                         0x080004c3   Thumb Code     4  stm32f4xx_it.o(i.BusFault_Handler)
    DMA_Cmd                                  0x080004c7   Thumb Code    22  stm32f4xx_dma.o(i.DMA_Cmd)
    DMA_Init                                 0x080004dd   Thumb Code    82  stm32f4xx_dma.o(i.DMA_Init)
    DebugMon_Handler                         0x08000535   Thumb Code     2  stm32f4xx_it.o(i.DebugMon_Handler)
    EXTI0_IRQHandler                         0x080005b5   Thumb Code    16  stm32f4xx_it.o(i.EXTI0_IRQHandler)
    EXTI2_IRQHandler                         0x080005c9   Thumb Code    22  stm32f4xx_it.o(i.EXTI2_IRQHandler)
    EXTI4_IRQHandler                         0x080005e5   Thumb Code    22  stm32f4xx_it.o(i.EXTI4_IRQHandler)
    EXTI_ClearITPendingBit                   0x08000601   Thumb Code     6  stm32f4xx_exti.o(i.EXTI_ClearITPendingBit)
    EXTI_GetITStatus                         0x0800060d   Thumb Code    20  stm32f4xx_exti.o(i.EXTI_GetITStatus)
    EXTI_Init                                0x08000625   Thumb Code   142  stm32f4xx_exti.o(i.EXTI_Init)
    FMC_GetFlagStatus                        0x080006b9   Thumb Code    64  stm32f4xx_fmc.o(i.FMC_GetFlagStatus)
    FMC_SDRAMCmdConfig                       0x08000705   Thumb Code    28  stm32f4xx_fmc.o(i.FMC_SDRAMCmdConfig)
    FMC_SDRAMInit                            0x08000725   Thumb Code   244  stm32f4xx_fmc.o(i.FMC_SDRAMInit)
    FMC_SetRefreshCount                      0x08000821   Thumb Code    18  stm32f4xx_fmc.o(i.FMC_SetRefreshCount)
    GPIO_Config                              0x08000839   Thumb Code    66  main.o(i.GPIO_Config)
    GPIO_Init                                0x08000881   Thumb Code   144  stm32f4xx_gpio.o(i.GPIO_Init)
    GPIO_PinAFConfig                         0x08000911   Thumb Code    70  stm32f4xx_gpio.o(i.GPIO_PinAFConfig)
    GPIO_ReadInputDataBit                    0x08000957   Thumb Code    18  stm32f4xx_gpio.o(i.GPIO_ReadInputDataBit)
    GPIO_ResetBits                           0x08000969   Thumb Code     4  stm32f4xx_gpio.o(i.GPIO_ResetBits)
    GPIO_SetBits                             0x0800096d   Thumb Code     4  stm32f4xx_gpio.o(i.GPIO_SetBits)
    GPIO_WriteBit                            0x08000971   Thumb Code    10  stm32f4xx_gpio.o(i.GPIO_WriteBit)
    HardFault_Handler                        0x0800097b   Thumb Code     4  stm32f4xx_it.o(i.HardFault_Handler)
    LCD_ChipSelect                           0x08000b79   Thumb Code    26  stm32f429i_discovery_lcd.o(i.LCD_ChipSelect)
    LCD_Clear                                0x08000b99   Thumb Code    26  stm32f429i_discovery_lcd.o(i.LCD_Clear)
    LCD_ClearLine                            0x08000bb9   Thumb Code    54  stm32f429i_discovery_lcd.o(i.LCD_ClearLine)
    LCD_CtrlLinesConfig                      0x08000bf5   Thumb Code    70  stm32f429i_discovery_lcd.o(i.LCD_CtrlLinesConfig)
    LCD_CtrlLinesWrite                       0x08000c45   Thumb Code    20  stm32f429i_discovery_lcd.o(i.LCD_CtrlLinesWrite)
    LCD_DisplayChar                          0x08000c59   Thumb Code    42  stm32f429i_discovery_lcd.o(i.LCD_DisplayChar)
    LCD_DisplayStringLine                    0x08000c89   Thumb Code    78  stm32f429i_discovery_lcd.o(i.LCD_DisplayStringLine)
    LCD_DrawChar                             0x08000cdd   Thumb Code   200  stm32f429i_discovery_lcd.o(i.LCD_DrawChar)
    LCD_GetFont                              0x08000db5   Thumb Code     6  stm32f429i_discovery_lcd.o(i.LCD_GetFont)
    LCD_Init                                 0x08000dc1   Thumb Code   154  stm32f429i_discovery_lcd.o(i.LCD_Init)
    LCD_LayerInit                            0x08000e5d   Thumb Code   152  stm32f429i_discovery_lcd.o(i.LCD_LayerInit)
    LCD_PowerOn                              0x08000f01   Thumb Code   652  stm32f429i_discovery_lcd.o(i.LCD_PowerOn)
    LCD_SPIConfig                            0x0800118d   Thumb Code   204  stm32f429i_discovery_lcd.o(i.LCD_SPIConfig)
    LCD_SetFont                              0x08001261   Thumb Code     6  stm32f429i_discovery_lcd.o(i.LCD_SetFont)
    LCD_SetLayer                             0x0800126d   Thumb Code    32  stm32f429i_discovery_lcd.o(i.LCD_SetLayer)
    LCD_WriteCommand                         0x08001299   Thumb Code    66  stm32f429i_discovery_lcd.o(i.LCD_WriteCommand)
    LCD_WriteData                            0x080012e5   Thumb Code    64  stm32f429i_discovery_lcd.o(i.LCD_WriteData)
    LTDC_Cmd                                 0x0800132d   Thumb Code    30  stm32f4xx_ltdc.o(i.LTDC_Cmd)
    LTDC_DitherCmd                           0x08001351   Thumb Code    30  stm32f4xx_ltdc.o(i.LTDC_DitherCmd)
    LTDC_Init                                0x08001375   Thumb Code   378  stm32f4xx_ltdc.o(i.LTDC_Init)
    LTDC_LayerCmd                            0x080014fd   Thumb Code    22  stm32f4xx_ltdc.o(i.LTDC_LayerCmd)
    LTDC_LayerInit                           0x08001513   Thumb Code   276  stm32f4xx_ltdc.o(i.LTDC_LayerInit)
    LTDC_ReloadConfig                        0x08001629   Thumb Code     6  stm32f4xx_ltdc.o(i.LTDC_ReloadConfig)
    MemManage_Handler                        0x08001635   Thumb Code     4  stm32f4xx_it.o(i.MemManage_Handler)
    NMI_Handler                              0x08001639   Thumb Code     2  stm32f4xx_it.o(i.NMI_Handler)
    NVIC_Init                                0x0800163d   Thumb Code   108  misc.o(i.NVIC_Init)
    PWM_Config                               0x080016b5   Thumb Code    84  main.o(i.PWM_Config)
    PWM_SetUp                                0x08001721   Thumb Code    48  main.o(i.PWM_SetUp)
    PendSV_Handler                           0x0800175d   Thumb Code     2  stm32f4xx_it.o(i.PendSV_Handler)
    RCC_AHB1PeriphClockCmd                   0x08001761   Thumb Code    26  stm32f4xx_rcc.o(i.RCC_AHB1PeriphClockCmd)
    RCC_AHB3PeriphClockCmd                   0x08001781   Thumb Code    26  stm32f4xx_rcc.o(i.RCC_AHB3PeriphClockCmd)
    RCC_APB1PeriphClockCmd                   0x080017a1   Thumb Code    26  stm32f4xx_rcc.o(i.RCC_APB1PeriphClockCmd)
    RCC_APB1PeriphResetCmd                   0x080017c1   Thumb Code    26  stm32f4xx_rcc.o(i.RCC_APB1PeriphResetCmd)
    RCC_APB2PeriphClockCmd                   0x080017e1   Thumb Code    26  stm32f4xx_rcc.o(i.RCC_APB2PeriphClockCmd)
    RCC_APB2PeriphResetCmd                   0x08001801   Thumb Code    26  stm32f4xx_rcc.o(i.RCC_APB2PeriphResetCmd)
    RCC_GetFlagStatus                        0x08001821   Thumb Code    60  stm32f4xx_rcc.o(i.RCC_GetFlagStatus)
    RCC_LTDCCLKDivConfig                     0x08001861   Thumb Code    18  stm32f4xx_rcc.o(i.RCC_LTDCCLKDivConfig)
    RCC_PLLSAICmd                            0x08001879   Thumb Code     6  stm32f4xx_rcc.o(i.RCC_PLLSAICmd)
    RCC_PLLSAIConfig                         0x08001885   Thumb Code    18  stm32f4xx_rcc.o(i.RCC_PLLSAIConfig)
    RCC_TIMCLKPresConfig                     0x0800189d   Thumb Code     6  stm32f4xx_rcc.o(i.RCC_TIMCLKPresConfig)
    SDRAM_GPIOConfig                         0x080018a9   Thumb Code   492  stm32f429i_discovery_sdram.o(i.SDRAM_GPIOConfig)
    SDRAM_Init                               0x08001aad   Thumb Code   104  stm32f429i_discovery_sdram.o(i.SDRAM_Init)
    SDRAM_InitSequence                       0x08001b15   Thumb Code   200  stm32f429i_discovery_sdram.o(i.SDRAM_InitSequence)
    SPI_Cmd                                  0x08001bdd   Thumb Code    24  stm32f4xx_spi.o(i.SPI_Cmd)
    SPI_I2S_DeInit                           0x08001bf5   Thumb Code   152  stm32f4xx_spi.o(i.SPI_I2S_DeInit)
    SPI_I2S_GetFlagStatus                    0x08001ca5   Thumb Code    18  stm32f4xx_spi.o(i.SPI_I2S_GetFlagStatus)
    SPI_I2S_SendData                         0x08001cb7   Thumb Code     4  stm32f4xx_spi.o(i.SPI_I2S_SendData)
    SPI_Init                                 0x08001cbb   Thumb Code    60  stm32f4xx_spi.o(i.SPI_Init)
    STM_EVAL_PBInit                          0x08001cf9   Thumb Code   142  stm32f429i_discovery.o(i.STM_EVAL_PBInit)
    SVC_Handler                              0x08001da5   Thumb Code     2  stm32f4xx_it.o(i.SVC_Handler)
    SYSCFG_EXTILineConfig                    0x08001da9   Thumb Code    60  stm32f4xx_syscfg.o(i.SYSCFG_EXTILineConfig)
    SysTick_Handler                          0x08001f05   Thumb Code     2  stm32f4xx_it.o(i.SysTick_Handler)
    SystemInit                               0x08001f09   Thumb Code    88  system_stm32f4xx.o(i.SystemInit)
    TIM4_Config                              0x08001f71   Thumb Code    72  main.o(i.TIM4_Config)
    TIM4_IRQHandler                          0x08001fbd   Thumb Code    34  stm32f4xx_it.o(i.TIM4_IRQHandler)
    TIM4_OCConfig                            0x08001fe9   Thumb Code    48  main.o(i.TIM4_OCConfig)
    TIM_ARRPreloadConfig                     0x0800201d   Thumb Code    24  stm32f4xx_tim.o(i.TIM_ARRPreloadConfig)
    TIM_ClearITPendingBit                    0x08002035   Thumb Code     6  stm32f4xx_tim.o(i.TIM_ClearITPendingBit)
    TIM_Cmd                                  0x0800203b   Thumb Code    24  stm32f4xx_tim.o(i.TIM_Cmd)
    TIM_GetITStatus                          0x08002053   Thumb Code    34  stm32f4xx_tim.o(i.TIM_GetITStatus)
    TIM_ITConfig                             0x08002075   Thumb Code    18  stm32f4xx_tim.o(i.TIM_ITConfig)
    TIM_OC1Init                              0x08002089   Thumb Code   114  stm32f4xx_tim.o(i.TIM_OC1Init)
    TIM_OC1PreloadConfig                     0x08002105   Thumb Code    18  stm32f4xx_tim.o(i.TIM_OC1PreloadConfig)
    TIM_OC2Init                              0x08002119   Thumb Code   154  stm32f4xx_tim.o(i.TIM_OC2Init)
    TIM_OC2PreloadConfig                     0x080021bd   Thumb Code    26  stm32f4xx_tim.o(i.TIM_OC2PreloadConfig)
    TIM_SetCounter                           0x080021d7   Thumb Code     4  stm32f4xx_tim.o(i.TIM_SetCounter)
    TIM_TimeBaseInit                         0x080021dd   Thumb Code   104  stm32f4xx_tim.o(i.TIM_TimeBaseInit)
    UsageFault_Handler                       0x08002261   Thumb Code     4  stm32f4xx_it.o(i.UsageFault_Handler)
    __0sprintf$1                             0x08002265   Thumb Code    34  printf1.o(i.__0sprintf$1)
    __1sprintf$1                             0x08002265   Thumb Code     0  printf1.o(i.__0sprintf$1)
    __2sprintf                               0x08002265   Thumb Code     0  printf1.o(i.__0sprintf$1)
    __scatterload_copy                       0x0800228d   Thumb Code    14  handlers.o(i.__scatterload_copy)
    __scatterload_null                       0x0800229b   Thumb Code     2  handlers.o(i.__scatterload_null)
    __scatterload_zeroinit                   0x0800229d   Thumb Code    14  handlers.o(i.__scatterload_zeroinit)
    main                                     0x0800244d   Thumb Code   662  main.o(i.main)
    GPIO_PIN                                 0x08002740   Data           4  stm32f429i_discovery.o(.constdata)
    GPIO_CLK                                 0x08002744   Data           8  stm32f429i_discovery.o(.constdata)
    BUTTON_PIN                               0x0800274c   Data           2  stm32f429i_discovery.o(.constdata)
    BUTTON_CLK                               0x08002750   Data           4  stm32f429i_discovery.o(.constdata)
    BUTTON_EXTI_LINE                         0x08002754   Data           2  stm32f429i_discovery.o(.constdata)
    BUTTON_PORT_SOURCE                       0x08002756   Data           1  stm32f429i_discovery.o(.constdata)
    BUTTON_PIN_SOURCE                        0x08002757   Data           1  stm32f429i_discovery.o(.constdata)
    BUTTON_IRQn                              0x08002758   Data           1  stm32f429i_discovery.o(.constdata)
    ASCII16x24_Table                         0x0800275a   Data        4560  stm32f429i_discovery_lcd.o(.constdata)
    ASCII12x12_Table                         0x0800392a   Data        2304  stm32f429i_discovery_lcd.o(.constdata)
    ASCII8x12_Table                          0x0800422a   Data        2304  stm32f429i_discovery_lcd.o(.constdata)
    ASCII8x8_Table                           0x08004b2a   Data        1536  stm32f429i_discovery_lcd.o(.constdata)
    Region$$Table$$Base                      0x0800512c   Number         0  anon$$obj.o(Region$$Table)
    Region$$Table$$Limit                     0x0800514c   Number         0  anon$$obj.o(Region$$Table)
    ADC3ConvertedValue                       0x20000000   Data           2  main.o(.data)
    uhADC3ConvertedValue                     0x20000002   Data           2  main.o(.data)
    uwADC3ConvertedVoltage                   0x20000004   Data           4  main.o(.data)
    CCR1_Val                                 0x20000008   Data           2  main.o(.data)
    CCR2_Val                                 0x2000000a   Data           2  main.o(.data)
    CCR3_Val                                 0x2000000c   Data           2  main.o(.data)
    CCR4_Val                                 0x2000000e   Data           2  main.o(.data)
    PrescalerValue                           0x20000010   Data           2  main.o(.data)
    NOV                                      0x20000014   Data           4  main.o(.data)
    Set_Point                                0x20000018   Data           2  main.o(.data)
    temp_value                               0x2000001a   Data           2  main.o(.data)
    uwVoltage                                0x2000001c   Data           4  main.o(.data)
    temp2                                    0x20000020   Data           4  main.o(.data)
    factor                                   0x20000024   Data           4  main.o(.data)
    count                                    0x20000028   Data           4  stm32f4xx_it.o(.data)
    time                                     0x2000002c   Data           4  stm32f4xx_it.o(.data)
    increase                                 0x20000030   Data           2  stm32f4xx_it.o(.data)
    decrease                                 0x20000032   Data           2  stm32f4xx_it.o(.data)
    SystemCoreClock                          0x20000034   Data           4  system_stm32f4xx.o(.data)
    AHBPrescTable                            0x20000038   Data          16  system_stm32f4xx.o(.data)
    GPIO_PORT                                0x20000048   Data           8  stm32f429i_discovery.o(.data)
    BUTTON_PORT                              0x20000050   Data           4  stm32f429i_discovery.o(.data)
    NVIC_InitStructure                       0x20000054   Data           4  stm32f429i_discovery.o(.data)
    Font16x24                                0x20000058   Data           8  stm32f429i_discovery_lcd.o(.data)
    Font12x12                                0x20000060   Data           8  stm32f429i_discovery_lcd.o(.data)
    Font8x12                                 0x20000068   Data           8  stm32f429i_discovery_lcd.o(.data)
    Font8x8                                  0x20000070   Data           8  stm32f429i_discovery_lcd.o(.data)
    TIM_TimeBaseStructure                    0x20000088   Data          12  main.o(.bss)
    TIM_OCInitStructure                      0x20000094   Data          20  main.o(.bss)
    temper                                   0x200000a8   Data          10  main.o(.bss)
    Set_Show                                 0x200000b2   Data          10  main.o(.bss)
    __initial_sp                             0x200004c0   Data           0  startup_stm32f429_439xx.o(STACK)



==============================================================================

Memory Map of the image

  Image Entry point : 0x080001ad

  Load Region LR_IROM1 (Base: 0x08000000, Size: 0x000051d4, Max: 0x00200000, ABSOLUTE)

    Execution Region ER_IROM1 (Base: 0x08000000, Size: 0x0000514c, Max: 0x00200000, ABSOLUTE)

    Base Addr    Size         Type   Attr      Idx    E Section Name        Object

    0x08000000   0x000001ac   Data   RO         3462    RESET               startup_stm32f429_439xx.o
    0x080001ac   0x00000000   Code   RO         3467  * .ARM.Collect$$$$00000000  mc_w.l(entry.o)
    0x080001ac   0x00000004   Code   RO         3731    .ARM.Collect$$$$00000001  mc_w.l(entry2.o)
    0x080001b0   0x00000004   Code   RO         3734    .ARM.Collect$$$$00000004  mc_w.l(entry5.o)
    0x080001b4   0x00000000   Code   RO         3736    .ARM.Collect$$$$00000008  mc_w.l(entry7b.o)
    0x080001b4   0x00000000   Code   RO         3738    .ARM.Collect$$$$0000000A  mc_w.l(entry8b.o)
    0x080001b4   0x00000008   Code   RO         3739    .ARM.Collect$$$$0000000B  mc_w.l(entry9a.o)
    0x080001bc   0x00000000   Code   RO         3741    .ARM.Collect$$$$0000000D  mc_w.l(entry10a.o)
    0x080001bc   0x00000000   Code   RO         3743    .ARM.Collect$$$$0000000F  mc_w.l(entry11a.o)
    0x080001bc   0x00000004   Code   RO         3732    .ARM.Collect$$$$00002712  mc_w.l(entry2.o)
    0x080001c0   0x00000024   Code   RO         3463    .text               startup_stm32f429_439xx.o
    0x080001e4   0x0000002c   Code   RO         3748    .text               mc_w.l(uidiv.o)
    0x08000210   0x00000024   Code   RO         3763    .text               mc_w.l(init.o)
    0x08000234   0x00000016   Code   RO          880    i.ADC_Cmd           stm32f4xx_adc.o
    0x0800024a   0x00000002   PAD
    0x0800024c   0x00000038   Code   RO          881    i.ADC_CommonInit    stm32f4xx_adc.o
    0x08000284   0x000000f8   Code   RO            3    i.ADC_Config        main.o
    0x0800037c   0x00000016   Code   RO          884    i.ADC_DMACmd        stm32f4xx_adc.o
    0x08000392   0x00000016   Code   RO          885    i.ADC_DMARequestAfterLastTransferCmd  stm32f4xx_adc.o
    0x080003a8   0x00000002   Code   RO          210    i.ADC_IRQHandler    stm32f4xx_it.o
    0x080003aa   0x00000002   PAD
    0x080003ac   0x00000054   Code   RO          900    i.ADC_Init          stm32f4xx_adc.o
    0x08000400   0x000000b8   Code   RO          905    i.ADC_RegularChannelConfig  stm32f4xx_adc.o
    0x080004b8   0x0000000a   Code   RO          907    i.ADC_SoftwareStartConv  stm32f4xx_adc.o
    0x080004c2   0x00000004   Code   RO          211    i.BusFault_Handler  stm32f4xx_it.o
    0x080004c6   0x00000016   Code   RO         2224    i.DMA_Cmd           stm32f4xx_dma.o
    0x080004dc   0x00000058   Code   RO         2236    i.DMA_Init          stm32f4xx_dma.o
    0x08000534   0x00000002   Code   RO          212    i.DebugMon_Handler  stm32f4xx_it.o
    0x08000536   0x00000002   PAD
    0x08000538   0x0000007c   Code   RO            4    i.Decrease_Button   main.o
    0x080005b4   0x00000014   Code   RO          213    i.EXTI0_IRQHandler  stm32f4xx_it.o
    0x080005c8   0x0000001c   Code   RO          214    i.EXTI2_IRQHandler  stm32f4xx_it.o
    0x080005e4   0x0000001c   Code   RO          215    i.EXTI4_IRQHandler  stm32f4xx_it.o
    0x08000600   0x0000000c   Code   RO         2161    i.EXTI_ClearITPendingBit  stm32f4xx_exti.o
    0x0800060c   0x00000018   Code   RO         2165    i.EXTI_GetITStatus  stm32f4xx_exti.o
    0x08000624   0x00000094   Code   RO         2166    i.EXTI_Init         stm32f4xx_exti.o
    0x080006b8   0x0000004c   Code   RO         2871    i.FMC_GetFlagStatus  stm32f4xx_fmc.o
    0x08000704   0x00000020   Code   RO         2888    i.FMC_SDRAMCmdConfig  stm32f4xx_fmc.o
    0x08000724   0x000000fc   Code   RO         2890    i.FMC_SDRAMInit     stm32f4xx_fmc.o
    0x08000820   0x00000018   Code   RO         2894    i.FMC_SetRefreshCount  stm32f4xx_fmc.o
    0x08000838   0x00000048   Code   RO            5    i.GPIO_Config       main.o
    0x08000880   0x00000090   Code   RO         2063    i.GPIO_Init         stm32f4xx_gpio.o
    0x08000910   0x00000046   Code   RO         2064    i.GPIO_PinAFConfig  stm32f4xx_gpio.o
    0x08000956   0x00000012   Code   RO         2067    i.GPIO_ReadInputDataBit  stm32f4xx_gpio.o
    0x08000968   0x00000004   Code   RO         2070    i.GPIO_ResetBits    stm32f4xx_gpio.o
    0x0800096c   0x00000004   Code   RO         2071    i.GPIO_SetBits      stm32f4xx_gpio.o
    0x08000970   0x0000000a   Code   RO         2075    i.GPIO_WriteBit     stm32f4xx_gpio.o
    0x0800097a   0x00000004   Code   RO          216    i.HardFault_Handler  stm32f4xx_it.o
    0x0800097e   0x00000002   PAD
    0x08000980   0x00000090   Code   RO            6    i.Increase_Button   main.o
    0x08000a10   0x00000168   Code   RO          455    i.LCD_AF_GPIOConfig  stm32f429i_discovery_lcd.o
    0x08000b78   0x00000020   Code   RO          456    i.LCD_ChipSelect    stm32f429i_discovery_lcd.o
    0x08000b98   0x00000020   Code   RO          457    i.LCD_Clear         stm32f429i_discovery_lcd.o
    0x08000bb8   0x0000003c   Code   RO          458    i.LCD_ClearLine     stm32f429i_discovery_lcd.o
    0x08000bf4   0x00000050   Code   RO          461    i.LCD_CtrlLinesConfig  stm32f429i_discovery_lcd.o
    0x08000c44   0x00000014   Code   RO          462    i.LCD_CtrlLinesWrite  stm32f429i_discovery_lcd.o
    0x08000c58   0x00000030   Code   RO          464    i.LCD_DisplayChar   stm32f429i_discovery_lcd.o
    0x08000c88   0x00000054   Code   RO          467    i.LCD_DisplayStringLine  stm32f429i_discovery_lcd.o
    0x08000cdc   0x000000d8   Code   RO          468    i.LCD_DrawChar      stm32f429i_discovery_lcd.o
    0x08000db4   0x0000000c   Code   RO          481    i.LCD_GetFont       stm32f429i_discovery_lcd.o
    0x08000dc0   0x0000009a   Code   RO          482    i.LCD_Init          stm32f429i_discovery_lcd.o
    0x08000e5a   0x00000002   PAD
    0x08000e5c   0x000000a4   Code   RO          483    i.LCD_LayerInit     stm32f429i_discovery_lcd.o
    0x08000f00   0x0000028c   Code   RO          487    i.LCD_PowerOn       stm32f429i_discovery_lcd.o
    0x0800118c   0x000000d4   Code   RO          489    i.LCD_SPIConfig     stm32f429i_discovery_lcd.o
    0x08001260   0x0000000c   Code   RO          495    i.LCD_SetFont       stm32f429i_discovery_lcd.o
    0x0800126c   0x0000002c   Code   RO          496    i.LCD_SetLayer      stm32f429i_discovery_lcd.o
    0x08001298   0x0000004c   Code   RO          502    i.LCD_WriteCommand  stm32f429i_discovery_lcd.o
    0x080012e4   0x00000048   Code   RO          503    i.LCD_WriteData     stm32f429i_discovery_lcd.o
    0x0800132c   0x00000024   Code   RO         3049    i.LTDC_Cmd          stm32f4xx_ltdc.o
    0x08001350   0x00000024   Code   RO         3053    i.LTDC_DitherCmd    stm32f4xx_ltdc.o
    0x08001374   0x00000188   Code   RO         3060    i.LTDC_Init         stm32f4xx_ltdc.o
    0x080014fc   0x00000016   Code   RO         3064    i.LTDC_LayerCmd     stm32f4xx_ltdc.o
    0x08001512   0x00000114   Code   RO         3065    i.LTDC_LayerInit    stm32f4xx_ltdc.o
    0x08001626   0x00000002   PAD
    0x08001628   0x0000000c   Code   RO         3072    i.LTDC_ReloadConfig  stm32f4xx_ltdc.o
    0x08001634   0x00000004   Code   RO          217    i.MemManage_Handler  stm32f4xx_it.o
    0x08001638   0x00000002   Code   RO          218    i.NMI_Handler       stm32f4xx_it.o
    0x0800163a   0x00000002   PAD
    0x0800163c   0x00000078   Code   RO          830    i.NVIC_Init         misc.o
    0x080016b4   0x0000006c   Code   RO            7    i.PWM_Config        main.o
    0x08001720   0x0000003c   Code   RO            8    i.PWM_SetUp         main.o
    0x0800175c   0x00000002   Code   RO          219    i.PendSV_Handler    stm32f4xx_it.o
    0x0800175e   0x00000002   PAD
    0x08001760   0x00000020   Code   RO         1116    i.RCC_AHB1PeriphClockCmd  stm32f4xx_rcc.o
    0x08001780   0x00000020   Code   RO         1122    i.RCC_AHB3PeriphClockCmd  stm32f4xx_rcc.o
    0x080017a0   0x00000020   Code   RO         1125    i.RCC_APB1PeriphClockCmd  stm32f4xx_rcc.o
    0x080017c0   0x00000020   Code   RO         1127    i.RCC_APB1PeriphResetCmd  stm32f4xx_rcc.o
    0x080017e0   0x00000020   Code   RO         1128    i.RCC_APB2PeriphClockCmd  stm32f4xx_rcc.o
    0x08001800   0x00000020   Code   RO         1130    i.RCC_APB2PeriphResetCmd  stm32f4xx_rcc.o
    0x08001820   0x00000040   Code   RO         1138    i.RCC_GetFlagStatus  stm32f4xx_rcc.o
    0x08001860   0x00000018   Code   RO         1148    i.RCC_LTDCCLKDivConfig  stm32f4xx_rcc.o
    0x08001878   0x0000000c   Code   RO         1157    i.RCC_PLLSAICmd     stm32f4xx_rcc.o
    0x08001884   0x00000018   Code   RO         1158    i.RCC_PLLSAIConfig  stm32f4xx_rcc.o
    0x0800189c   0x0000000c   Code   RO         1166    i.RCC_TIMCLKPresConfig  stm32f4xx_rcc.o
    0x080018a8   0x00000204   Code   RO          781    i.SDRAM_GPIOConfig  stm32f429i_discovery_sdram.o
    0x08001aac   0x00000068   Code   RO          782    i.SDRAM_Init        stm32f429i_discovery_sdram.o
    0x08001b14   0x000000c8   Code   RO          783    i.SDRAM_InitSequence  stm32f429i_discovery_sdram.o
    0x08001bdc   0x00000018   Code   RO         2600    i.SPI_Cmd           stm32f4xx_spi.o
    0x08001bf4   0x000000b0   Code   RO         2607    i.SPI_I2S_DeInit    stm32f4xx_spi.o
    0x08001ca4   0x00000012   Code   RO         2608    i.SPI_I2S_GetFlagStatus  stm32f4xx_spi.o
    0x08001cb6   0x00000004   Code   RO         2612    i.SPI_I2S_SendData  stm32f4xx_spi.o
    0x08001cba   0x0000003c   Code   RO         2613    i.SPI_Init          stm32f4xx_spi.o
    0x08001cf6   0x00000002   PAD
    0x08001cf8   0x000000ac   Code   RO          387    i.STM_EVAL_PBInit   stm32f429i_discovery.o
    0x08001da4   0x00000002   Code   RO          220    i.SVC_Handler       stm32f4xx_it.o
    0x08001da6   0x00000002   PAD
    0x08001da8   0x00000040   Code   RO         1447    i.SYSCFG_EXTILineConfig  stm32f4xx_syscfg.o
    0x08001de8   0x0000011c   Code   RO          315    i.SetSysClock       system_stm32f4xx.o
    0x08001f04   0x00000002   Code   RO          221    i.SysTick_Handler   stm32f4xx_it.o
    0x08001f06   0x00000002   PAD
    0x08001f08   0x00000068   Code   RO          317    i.SystemInit        system_stm32f4xx.o
    0x08001f70   0x0000004c   Code   RO            9    i.TIM4_Config       main.o
    0x08001fbc   0x0000002c   Code   RO          222    i.TIM4_IRQHandler   stm32f4xx_it.o
    0x08001fe8   0x00000034   Code   RO           10    i.TIM4_OCConfig     main.o
    0x0800201c   0x00000018   Code   RO         1504    i.TIM_ARRPreloadConfig  stm32f4xx_tim.o
    0x08002034   0x00000006   Code   RO         1511    i.TIM_ClearITPendingBit  stm32f4xx_tim.o
    0x0800203a   0x00000018   Code   RO         1516    i.TIM_Cmd           stm32f4xx_tim.o
    0x08002052   0x00000022   Code   RO         1537    i.TIM_GetITStatus   stm32f4xx_tim.o
    0x08002074   0x00000012   Code   RO         1541    i.TIM_ITConfig      stm32f4xx_tim.o
    0x08002086   0x00000002   PAD
    0x08002088   0x0000007c   Code   RO         1545    i.TIM_OC1Init       stm32f4xx_tim.o
    0x08002104   0x00000012   Code   RO         1548    i.TIM_OC1PreloadConfig  stm32f4xx_tim.o
    0x08002116   0x00000002   PAD
    0x08002118   0x000000a4   Code   RO         1550    i.TIM_OC2Init       stm32f4xx_tim.o
    0x080021bc   0x0000001a   Code   RO         1553    i.TIM_OC2PreloadConfig  stm32f4xx_tim.o
    0x080021d6   0x00000004   Code   RO         1582    i.TIM_SetCounter    stm32f4xx_tim.o
    0x080021da   0x00000002   PAD
    0x080021dc   0x00000084   Code   RO         1588    i.TIM_TimeBaseInit  stm32f4xx_tim.o
    0x08002260   0x00000004   Code   RO          223    i.UsageFault_Handler  stm32f4xx_it.o
    0x08002264   0x00000028   Code   RO         3517    i.__0sprintf$1      mc_w.l(printf1.o)
    0x0800228c   0x0000000e   Code   RO         3777    i.__scatterload_copy  mc_w.l(handlers.o)
    0x0800229a   0x00000002   Code   RO         3778    i.__scatterload_null  mc_w.l(handlers.o)
    0x0800229c   0x0000000e   Code   RO         3779    i.__scatterload_zeroinit  mc_w.l(handlers.o)
    0x080022aa   0x00000002   PAD
    0x080022ac   0x00000154   Code   RO         3522    i._printf_core      mc_w.l(printf1.o)
    0x08002400   0x0000000a   Code   RO         3524    i._sputc            mc_w.l(printf1.o)
    0x0800240a   0x0000001c   Code   RO          505    i.delay             stm32f429i_discovery_lcd.o
    0x08002426   0x00000002   PAD
    0x08002428   0x00000024   Code   RO          786    i.delay             stm32f429i_discovery_sdram.o
    0x0800244c   0x000002f4   Code   RO           11    i.main              main.o
    0x08002740   0x00000019   Data   RO          392    .constdata          stm32f429i_discovery.o
    0x08002759   0x00000001   PAD
    0x0800275a   0x000029d0   Data   RO          506    .constdata          stm32f429i_discovery_lcd.o
    0x0800512a   0x00000002   PAD
    0x0800512c   0x00000020   Data   RO         3775    Region$$Table       anon$$obj.o


    Execution Region RW_IRAM1 (Base: 0x20000000, Size: 0x000004c0, Max: 0x00030000, ABSOLUTE)

    Base Addr    Size         Type   Attr      Idx    E Section Name        Object

    0x20000000   0x00000028   Data   RW           13    .data               main.o
    0x20000028   0x0000000c   Data   RW          224    .data               stm32f4xx_it.o
    0x20000034   0x00000014   Data   RW          318    .data               system_stm32f4xx.o
    0x20000048   0x00000010   Data   RW          393    .data               stm32f429i_discovery.o
    0x20000058   0x00000030   Data   RW          507    .data               stm32f429i_discovery_lcd.o
    0x20000088   0x00000034   Zero   RW           12    .bss                main.o
    0x200000bc   0x00000004   PAD
    0x200000c0   0x00000400   Zero   RW         3460    STACK               startup_stm32f429_439xx.o


==============================================================================

Image component sizes


      Code (inc. data)   RO Data    RW Data    ZI Data      Debug   Object Name

      1640        176          0         40         52     378421   main.o
       120         12          0          0          0       1304   misc.o
        36          8        428          0       1024        812   startup_stm32f429_439xx.o
       172         30         25         16          0       2252   stm32f429i_discovery.o
      2358        144      10704         48          0      16672   stm32f429i_discovery_lcd.o
       856         28          0          0          0       3773   stm32f429i_discovery_sdram.o
       400         22          0          0          0       6471   stm32f4xx_adc.o
       110          6          0          0          0       2769   stm32f4xx_dma.o
       184         16          0          0          0       2616   stm32f4xx_exti.o
       384         30          0          0          0       4075   stm32f4xx_fmc.o
       250          0          0          0          0       4987   stm32f4xx_gpio.o
       148         26          0         12          0       6837   stm32f4xx_it.o
       774         32          0          0          0       5021   stm32f4xx_ltdc.o
       328         64          0          0          0       7779   stm32f4xx_rcc.o
       282         24          0          0          0       4317   stm32f4xx_spi.o
        64          4          0          0          0        772   stm32f4xx_syscfg.o
       574         48          0          0          0       8928   stm32f4xx_tim.o
       388         32          0         20          0       1833   system_stm32f4xx.o

    ----------------------------------------------------------------------
      9098        702      11192        136       1080     459639   Object Totals
         0          0         32          0          0          0   (incl. Generated)
        30          0          3          0          4          0   (incl. Padding)

    ----------------------------------------------------------------------

      Code (inc. data)   RO Data    RW Data    ZI Data      Debug   Library Member Name

         0          0          0          0          0          0   entry.o
         0          0          0          0          0          0   entry10a.o
         0          0          0          0          0          0   entry11a.o
         8          4          0          0          0          0   entry2.o
         4          0          0          0          0          0   entry5.o
         0          0          0          0          0          0   entry7b.o
         0          0          0          0          0          0   entry8b.o
         8          4          0          0          0          0   entry9a.o
        30          0          0          0          0          0   handlers.o
        36          8          0          0          0         68   init.o
       390         12          0          0          0        248   printf1.o
        44          0          0          0          0         80   uidiv.o

    ----------------------------------------------------------------------
       522         28          0          0          0        396   Library Totals
         2          0          0          0          0          0   (incl. Padding)

    ----------------------------------------------------------------------

      Code (inc. data)   RO Data    RW Data    ZI Data      Debug   Library Name

       520         28          0          0          0        396   mc_w.l

    ----------------------------------------------------------------------
       522         28          0          0          0        396   Library Totals

    ----------------------------------------------------------------------

==============================================================================


      Code (inc. data)   RO Data    RW Data    ZI Data      Debug   

      9620        730      11192        136       1080     449931   Grand Totals
      9620        730      11192        136       1080     449931   ELF Image Totals
      9620        730      11192        136          0          0   ROM Totals

==============================================================================

    Total RO  Size (Code + RO Data)                20812 (  20.32kB)
    Total RW  Size (RW Data + ZI Data)              1216 (   1.19kB)
    Total ROM Size (Code + RO Data + RW Data)      20948 (  20.46kB)

==============================================================================

