ARM Linker, 5.03 [Build 76] [MDK-ARM Lite]

==============================================================================

Section Cross References

    stm32f4xx_rng.o(i.RNG_DeInit) refers to stm32f4xx_rcc.o(i.RCC_AHB2PeriphResetCmd) for RCC_AHB2PeriphResetCmd
    main.o(i.EXTILine14_Config) refers to stm32f4xx_rcc.o(i.RCC_AHB1PeriphClockCmd) for RCC_AHB1PeriphClockCmd
    main.o(i.EXTILine14_Config) refers to stm32f4xx_rcc.o(i.RCC_APB2PeriphClockCmd) for RCC_APB2PeriphClockCmd
    main.o(i.EXTILine14_Config) refers to stm32f4xx_gpio.o(i.GPIO_Init) for GPIO_Init
    main.o(i.EXTILine14_Config) refers to stm32f4xx_syscfg.o(i.SYSCFG_EXTILineConfig) for SYSCFG_EXTILineConfig
    main.o(i.EXTILine14_Config) refers to stm32f4xx_exti.o(i.EXTI_Init) for EXTI_Init
    main.o(i.EXTILine14_Config) refers to misc.o(i.NVIC_Init) for NVIC_Init
    main.o(i.EXTILine14_Config) refers to stm32f4xx_exti.o(i.EXTI_ClearITPendingBit) for EXTI_ClearITPendingBit
    main.o(i.LCD_DisplayFloat) refers to _printf_percent.o(.ARM.Collect$$_printf_percent$$00000000) for _printf_percent
    main.o(i.LCD_DisplayFloat) refers to _printf_f.o(.ARM.Collect$$_printf_percent$$00000003) for _printf_f
    main.o(i.LCD_DisplayFloat) refers to printf1.o(x$fpl$printf1) for _printf_fp_dec
    main.o(i.LCD_DisplayFloat) refers to f2d.o(x$fpl$f2d) for __aeabi_f2d
    main.o(i.LCD_DisplayFloat) refers to noretval__2sprintf.o(.text) for __2sprintf
    main.o(i.LCD_DisplayFloat) refers to main.o(i.LCD_DisplayString) for LCD_DisplayString
    main.o(i.LCD_DisplayInt) refers to _printf_percent.o(.ARM.Collect$$_printf_percent$$00000000) for _printf_percent
    main.o(i.LCD_DisplayInt) refers to _printf_d.o(.ARM.Collect$$_printf_percent$$00000009) for _printf_d
    main.o(i.LCD_DisplayInt) refers to _printf_dec.o(.text) for _printf_int_dec
    main.o(i.LCD_DisplayInt) refers to noretval__2sprintf.o(.text) for __2sprintf
    main.o(i.LCD_DisplayInt) refers to main.o(i.LCD_DisplayString) for LCD_DisplayString
    main.o(i.LCD_DisplayString) refers to stm32f429i_discovery_lcd.o(i.LCD_GetFont) for LCD_GetFont
    main.o(i.LCD_DisplayString) refers to stm32f429i_discovery_lcd.o(i.LCD_DisplayChar) for LCD_DisplayChar
    main.o(i.LED_Config) refers to stm32f429i_discovery.o(i.STM_EVAL_LEDInit) for STM_EVAL_LEDInit
    main.o(i.LED_Config) refers to stm32f429i_discovery.o(i.STM_EVAL_LEDOn) for STM_EVAL_LEDOn
    main.o(i.PB_Config) refers to stm32f429i_discovery.o(i.STM_EVAL_PBInit) for STM_EVAL_PBInit
    main.o(i.RNG_Config) refers to stm32f4xx_rcc.o(i.RCC_AHB2PeriphClockCmd) for RCC_AHB2PeriphClockCmd
    main.o(i.RNG_Config) refers to stm32f4xx_rng.o(i.RNG_Cmd) for RNG_Cmd
    main.o(i.TIM3_Config) refers to stm32f4xx_rcc.o(i.RCC_APB1PeriphClockCmd) for RCC_APB1PeriphClockCmd
    main.o(i.TIM3_Config) refers to misc.o(i.NVIC_Init) for NVIC_Init
    main.o(i.TIM3_Config) refers to stm32f4xx_tim.o(i.TIM_TimeBaseInit) for TIM_TimeBaseInit
    main.o(i.TIM3_Config) refers to main.o(.data) for PrescalerValue
    main.o(i.TIM3_OCConfig) refers to stm32f4xx_tim.o(i.TIM_OC1Init) for TIM_OC1Init
    main.o(i.TIM3_OCConfig) refers to stm32f4xx_tim.o(i.TIM_OC1PreloadConfig) for TIM_OC1PreloadConfig
    main.o(i.TIM3_OCConfig) refers to main.o(.data) for CCR1_Val
    main.o(i.TIM_Config) refers to stm32f4xx_rcc.o(i.RCC_APB1PeriphClockCmd) for RCC_APB1PeriphClockCmd
    main.o(i.TIM_Config) refers to misc.o(i.NVIC_Init) for NVIC_Init
    main.o(i.main) refers to _printf_percent.o(.ARM.Collect$$_printf_percent$$00000000) for _printf_percent
    main.o(i.main) refers to _printf_d.o(.ARM.Collect$$_printf_percent$$00000009) for _printf_d
    main.o(i.main) refers to _printf_dec.o(.text) for _printf_int_dec
    main.o(i.main) refers to main.o(i.PB_Config) for PB_Config
    main.o(i.main) refers to main.o(i.LED_Config) for LED_Config
    main.o(i.main) refers to main.o(i.TIM3_Config) for TIM3_Config
    main.o(i.main) refers to main.o(i.TIM3_OCConfig) for TIM3_OCConfig
    main.o(i.main) refers to stm32f4xx_tim.o(i.TIM_ITConfig) for TIM_ITConfig
    main.o(i.main) refers to stm32f4xx_tim.o(i.TIM_Cmd) for TIM_Cmd
    main.o(i.main) refers to stm32f429i_discovery_lcd.o(i.LCD_Init) for LCD_Init
    main.o(i.main) refers to stm32f429i_discovery_lcd.o(i.LCD_LayerInit) for LCD_LayerInit
    main.o(i.main) refers to stm32f4xx_ltdc.o(i.LTDC_Cmd) for LTDC_Cmd
    main.o(i.main) refers to stm32f429i_discovery_lcd.o(i.LCD_SetLayer) for LCD_SetLayer
    main.o(i.main) refers to stm32f4xx_flash.o(i.FLASH_Unlock) for FLASH_Unlock
    main.o(i.main) refers to eeprom.o(i.EE_Init) for EE_Init
    main.o(i.main) refers to main.o(i.RNG_Config) for RNG_Config
    main.o(i.main) refers to stm32f429i_discovery_lcd.o(i.LCD_Clear) for LCD_Clear
    main.o(i.main) refers to main.o(i.EXTILine14_Config) for EXTILine14_Config
    main.o(i.main) refers to stm32f4xx_rcc.o(i.RCC_AHB2PeriphClockCmd) for RCC_AHB2PeriphClockCmd
    main.o(i.main) refers to stm32f4xx_rng.o(i.RNG_Cmd) for RNG_Cmd
[...]
    ../clib/printf.c                         0x00000000   Number         0  noretval__2sprintf.o ABSOLUTE
    ../clib/printf.c                         0x00000000   Number         0  __2sprintf.o ABSOLUTE
    ../clib/printf.c                         0x00000000   Number         0  __printf_nopercent.o ABSOLUTE
    ../clib/printf.c                         0x00000000   Number         0  _printf_fp_infnan.o ABSOLUTE
    ../clib/printf.c                         0x00000000   Number         0  __printf_ss_wp.o ABSOLUTE
    ../clib/printf.c                         0x00000000   Number         0  _sputc.o ABSOLUTE
    ../clib/printf.c                         0x00000000   Number         0  _printf_char_common.o ABSOLUTE
    ../clib/printf.c                         0x00000000   Number         0  _printf_fp_dec.o ABSOLUTE
    ../clib/printf.c                         0x00000000   Number         0  _printf_intcommon.o ABSOLUTE
    ../clib/printf.c                         0x00000000   Number         0  __printf_flags_ss_wp.o ABSOLUTE
    ../clib/printf.c                         0x00000000   Number         0  __printf_flags_wp.o ABSOLUTE
    ../clib/printf.c                         0x00000000   Number         0  __printf_wp.o ABSOLUTE
    ../clib/printf_percent.s                 0x00000000   Number         0  _printf_percent_end.o ABSOLUTE
    ../clib/printf_percent.s                 0x00000000   Number         0  _printf_f.o ABSOLUTE
    ../clib/printf_percent.s                 0x00000000   Number         0  _printf_percent.o ABSOLUTE
    ../clib/printf_percent.s                 0x00000000   Number         0  _printf_d.o ABSOLUTE
    ../clib/signal.c                         0x00000000   Number         0  __raise.o ABSOLUTE
    ../clib/signal.c                         0x00000000   Number         0  defsig_pvfn_inner.o ABSOLUTE
    ../clib/signal.c                         0x00000000   Number         0  defsig_cppl_inner.o ABSOLUTE
    ../clib/signal.c                         0x00000000   Number         0  defsig_rtmem_formal.o ABSOLUTE
    ../clib/signal.c                         0x00000000   Number         0  defsig_rtmem_outer.o ABSOLUTE
    ../clib/signal.c                         0x00000000   Number         0  defsig_stak_inner.o ABSOLUTE
    ../clib/signal.c                         0x00000000   Number         0  defsig_rtred_inner.o ABSOLUTE
    ../clib/signal.c                         0x00000000   Number         0  defsig_fpe_inner.o ABSOLUTE
    ../clib/signal.c                         0x00000000   Number         0  defsig_abrt_inner.o ABSOLUTE
    ../clib/signal.c                         0x00000000   Number         0  defsig_segv_inner.o ABSOLUTE
    ../clib/signal.c                         0x00000000   Number         0  defsig_other.o ABSOLUTE
    ../clib/signal.c                         0x00000000   Number         0  defsig_general.o ABSOLUTE
    ../clib/signal.c                         0x00000000   Number         0  defsig_rtmem_inner.o ABSOLUTE
    ../clib/signal.c                         0x00000000   Number         0  defsig_exit.o ABSOLUTE
    ../clib/signal.s                         0x00000000   Number         0  defsig.o ABSOLUTE
    ../clib/stdlib.c                         0x00000000   Number         0  exit.o ABSOLUTE
    ../fplib/dretinf.s                       0x00000000   Number         0  dretinf.o ABSOLUTE
    ../fplib/f2d.s                           0x00000000   Number         0  f2d.o ABSOLUTE
    ../fplib/fnaninf.s                       0x00000000   Number         0  fnaninf.o ABSOLUTE
    ../fplib/fpinit.s                        0x00000000   Number         0  fpinit.o ABSOLUTE
    ../fplib/istatus.s                       0x00000000   Number         0  istatus.o ABSOLUTE
    ../fplib/printf1.s                       0x00000000   Number         0  printf1.o ABSOLUTE
    ../fplib/usenofp.s                       0x00000000   Number         0  usenofp.o ABSOLUTE
    ../mathlib/fpclassify.c                  0x00000000   Number         0  fpclassify.o ABSOLUTE
    ..\STM32F429I-Discovery_FW_V1.0.1\Libraries\STM32F4xx_StdPeriph_Driver\src\misc.c 0x00000000   Number         0  misc.o ABSOLUTE
    ..\STM32F429I-Discovery_FW_V1.0.1\Libraries\STM32F4xx_StdPeriph_Driver\src\stm32f4xx_adc.c 0x00000000   Number         0  stm32f4xx_adc.o ABSOLUTE
    ..\STM32F429I-Discovery_FW_V1.0.1\Libraries\STM32F4xx_StdPeriph_Driver\src\stm32f4xx_dma.c 0x00000000   Number         0  stm32f4xx_dma.o ABSOLUTE
    ..\STM32F429I-Discovery_FW_V1.0.1\Libraries\STM32F4xx_StdPeriph_Driver\src\stm32f4xx_dma2d.c 0x00000000   Number         0  stm32f4xx_dma2d.o ABSOLUTE
    ..\STM32F429I-Discovery_FW_V1.0.1\Libraries\STM32F4xx_StdPeriph_Driver\src\stm32f4xx_exti.c 0x00000000   Number         0  stm32f4xx_exti.o ABSOLUTE
    ..\STM32F429I-Discovery_FW_V1.0.1\Libraries\STM32F4xx_StdPeriph_Driver\src\stm32f4xx_flash.c 0x00000000   Number         0  stm32f4xx_flash.o ABSOLUTE
    ..\STM32F429I-Discovery_FW_V1.0.1\Libraries\STM32F4xx_StdPeriph_Driver\src\stm32f4xx_fmc.c 0x00000000   Number         0  stm32f4xx_fmc.o ABSOLUTE
    ..\STM32F429I-Discovery_FW_V1.0.1\Libraries\STM32F4xx_StdPeriph_Driver\src\stm32f4xx_gpio.c 0x00000000   Number         0  stm32f4xx_gpio.o ABSOLUTE
    ..\STM32F429I-Discovery_FW_V1.0.1\Libraries\STM32F4xx_StdPeriph_Driver\src\stm32f4xx_i2c.c 0x00000000   Number         0  stm32f4xx_i2c.o ABSOLUTE
    ..\STM32F429I-Discovery_FW_V1.0.1\Libraries\STM32F4xx_StdPeriph_Driver\src\stm32f4xx_ltdc.c 0x00000000   Number         0  stm32f4xx_ltdc.o ABSOLUTE
    ..\STM32F429I-Discovery_FW_V1.0.1\Libraries\STM32F4xx_StdPeriph_Driver\src\stm32f4xx_rcc.c 0x00000000   Number         0  stm32f4xx_rcc.o ABSOLUTE
    ..\STM32F429I-Discovery_FW_V1.0.1\Libraries\STM32F4xx_StdPeriph_Driver\src\stm32f4xx_rng.c 0x00000000   Number         0  stm32f4xx_rng.o ABSOLUTE
    ..\STM32F429I-Discovery_FW_V1.0.1\Libraries\STM32F4xx_StdPeriph_Driver\src\stm32f4xx_spi.c 0x00000000   Number         0  stm32f4xx_spi.o ABSOLUTE
    ..\STM32F429I-Discovery_FW_V1.0.1\Libraries\STM32F4xx_StdPeriph_Driver\src\stm32f4xx_syscfg.c 0x00000000   Number         0  stm32f4xx_syscfg.o ABSOLUTE
    ..\STM32F429I-Discovery_FW_V1.0.1\Libraries\STM32F4xx_StdPeriph_Driver\src\stm32f4xx_tim.c 0x00000000   Number         0  stm32f4xx_tim.o ABSOLUTE
    ..\STM32F429I-Discovery_FW_V1.0.1\Utilities\STM32F429I-Discovery\stm32f429i_discovery.c 0x00000000   Number         0  stm32f429i_discovery.o ABSOLUTE
    ..\STM32F429I-Discovery_FW_V1.0.1\Utilities\STM32F429I-Discovery\stm32f429i_discovery_lcd.c 0x00000000   Number         0  stm32f429i_discovery_lcd.o ABSOLUTE
    ..\STM32F429I-Discovery_FW_V1.0.1\Utilities\STM32F429I-Discovery\stm32f429i_discovery_sdram.c 0x00000000   Number         0  stm32f429i_discovery_sdram.o ABSOLUTE
    ..\\STM32F429I-Discovery_FW_V1.0.1\\Libraries\\STM32F4xx_StdPeriph_Driver\\src\\misc.c 0x00000000   Number         0  misc.o ABSOLUTE
    ..\\STM32F429I-Discovery_FW_V1.0.1\\Libraries\\STM32F4xx_StdPeriph_Driver\\src\\stm32f4xx_adc.c 0x00000000   Number         0  stm32f4xx_adc.o ABSOLUTE
    ..\\STM32F429I-Discovery_FW_V1.0.1\\Libraries\\STM32F4xx_StdPeriph_Driver\\src\\stm32f4xx_dma.c 0x00000000   Number         0  stm32f4xx_dma.o ABSOLUTE
    ..\\STM32F429I-Discovery_FW_V1.0.1\\Libraries\\STM32F4xx_StdPeriph_Driver\\src\\stm32f4xx_dma2d.c 0x00000000   Number         0  stm32f4xx_dma2d.o ABSOLUTE
    ..\\STM32F429I-Discovery_FW_V1.0.1\\Libraries\\STM32F4xx_StdPeriph_Driver\\src\\stm32f4xx_exti.c 0x00000000   Number         0  stm32f4xx_exti.o ABSOLUTE
    ..\\STM32F429I-Discovery_FW_V1.0.1\\Libraries\\STM32F4xx_StdPeriph_Driver\\src\\stm32f4xx_flash.c 0x00000000   Number         0  stm32f4xx_flash.o ABSOLUTE
    ..\\STM32F429I-Discovery_FW_V1.0.1\\Libraries\\STM32F4xx_StdPeriph_Driver\\src\\stm32f4xx_fmc.c 0x00000000   Number         0  stm32f4xx_fmc.o ABSOLUTE
    ..\\STM32F429I-Discovery_FW_V1.0.1\\Libraries\\STM32F4xx_StdPeriph_Driver\\src\\stm32f4xx_gpio.c 0x00000000   Number         0  stm32f4xx_gpio.o ABSOLUTE
    ..\\STM32F429I-Discovery_FW_V1.0.1\\Libraries\\STM32F4xx_StdPeriph_Driver\\src\\stm32f4xx_i2c.c 0x00000000   Number         0  stm32f4xx_i2c.o ABSOLUTE
    ..\\STM32F429I-Discovery_FW_V1.0.1\\Libraries\\STM32F4xx_StdPeriph_Driver\\src\\stm32f4xx_ltdc.c 0x00000000   Number         0  stm32f4xx_ltdc.o ABSOLUTE
    ..\\STM32F429I-Discovery_FW_V1.0.1\\Libraries\\STM32F4xx_StdPeriph_Driver\\src\\stm32f4xx_rcc.c 0x00000000   Number         0  stm32f4xx_rcc.o ABSOLUTE
    ..\\STM32F429I-Discovery_FW_V1.0.1\\Libraries\\STM32F4xx_StdPeriph_Driver\\src\\stm32f4xx_rng.c 0x00000000   Number         0  stm32f4xx_rng.o ABSOLUTE
    ..\\STM32F429I-Discovery_FW_V1.0.1\\Libraries\\STM32F4xx_StdPeriph_Driver\\src\\stm32f4xx_spi.c 0x00000000   Number         0  stm32f4xx_spi.o ABSOLUTE
    ..\\STM32F429I-Discovery_FW_V1.0.1\\Libraries\\STM32F4xx_StdPeriph_Driver\\src\\stm32f4xx_syscfg.c 0x00000000   Number         0  stm32f4xx_syscfg.o ABSOLUTE
    ..\\STM32F429I-Discovery_FW_V1.0.1\\Libraries\\STM32F4xx_StdPeriph_Driver\\src\\stm32f4xx_tim.c 0x00000000   Number         0  stm32f4xx_tim.o ABSOLUTE
    ..\\STM32F429I-Discovery_FW_V1.0.1\\Utilities\\STM32F429I-Discovery\\stm32f429i_discovery.c 0x00000000   Number         0  stm32f429i_discovery.o ABSOLUTE
    ..\\STM32F429I-Discovery_FW_V1.0.1\\Utilities\\STM32F429I-Discovery\\stm32f429i_discovery_lcd.c 0x00000000   Number         0  stm32f429i_discovery_lcd.o ABSOLUTE
    ..\\STM32F429I-Discovery_FW_V1.0.1\\Utilities\\STM32F429I-Discovery\\stm32f429i_discovery_sdram.c 0x00000000   Number         0  stm32f429i_discovery_sdram.o ABSOLUTE
    dc.s                                     0x00000000   Number         0  dc.o ABSOLUTE
    src\\eeprom.c                            0x00000000   Number         0  eeprom.o ABSOLUTE
    src\\main.c                              0x00000000   Number         0  main.o ABSOLUTE
    src\\stm32f4xx_it.c                      0x00000000   Number         0  stm32f4xx_it.o ABSOLUTE
    src\\system_stm32f4xx.c                  0x00000000   Number         0  system_stm32f4xx.o ABSOLUTE
    src\eeprom.c                             0x00000000   Number         0  eeprom.o ABSOLUTE
    src\main.c                               0x00000000   Number         0  main.o ABSOLUTE
    src\stm32f4xx_it.c                       0x00000000   Number         0  stm32f4xx_it.o ABSOLUTE
    src\system_stm32f4xx.c                   0x00000000   Number         0  system_stm32f4xx.o ABSOLUTE
    startup_stm32f429_439xx.s                0x00000000   Number         0  startup_stm32f429_439xx.o ABSOLUTE
    RESET                                    0x08000000   Section      428  startup_stm32f429_439xx.o(RESET)
    !!!main                                  0x080001ac   Section        8  __main.o(!!!main)
    !!!scatter                               0x080001b4   Section       52  __scatter.o(!!!scatter)
    !!handler_copy                           0x080001e8   Section       26  __scatter_copy.o(!!handler_copy)
    !!handler_zi                             0x08000204   Section       28  __scatter_zi.o(!!handler_zi)
    .ARM.Collect$$_printf_percent$$00000000  0x08000220   Section        0  _printf_percent.o(.ARM.Collect$$_printf_percent$$00000000)
    .ARM.Collect$$_printf_percent$$00000009  0x08000220   Section        6  _printf_d.o(.ARM.Collect$$_printf_percent$$00000009)
    .ARM.Collect$$_printf_percent$$00000017  0x08000226   Section        4  _printf_percent_end.o(.ARM.Collect$$_printf_percent$$00000017)
    .ARM.Collect$$libinit$$00000000          0x0800022a   Section        2  libinit.o(.ARM.Collect$$libinit$$00000000)
    .ARM.Collect$$libinit$$00000001          0x0800022c   Section        4  libinit2.o(.ARM.Collect$$libinit$$00000001)
    .ARM.Collect$$libinit$$00000008          0x08000230   Section        0  libinit2.o(.ARM.Collect$$libinit$$00000008)
    .ARM.Collect$$libinit$$0000000A          0x08000230   Section        0  libinit2.o(.ARM.Collect$$libinit$$0000000A)
    .ARM.Collect$$libinit$$0000000C          0x08000230   Section        0  libinit2.o(.ARM.Collect$$libinit$$0000000C)
    .ARM.Collect$$libinit$$0000000F          0x08000230   Section        0  libinit2.o(.ARM.Collect$$libinit$$0000000F)
    .ARM.Collect$$libinit$$00000011          0x08000230   Section        0  libinit2.o(.ARM.Collect$$libinit$$00000011)
    .ARM.Collect$$libinit$$00000013          0x08000230   Section        0  libinit2.o(.ARM.Collect$$libinit$$00000013)
    .ARM.Collect$$libinit$$00000015          0x08000230   Section        0  libinit2.o(.ARM.Collect$$libinit$$00000015)
    .ARM.Collect$$libinit$$00000017          0x08000230   Section        0  libinit2.o(.ARM.Collect$$libinit$$00000017)
    .ARM.Collect$$libinit$$00000019          0x08000230   Section        0  libinit2.o(.ARM.Collect$$libinit$$00000019)
    .ARM.Collect$$libinit$$0000001B          0x08000230   Section        0  libinit2.o(.ARM.Collect$$libinit$$0000001B)
    .ARM.Collect$$libinit$$0000001D          0x08000230   Section        0  libinit2.o(.ARM.Collect$$libinit$$0000001D)
    .ARM.Collect$$libinit$$0000001F          0x08000230   Section        0  libinit2.o(.ARM.Collect$$libinit$$0000001F)
    .ARM.Collect$$libinit$$00000021          0x08000230   Section        0  libinit2.o(.ARM.Collect$$libinit$$00000021)
    .ARM.Collect$$libinit$$00000023          0x08000230   Section        0  libinit2.o(.ARM.Collect$$libinit$$00000023)
    .ARM.Collect$$libinit$$0000002A          0x08000230   Section        0  libinit2.o(.ARM.Collect$$libinit$$0000002A)
    .ARM.Collect$$libinit$$0000002C          0x08000230   Section        0  libinit2.o(.ARM.Collect$$libinit$$0000002C)
    .ARM.Collect$$libinit$$0000002E          0x08000230   Section        0  libinit2.o(.ARM.Collect$$libinit$$0000002E)
    .ARM.Collect$$libinit$$00000030          0x08000230   Section        0  libinit2.o(.ARM.Collect$$libinit$$00000030)
    .ARM.Collect$$libinit$$00000031          0x08000230   Section        2  libinit2.o(.ARM.Collect$$libinit$$00000031)
    .ARM.Collect$$libshutdown$$00000000      0x08000232   Section        2  libshutdown.o(.ARM.Collect$$libshutdown$$00000000)
    .ARM.Collect$$libshutdown$$00000003      0x08000234   Section        0  libshutdown2.o(.ARM.Collect$$libshutdown$$00000003)
    .ARM.Collect$$libshutdown$$00000006      0x08000234   Section        0  libshutdown2.o(.ARM.Collect$$libshutdown$$00000006)
    .ARM.Collect$$libshutdown$$00000009      0x08000234   Section        0  libshutdown2.o(.ARM.Collect$$libshutdown$$00000009)
    .ARM.Collect$$libshutdown$$0000000B      0x08000234   Section        0  libshutdown2.o(.ARM.Collect$$libshutdown$$0000000B)
    .ARM.Collect$$libshutdown$$0000000E      0x08000234   Section        0  libshutdown2.o(.ARM.Collect$$libshutdown$$0000000E)
    .ARM.Collect$$libshutdown$$0000000F      0x08000234   Section        2  libshutdown2.o(.ARM.Collect$$libshutdown$$0000000F)
    .ARM.Collect$$rtentry$$00000000          0x08000236   Section        0  rtentry.o(.ARM.Collect$$rtentry$$00000000)
    .ARM.Collect$$rtentry$$00000002          0x08000236   Section        0  rtentry2.o(.ARM.Collect$$rtentry$$00000002)
    .ARM.Collect$$rtentry$$00000004          0x08000236   Section        6  rtentry4.o(.ARM.Collect$$rtentry$$00000004)
    .ARM.Collect$$rtentry$$00000009          0x0800023c   Section        0  rtentry2.o(.ARM.Collect$$rtentry$$00000009)
    .ARM.Collect$$rtentry$$0000000A          0x0800023c   Section        4  rtentry2.o(.ARM.Collect$$rtentry$$0000000A)
    .ARM.Collect$$rtentry$$0000000C          0x08000240   Section        0  rtentry2.o(.ARM.Collect$$rtentry$$0000000C)
    .ARM.Collect$$rtentry$$0000000D          0x08000240   Section        8  rtentry2.o(.ARM.Collect$$rtentry$$0000000D)
    .ARM.Collect$$rtexit$$00000000           0x08000248   Section        2  rtexit.o(.ARM.Collect$$rtexit$$00000000)
    .ARM.Collect$$rtexit$$00000002           0x0800024a   Section        0  rtexit2.o(.ARM.Collect$$rtexit$$00000002)
    .ARM.Collect$$rtexit$$00000003           0x0800024a   Section        4  rtexit2.o(.ARM.Collect$$rtexit$$00000003)
    .ARM.Collect$$rtexit$$00000004           0x0800024e   Section        6  rtexit2.o(.ARM.Collect$$rtexit$$00000004)
    .text                                    0x08000254   Section       64  startup_stm32f429_439xx.o(.text)
    $v0                                      0x08000254   Number         0  startup_stm32f429_439xx.o(.text)
    .text                                    0x08000294   Section        0  noretval__2sprintf.o(.text)
    .text                                    0x080002bc   Section        0  _printf_dec.o(.text)
    .text                                    0x08000334   Section        0  __printf_wp.o(.text)
    .text                                    0x08000442   Section        0  heapauxi.o(.text)
    .text                                    0x08000448   Section        0  _printf_intcommon.o(.text)
    .text                                    0x08000500   Section        0  _printf_char_common.o(.text)
    _printf_input_char                       0x08000501   Thumb Code    10  _printf_char_common.o(.text)
    .text                                    0x08000530   Section        0  _sputc.o(.text)
    .text                                    0x0800053c   Section        8  libspace.o(.text)
    .text                                    0x08000544   Section       74  sys_stackheap_outer.o(.text)
    .text                                    0x0800058e   Section        0  exit.o(.text)
    .text                                    0x0800059c   Section        0  sys_exit.o(.text)
    .text                                    0x080005a8   Section        2  use_no_semi.o(.text)
    .text                                    0x080005aa   Section        0  indicate_semi.o(.text)
    i.BusFault_Handler                       0x080005aa   Section        0  stm32f4xx_it.o(i.BusFault_Handler)
    i.DebugMon_Handler                       0x080005ae   Section        0  stm32f4xx_it.o(i.DebugMon_Handler)
    i.EE_FindValidPage                       0x080005b0   Section        0  eeprom.o(i.EE_FindValidPage)
    EE_FindValidPage                         0x080005b1   Thumb Code    78  eeprom.o(i.EE_FindValidPage)
    i.EE_Format                              0x08000608   Section        0  eeprom.o(i.EE_Format)
    EE_Format                                0x08000609   Thumb Code    54  eeprom.o(i.EE_Format)
    i.EE_Init                                0x08000644   Section        0  eeprom.o(i.EE_Init)
    i.EE_PageTransfer                        0x08000844   Section        0  eeprom.o(i.EE_PageTransfer)
    EE_PageTransfer                          0x08000845   Thumb Code   212  eeprom.o(i.EE_PageTransfer)
    i.EE_ReadVariable                        0x08000928   Section        0  eeprom.o(i.EE_ReadVariable)
    i.EE_VerifyPageFullWriteVariable         0x08000988   Section        0  eeprom.o(i.EE_VerifyPageFullWriteVariable)
    EE_VerifyPageFullWriteVariable           0x08000989   Thumb Code   100  eeprom.o(i.EE_VerifyPageFullWriteVariable)
    i.EE_WriteVariable                       0x080009f4   Section        0  eeprom.o(i.EE_WriteVariable)
    i.EXTI0_IRQHandler                       0x08000a18   Section        0  stm32f4xx_it.o(i.EXTI0_IRQHandler)
    i.EXTI4_IRQHandler                       0x08000a2c   Section        0  stm32f4xx_it.o(i.EXTI4_IRQHandler)
    i.EXTILine14_Config                      0x08000a70   Section        0  main.o(i.EXTILine14_Config)
    EXTILine14_Config                        0x08000a71   Thumb Code   118  main.o(i.EXTILine14_Config)
    i.EXTI_ClearITPendingBit                 0x08000aec   Section        0  stm32f4xx_exti.o(i.EXTI_ClearITPendingBit)
    i.EXTI_GetITStatus                       0x08000af8   Section        0  stm32f4xx_exti.o(i.EXTI_GetITStatus)
    i.EXTI_Init                              0x08000b10   Section        0  stm32f4xx_exti.o(i.EXTI_Init)
    i.FLASH_EraseSector                      0x08000ba4   Section        0  stm32f4xx_flash.o(i.FLASH_EraseSector)
    i.FLASH_GetStatus                        0x08000c2c   Section        0  stm32f4xx_flash.o(i.FLASH_GetStatus)
    i.FLASH_ProgramHalfWord                  0x08000c80   Section        0  stm32f4xx_flash.o(i.FLASH_ProgramHalfWord)
    i.FLASH_Unlock                           0x08000cd0   Section        0  stm32f4xx_flash.o(i.FLASH_Unlock)
    i.FLASH_WaitForLastOperation             0x08000cf4   Section        0  stm32f4xx_flash.o(i.FLASH_WaitForLastOperation)
    i.FMC_GetFlagStatus                      0x08000d18   Section        0  stm32f4xx_fmc.o(i.FMC_GetFlagStatus)
    i.FMC_SDRAMCmdConfig                     0x08000d64   Section        0  stm32f4xx_fmc.o(i.FMC_SDRAMCmdConfig)
    i.FMC_SDRAMInit                          0x08000d84   Section        0  stm32f4xx_fmc.o(i.FMC_SDRAMInit)
    i.FMC_SetRefreshCount                    0x08000e80   Section        0  stm32f4xx_fmc.o(i.FMC_SetRefreshCount)
    i.GPIO_Init                              0x08000e98   Section        0  stm32f4xx_gpio.o(i.GPIO_Init)
    i.GPIO_PinAFConfig                       0x08000f28   Section        0  stm32f4xx_gpio.o(i.GPIO_PinAFConfig)
    i.GPIO_ResetBits                         0x08000f6e   Section        0  stm32f4xx_gpio.o(i.GPIO_ResetBits)
    i.GPIO_SetBits                           0x08000f72   Section        0  stm32f4xx_gpio.o(i.GPIO_SetBits)
    i.GPIO_WriteBit                          0x08000f76   Section        0  stm32f4xx_gpio.o(i.GPIO_WriteBit)
    i.HardFault_Handler                      0x08000f80   Section        0  stm32f4xx_it.o(i.HardFault_Handler)
    i.LCD_AF_GPIOConfig                      0x08000f84   Section        0  stm32f429i_discovery_lcd.o(i.LCD_AF_GPIOConfig)
    LCD_AF_GPIOConfig                        0x08000f85   Thumb Code   334  stm32f429i_discovery_lcd.o(i.LCD_AF_GPIOConfig)
    i.LCD_ChipSelect                         0x080010ec   Section        0  stm32f429i_discovery_lcd.o(i.LCD_ChipSelect)
    i.LCD_Clear                              0x0800110c   Section        0  stm32f429i_discovery_lcd.o(i.LCD_Clear)
    i.LCD_CtrlLinesConfig                    0x0800112c   Section        0  stm32f429i_discovery_lcd.o(i.LCD_CtrlLinesConfig)
    i.LCD_CtrlLinesWrite                     0x0800117c   Section        0  stm32f429i_discovery_lcd.o(i.LCD_CtrlLinesWrite)
    i.LCD_DisplayChar                        0x08001190   Section        0  stm32f429i_discovery_lcd.o(i.LCD_DisplayChar)
    i.LCD_DisplayStringLine                  0x080011c0   Section        0  stm32f429i_discovery_lcd.o(i.LCD_DisplayStringLine)
    i.LCD_DrawChar                           0x08001214   Section        0  stm32f429i_discovery_lcd.o(i.LCD_DrawChar)
    i.LCD_GetFont                            0x080012ec   Section        0  stm32f429i_discovery_lcd.o(i.LCD_GetFont)
    i.LCD_Init                               0x080012f8   Section        0  stm32f429i_discovery_lcd.o(i.LCD_Init)
    i.LCD_LayerInit                          0x08001394   Section        0  stm32f429i_discovery_lcd.o(i.LCD_LayerInit)
    i.LCD_PowerOn                            0x08001438   Section        0  stm32f429i_discovery_lcd.o(i.LCD_PowerOn)
    i.LCD_SPIConfig                          0x080016c4   Section        0  stm32f429i_discovery_lcd.o(i.LCD_SPIConfig)
    i.LCD_SetFont                            0x08001798   Section        0  stm32f429i_discovery_lcd.o(i.LCD_SetFont)
    i.LCD_SetLayer                           0x080017a4   Section        0  stm32f429i_discovery_lcd.o(i.LCD_SetLayer)
    i.LCD_WriteCommand                       0x080017d0   Section        0  stm32f429i_discovery_lcd.o(i.LCD_WriteCommand)
    i.LCD_WriteData                          0x0800181c   Section        0  stm32f429i_discovery_lcd.o(i.LCD_WriteData)
    i.LED_Config                             0x08001864   Section        0  main.o(i.LED_Config)
    i.LTDC_Cmd                               0x08001880   Section        0  stm32f4xx_ltdc.o(i.LTDC_Cmd)
    i.LTDC_DitherCmd                         0x080018a4   Section        0  stm32f4xx_ltdc.o(i.LTDC_DitherCmd)
    i.LTDC_Init                              0x080018c8   Section        0  stm32f4xx_ltdc.o(i.LTDC_Init)
    i.LTDC_LayerCmd                          0x08001a50   Section        0  stm32f4xx_ltdc.o(i.LTDC_LayerCmd)
    i.LTDC_LayerInit                         0x08001a66   Section        0  stm32f4xx_ltdc.o(i.LTDC_LayerInit)
    i.LTDC_ReloadConfig                      0x08001b7c   Section        0  stm32f4xx_ltdc.o(i.LTDC_ReloadConfig)
    i.MemManage_Handler                      0x08001b88   Section        0  stm32f4xx_it.o(i.MemManage_Handler)
    i.NMI_Handler                            0x08001b8c   Section        0  stm32f4xx_it.o(i.NMI_Handler)
    i.NVIC_Init                              0x08001b90   Section        0  misc.o(i.NVIC_Init)
    i.PB_Config                              0x08001c08   Section        0  main.o(i.PB_Config)
    i.PendSV_Handler                         0x08001c14   Section        0  stm32f4xx_it.o(i.PendSV_Handler)
    i.RCC_AHB1PeriphClockCmd                 0x08001c18   Section        0  stm32f4xx_rcc.o(i.RCC_AHB1PeriphClockCmd)
    i.RCC_AHB2PeriphClockCmd                 0x08001c38   Section        0  stm32f4xx_rcc.o(i.RCC_AHB2PeriphClockCmd)
    i.RCC_AHB3PeriphClockCmd                 0x08001c58   Section        0  stm32f4xx_rcc.o(i.RCC_AHB3PeriphClockCmd)
    i.RCC_APB1PeriphClockCmd                 0x08001c78   Section        0  stm32f4xx_rcc.o(i.RCC_APB1PeriphClockCmd)
    i.RCC_APB1PeriphResetCmd                 0x08001c98   Section        0  stm32f4xx_rcc.o(i.RCC_APB1PeriphResetCmd)
    i.RCC_APB2PeriphClockCmd                 0x08001cb8   Section        0  stm32f4xx_rcc.o(i.RCC_APB2PeriphClockCmd)
    i.RCC_APB2PeriphResetCmd                 0x08001cd8   Section        0  stm32f4xx_rcc.o(i.RCC_APB2PeriphResetCmd)
    i.RCC_GetFlagStatus                      0x08001cf8   Section        0  stm32f4xx_rcc.o(i.RCC_GetFlagStatus)
    i.RCC_LTDCCLKDivConfig                   0x08001d38   Section        0  stm32f4xx_rcc.o(i.RCC_LTDCCLKDivConfig)
    i.RCC_PLLSAICmd                          0x08001d50   Section        0  stm32f4xx_rcc.o(i.RCC_PLLSAICmd)
    i.RCC_PLLSAIConfig                       0x08001d5c   Section        0  stm32f4xx_rcc.o(i.RCC_PLLSAIConfig)
    i.RNG_Cmd                                0x08001d74   Section        0  stm32f4xx_rng.o(i.RNG_Cmd)
    i.RNG_Config                             0x08001d98   Section        0  main.o(i.RNG_Config)
    i.RNG_GetRandomNumber                    0x08001dac   Section        0  stm32f4xx_rng.o(i.RNG_GetRandomNumber)
    i.SDRAM_GPIOConfig                       0x08001db8   Section        0  stm32f429i_discovery_sdram.o(i.SDRAM_GPIOConfig)
    i.SDRAM_Init                             0x08001fbc   Section        0  stm32f429i_discovery_sdram.o(i.SDRAM_Init)
    i.SDRAM_InitSequence                     0x08002024   Section        0  stm32f429i_discovery_sdram.o(i.SDRAM_InitSequence)
    i.SPI_Cmd                                0x080020ec   Section        0  stm32f4xx_spi.o(i.SPI_Cmd)
    i.SPI_I2S_DeInit                         0x08002104   Section        0  stm32f4xx_spi.o(i.SPI_I2S_DeInit)
    i.SPI_I2S_GetFlagStatus                  0x080021b4   Section        0  stm32f4xx_spi.o(i.SPI_I2S_GetFlagStatus)
    i.SPI_I2S_SendData                       0x080021c6   Section        0  stm32f4xx_spi.o(i.SPI_I2S_SendData)
    i.SPI_Init                               0x080021ca   Section        0  stm32f4xx_spi.o(i.SPI_Init)
    i.STM_EVAL_LEDInit                       0x08002208   Section        0  stm32f429i_discovery.o(i.STM_EVAL_LEDInit)
    i.STM_EVAL_LEDOff                        0x08002254   Section        0  stm32f429i_discovery.o(i.STM_EVAL_LEDOff)
    i.STM_EVAL_LEDOn                         0x0800226c   Section        0  stm32f429i_discovery.o(i.STM_EVAL_LEDOn)
    i.STM_EVAL_LEDToggle                     0x08002284   Section        0  stm32f429i_discovery.o(i.STM_EVAL_LEDToggle)
    i.STM_EVAL_PBInit                        0x080022a8   Section        0  stm32f429i_discovery.o(i.STM_EVAL_PBInit)
    i.SVC_Handler                            0x08002354   Section        0  stm32f4xx_it.o(i.SVC_Handler)
    i.SYSCFG_EXTILineConfig                  0x08002358   Section        0  stm32f4xx_syscfg.o(i.SYSCFG_EXTILineConfig)
    i.SetSysClock                            0x08002398   Section        0  system_stm32f4xx.o(i.SetSysClock)
    SetSysClock                              0x08002399   Thumb Code   268  system_stm32f4xx.o(i.SetSysClock)
    i.SysTick_Handler                        0x080024b4   Section        0  stm32f4xx_it.o(i.SysTick_Handler)
    i.SystemInit                             0x080024b8   Section        0  system_stm32f4xx.o(i.SystemInit)
    i.TIM3_Config                            0x08002520   Section        0  main.o(i.TIM3_Config)
    i.TIM3_IRQHandler                        0x08002570   Section        0  stm32f4xx_it.o(i.TIM3_IRQHandler)
    i.TIM3_OCConfig                          0x08002614   Section        0  main.o(i.TIM3_OCConfig)
    i.TIM_ClearITPendingBit                  0x0800264c   Section        0  stm32f4xx_tim.o(i.TIM_ClearITPendingBit)
    i.TIM_Cmd                                0x08002652   Section        0  stm32f4xx_tim.o(i.TIM_Cmd)
    i.TIM_GetITStatus                        0x0800266a   Section        0  stm32f4xx_tim.o(i.TIM_GetITStatus)
    i.TIM_ITConfig                           0x0800268c   Section        0  stm32f4xx_tim.o(i.TIM_ITConfig)
    i.TIM_OC1Init                            0x080026a0   Section        0  stm32f4xx_tim.o(i.TIM_OC1Init)
    i.TIM_OC1PreloadConfig                   0x0800271c   Section        0  stm32f4xx_tim.o(i.TIM_OC1PreloadConfig)
    i.TIM_SetCounter                         0x0800272e   Section        0  stm32f4xx_tim.o(i.TIM_SetCounter)
    i.TIM_TimeBaseInit                       0x08002734   Section        0  stm32f4xx_tim.o(i.TIM_TimeBaseInit)
    i.UsageFault_Handler                     0x080027b8   Section        0  stm32f4xx_it.o(i.UsageFault_Handler)
    i._is_digit                              0x080027bc   Section        0  __printf_wp.o(i._is_digit)
    i.delay                                  0x080027ca   Section        0  stm32f429i_discovery_lcd.o(i.delay)
    delay                                    0x080027cb   Thumb Code    28  stm32f429i_discovery_lcd.o(i.delay)
    i.delay                                  0x080027e8   Section        0  stm32f429i_discovery_sdram.o(i.delay)
    delay                                    0x080027e9   Thumb Code    32  stm32f429i_discovery_sdram.o(i.delay)
    i.main                                   0x0800280c   Section        0  main.o(i.main)
    x$fpl$fpinit                             0x08002aec   Section       10  fpinit.o(x$fpl$fpinit)
    $v0                                      0x08002aec   Number         0  fpinit.o(x$fpl$fpinit)
    .constdata                               0x08002af8   Section       25  stm32f429i_discovery.o(.constdata)
    .constdata                               0x08002b12   Section    10704  stm32f429i_discovery_lcd.o(.constdata)
    .data                                    0x20000000   Section       42  main.o(.data)
    .data                                    0x2000002c   Section       20  system_stm32f4xx.o(.data)
    .data                                    0x20000040   Section        2  eeprom.o(.data)
    .data                                    0x20000044   Section       16  stm32f429i_discovery.o(.data)
    .data                                    0x20000054   Section       48  stm32f429i_discovery_lcd.o(.data)
    CurrentTextColor                         0x20000074   Data           2  stm32f429i_discovery_lcd.o(.data)
    CurrentBackColor                         0x20000076   Data           2  stm32f429i_discovery_lcd.o(.data)
    CurrentFrameBuffer                       0x20000078   Data           4  stm32f429i_discovery_lcd.o(.data)
    CurrentLayer                             0x2000007c   Data           4  stm32f429i_discovery_lcd.o(.data)
    LCD_Currentfonts                         0x20000080   Data           4  stm32f429i_discovery_lcd.o(.data)
    .bss                                     0x20000084   Section       66  main.o(.bss)
    .bss                                     0x200000c8   Section       96  libspace.o(.bss)
    HEAP                                     0x20000128   Section      512  startup_stm32f429_439xx.o(HEAP)
    Heap_Mem                                 0x20000128   Data         512  startup_stm32f429_439xx.o(HEAP)
    STACK                                    0x20000328   Section     1024  startup_stm32f429_439xx.o(STACK)
    Stack_Mem                                0x20000328   Data        1024  startup_stm32f429_439xx.o(STACK)
    __initial_sp                             0x20000728   Data           0  startup_stm32f429_439xx.o(STACK)

    Global Symbols

    Symbol Name                              Value     Ov Type        Size  Object(Section)

    BuildAttributes$$THM_ISAv4$E$P$D$K$B$S$7EM$VFPi3$EXTD16$VFPS$VFMA$PE$A:L22UL41UL21$X:L11$S22US41US21$IEEE1$IW$USESV6$~STKCKD$USESV7$~SHL$OTIME$ROPI$IEEEJ$EBA8$UX$STANDARDLIB$REQ8$PRES8$EABIv2 0x00000000   Number         0  anon$$obj.o ABSOLUTE
    __ARM_use_no_argv                        0x00000000   Number         0  main.o ABSOLUTE
    _printf_flags                            0x00000000   Number         0  printf_stubs.o ABSOLUTE
    _printf_return_value                     0x00000000   Number         0  printf_stubs.o ABSOLUTE
    _printf_sizespec                         0x00000000   Number         0  printf_stubs.o ABSOLUTE
    _printf_widthprec                        0x00000000   Number         0  printf_stubs.o ABSOLUTE
    __ARM_exceptions_init                     - Undefined Weak Reference
    __alloca_initialize                       - Undefined Weak Reference
    __cpp_initialize__aeabi_                  - Undefined Weak Reference
    __cxa_finalize                            - Undefined Weak Reference
    __sigvec_lookup                           - Undefined Weak Reference
    _atexit_init                              - Undefined Weak Reference
    _call_atexit_fns                          - Undefined Weak Reference
    _clock_init                               - Undefined Weak Reference
    _fp_trap_init                             - Undefined Weak Reference
    _fp_trap_shutdown                         - Undefined Weak Reference
    _get_lc_collate                           - Undefined Weak Reference
    _get_lc_ctype                             - Undefined Weak Reference
    _get_lc_monetary                          - Undefined Weak Reference
    _get_lc_time                              - Undefined Weak Reference
    _getenv_init                              - Undefined Weak Reference
    _handle_redirection                       - Undefined Weak Reference
    _init_alloc                               - Undefined Weak Reference
    _init_user_alloc                          - Undefined Weak Reference
    _initio                                   - Undefined Weak Reference
    _printf_post_padding                      - Undefined Weak Reference
    _printf_pre_padding                       - Undefined Weak Reference
    _printf_truncate_signed                   - Undefined Weak Reference
    _printf_truncate_unsigned                 - Undefined Weak Reference
    _rand_init                                - Undefined Weak Reference
    _signal_finish                            - Undefined Weak Reference
    _signal_init                              - Undefined Weak Reference
    _terminate_alloc                          - Undefined Weak Reference
    _terminate_user_alloc                     - Undefined Weak Reference
    _terminateio                              - Undefined Weak Reference
    __Vectors_Size                           0x000001ac   Number         0  startup_stm32f429_439xx.o ABSOLUTE
    __Vectors                                0x08000000   Data           4  startup_stm32f429_439xx.o(RESET)
    __Vectors_End                            0x080001ac   Data           0  startup_stm32f429_439xx.o(RESET)
    __main                                   0x080001ad   Thumb Code     8  __main.o(!!!main)
    __scatterload                            0x080001b5   Thumb Code     0  __scatter.o(!!!scatter)
    __scatterload_rt2                        0x080001b5   Thumb Code    44  __scatter.o(!!!scatter)
    __scatterload_rt2_thumb_only             0x080001b5   Thumb Code     0  __scatter.o(!!!scatter)
    __scatterload_null                       0x080001c3   Thumb Code     0  __scatter.o(!!!scatter)
    __scatterload_copy                       0x080001e9   Thumb Code    26  __scatter_copy.o(!!handler_copy)
    __scatterload_zeroinit                   0x08000205   Thumb Code    28  __scatter_zi.o(!!handler_zi)
    _printf_d                                0x08000221   Thumb Code     0  _printf_d.o(.ARM.Collect$$_printf_percent$$00000009)
    _printf_percent                          0x08000221   Thumb Code     0  _printf_percent.o(.ARM.Collect$$_printf_percent$$00000000)
    _printf_percent_end                      0x08000227   Thumb Code     0  _printf_percent_end.o(.ARM.Collect$$_printf_percent$$00000017)
    __rt_lib_init                            0x0800022b   Thumb Code     0  libinit.o(.ARM.Collect$$libinit$$00000000)
    __rt_lib_init_fp_1                       0x0800022d   Thumb Code     0  libinit2.o(.ARM.Collect$$libinit$$00000001)
    __rt_lib_init_alloca_1                   0x08000231   Thumb Code     0  libinit2.o(.ARM.Collect$$libinit$$0000002C)
    __rt_lib_init_argv_1                     0x08000231   Thumb Code     0  libinit2.o(.ARM.Collect$$libinit$$0000002A)
    __rt_lib_init_atexit_1                   0x08000231   Thumb Code     0  libinit2.o(.ARM.Collect$$libinit$$00000019)
    __rt_lib_init_clock_1                    0x08000231   Thumb Code     0  libinit2.o(.ARM.Collect$$libinit$$0000001F)
    __rt_lib_init_cpp_1                      0x08000231   Thumb Code     0  libinit2.o(.ARM.Collect$$libinit$$00000030)
    __rt_lib_init_exceptions_1               0x08000231   Thumb Code     0  libinit2.o(.ARM.Collect$$libinit$$0000002E)
    __rt_lib_init_fp_trap_1                  0x08000231   Thumb Code     0  libinit2.o(.ARM.Collect$$libinit$$0000001D)
    __rt_lib_init_getenv_1                   0x08000231   Thumb Code     0  libinit2.o(.ARM.Collect$$libinit$$00000021)
    __rt_lib_init_heap_1                     0x08000231   Thumb Code     0  libinit2.o(.ARM.Collect$$libinit$$00000008)
    __rt_lib_init_lc_collate_1               0x08000231   Thumb Code     0  libinit2.o(.ARM.Collect$$libinit$$0000000F)
    __rt_lib_init_lc_ctype_1                 0x08000231   Thumb Code     0  libinit2.o(.ARM.Collect$$libinit$$00000011)
    __rt_lib_init_lc_monetary_1              0x08000231   Thumb Code     0  libinit2.o(.ARM.Collect$$libinit$$00000013)
    __rt_lib_init_lc_numeric_1               0x08000231   Thumb Code     0  libinit2.o(.ARM.Collect$$libinit$$00000015)
    __rt_lib_init_lc_time_1                  0x08000231   Thumb Code     0  libinit2.o(.ARM.Collect$$libinit$$00000017)
    __rt_lib_init_rand_1                     0x08000231   Thumb Code     0  libinit2.o(.ARM.Collect$$libinit$$0000000C)
    __rt_lib_init_return                     0x08000231   Thumb Code     0  libinit2.o(.ARM.Collect$$libinit$$00000031)
    __rt_lib_init_signal_1                   0x08000231   Thumb Code     0  libinit2.o(.ARM.Collect$$libinit$$0000001B)
    __rt_lib_init_stdio_1                    0x08000231   Thumb Code     0  libinit2.o(.ARM.Collect$$libinit$$00000023)
    __rt_lib_init_user_alloc_1               0x08000231   Thumb Code     0  libinit2.o(.ARM.Collect$$libinit$$0000000A)
    __rt_lib_shutdown                        0x08000233   Thumb Code     0  libshutdown.o(.ARM.Collect$$libshutdown$$00000000)
    __rt_lib_shutdown_fp_trap_1              0x08000235   Thumb Code     0  libshutdown2.o(.ARM.Collect$$libshutdown$$00000006)
    __rt_lib_shutdown_heap_1                 0x08000235   Thumb Code     0  libshutdown2.o(.ARM.Collect$$libshutdown$$0000000E)
    __rt_lib_shutdown_return                 0x08000235   Thumb Code     0  libshutdown2.o(.ARM.Collect$$libshutdown$$0000000F)
    __rt_lib_shutdown_signal_1               0x08000235   Thumb Code     0  libshutdown2.o(.ARM.Collect$$libshutdown$$00000009)
    __rt_lib_shutdown_stdio_1                0x08000235   Thumb Code     0  libshutdown2.o(.ARM.Collect$$libshutdown$$00000003)
    __rt_lib_shutdown_user_alloc_1           0x08000235   Thumb Code     0  libshutdown2.o(.ARM.Collect$$libshutdown$$0000000B)
    __rt_entry                               0x08000237   Thumb Code     0  rtentry.o(.ARM.Collect$$rtentry$$00000000)
    __rt_entry_presh_1                       0x08000237   Thumb Code     0  rtentry2.o(.ARM.Collect$$rtentry$$00000002)
    __rt_entry_sh                            0x08000237   Thumb Code     0  rtentry4.o(.ARM.Collect$$rtentry$$00000004)
    __rt_entry_li                            0x0800023d   Thumb Code     0  rtentry2.o(.ARM.Collect$$rtentry$$0000000A)
    __rt_entry_postsh_1                      0x0800023d   Thumb Code     0  rtentry2.o(.ARM.Collect$$rtentry$$00000009)
    __rt_entry_main                          0x08000241   Thumb Code     0  rtentry2.o(.ARM.Collect$$rtentry$$0000000D)
    __rt_entry_postli_1                      0x08000241   Thumb Code     0  rtentry2.o(.ARM.Collect$$rtentry$$0000000C)
    __rt_exit                                0x08000249   Thumb Code     0  rtexit.o(.ARM.Collect$$rtexit$$00000000)
    __rt_exit_ls                             0x0800024b   Thumb Code     0  rtexit2.o(.ARM.Collect$$rtexit$$00000003)
    __rt_exit_prels_1                        0x0800024b   Thumb Code     0  rtexit2.o(.ARM.Collect$$rtexit$$00000002)
    __rt_exit_exit                           0x0800024f   Thumb Code     0  rtexit2.o(.ARM.Collect$$rtexit$$00000004)
    Reset_Handler                            0x08000255   Thumb Code     8  startup_stm32f429_439xx.o(.text)
    ADC_IRQHandler                           0x0800026f   Thumb Code     0  startup_stm32f429_439xx.o(.text)
    CAN1_RX0_IRQHandler                      0x0800026f   Thumb Code     0  startup_stm32f429_439xx.o(.text)
    CAN1_RX1_IRQHandler                      0x0800026f   Thumb Code     0  startup_stm32f429_439xx.o(.text)
    CAN1_SCE_IRQHandler                      0x0800026f   Thumb Code     0  startup_stm32f429_439xx.o(.text)
    CAN1_TX_IRQHandler                       0x0800026f   Thumb Code     0  startup_stm32f429_439xx.o(.text)
    CAN2_RX0_IRQHandler                      0x0800026f   Thumb Code     0  startup_stm32f429_439xx.o(.text)
    CAN2_RX1_IRQHandler                      0x0800026f   Thumb Code     0  startup_stm32f429_439xx.o(.text)
    CAN2_SCE_IRQHandler                      0x0800026f   Thumb Code     0  startup_stm32f429_439xx.o(.text)
    CAN2_TX_IRQHandler                       0x0800026f   Thumb Code     0  startup_stm32f429_439xx.o(.text)
    CRYP_IRQHandler                          0x0800026f   Thumb Code     0  startup_stm32f429_439xx.o(.text)
    DCMI_IRQHandler                          0x0800026f   Thumb Code     0  startup_stm32f429_439xx.o(.text)
    DMA1_Stream0_IRQHandler                  0x0800026f   Thumb Code     0  startup_stm32f429_439xx.o(.text)
    DMA1_Stream1_IRQHandler                  0x0800026f   Thumb Code     0  startup_stm32f429_439xx.o(.text)
    DMA1_Stream2_IRQHandler                  0x0800026f   Thumb Code     0  startup_stm32f429_439xx.o(.text)
    DMA1_Stream3_IRQHandler                  0x0800026f   Thumb Code     0  startup_stm32f429_439xx.o(.text)
    DMA1_Stream4_IRQHandler                  0x0800026f   Thumb Code     0  startup_stm32f429_439xx.o(.text)
    DMA1_Stream5_IRQHandler                  0x0800026f   Thumb Code     0  startup_stm32f429_439xx.o(.text)
    DMA1_Stream6_IRQHandler                  0x0800026f   Thumb Code     0  startup_stm32f429_439xx.o(.text)
    DMA1_Stream7_IRQHandler                  0x0800026f   Thumb Code     0  startup_stm32f429_439xx.o(.text)
    DMA2D_IRQHandler                         0x0800026f   Thumb Code     0  startup_stm32f429_439xx.o(.text)
    DMA2_Stream0_IRQHandler                  0x0800026f   Thumb Code     0  startup_stm32f429_439xx.o(.text)
    DMA2_Stream1_IRQHandler                  0x0800026f   Thumb Code     0  startup_stm32f429_439xx.o(.text)
    DMA2_Stream2_IRQHandler                  0x0800026f   Thumb Code     0  startup_stm32f429_439xx.o(.text)
    DMA2_Stream3_IRQHandler                  0x0800026f   Thumb Code     0  startup_stm32f429_439xx.o(.text)
    DMA2_Stream4_IRQHandler                  0x0800026f   Thumb Code     0  startup_stm32f429_439xx.o(.text)
    DMA2_Stream5_IRQHandler                  0x0800026f   Thumb Code     0  startup_stm32f429_439xx.o(.text)
    DMA2_Stream6_IRQHandler                  0x0800026f   Thumb Code     0  startup_stm32f429_439xx.o(.text)
    DMA2_Stream7_IRQHandler                  0x0800026f   Thumb Code     0  startup_stm32f429_439xx.o(.text)
    ETH_IRQHandler                           0x0800026f   Thumb Code     0  startup_stm32f429_439xx.o(.text)
    ETH_WKUP_IRQHandler                      0x0800026f   Thumb Code     0  startup_stm32f429_439xx.o(.text)
    EXTI15_10_IRQHandler                     0x0800026f   Thumb Code     0  startup_stm32f429_439xx.o(.text)
    EXTI1_IRQHandler                         0x0800026f   Thumb Code     0  startup_stm32f429_439xx.o(.text)
    EXTI2_IRQHandler                         0x0800026f   Thumb Code     0  startup_stm32f429_439xx.o(.text)
    EXTI3_IRQHandler                         0x0800026f   Thumb Code     0  startup_stm32f429_439xx.o(.text)
    EXTI9_5_IRQHandler                       0x0800026f   Thumb Code     0  startup_stm32f429_439xx.o(.text)
    FLASH_IRQHandler                         0x0800026f   Thumb Code     0  startup_stm32f429_439xx.o(.text)
    FMC_IRQHandler                           0x0800026f   Thumb Code     0  startup_stm32f429_439xx.o(.text)
    FPU_IRQHandler                           0x0800026f   Thumb Code     0  startup_stm32f429_439xx.o(.text)
    HASH_RNG_IRQHandler                      0x0800026f   Thumb Code     0  startup_stm32f429_439xx.o(.text)
    I2C1_ER_IRQHandler                       0x0800026f   Thumb Code     0  startup_stm32f429_439xx.o(.text)
    I2C1_EV_IRQHandler                       0x0800026f   Thumb Code     0  startup_stm32f429_439xx.o(.text)
    I2C2_ER_IRQHandler                       0x0800026f   Thumb Code     0  startup_stm32f429_439xx.o(.text)
    I2C2_EV_IRQHandler                       0x0800026f   Thumb Code     0  startup_stm32f429_439xx.o(.text)
    I2C3_ER_IRQHandler                       0x0800026f   Thumb Code     0  startup_stm32f429_439xx.o(.text)
    I2C3_EV_IRQHandler                       0x0800026f   Thumb Code     0  startup_stm32f429_439xx.o(.text)
    LTDC_ER_IRQHandler                       0x0800026f   Thumb Code     0  startup_stm32f429_439xx.o(.text)
    LTDC_IRQHandler                          0x0800026f   Thumb Code     0  startup_stm32f429_439xx.o(.text)
    OTG_FS_IRQHandler                        0x0800026f   Thumb Code     0  startup_stm32f429_439xx.o(.text)
    OTG_FS_WKUP_IRQHandler                   0x0800026f   Thumb Code     0  startup_stm32f429_439xx.o(.text)
    OTG_HS_EP1_IN_IRQHandler                 0x0800026f   Thumb Code     0  startup_stm32f429_439xx.o(.text)
    OTG_HS_EP1_OUT_IRQHandler                0x0800026f   Thumb Code     0  startup_stm32f429_439xx.o(.text)
    OTG_HS_IRQHandler                        0x0800026f   Thumb Code     0  startup_stm32f429_439xx.o(.text)
    OTG_HS_WKUP_IRQHandler                   0x0800026f   Thumb Code     0  startup_stm32f429_439xx.o(.text)
    PVD_IRQHandler                           0x0800026f   Thumb Code     0  startup_stm32f429_439xx.o(.text)
    RCC_IRQHandler                           0x0800026f   Thumb Code     0  startup_stm32f429_439xx.o(.text)
    RTC_Alarm_IRQHandler                     0x0800026f   Thumb Code     0  startup_stm32f429_439xx.o(.text)
    RTC_WKUP_IRQHandler                      0x0800026f   Thumb Code     0  startup_stm32f429_439xx.o(.text)
    SAI1_IRQHandler                          0x0800026f   Thumb Code     0  startup_stm32f429_439xx.o(.text)
    SDIO_IRQHandler                          0x0800026f   Thumb Code     0  startup_stm32f429_439xx.o(.text)
    SPI1_IRQHandler                          0x0800026f   Thumb Code     0  startup_stm32f429_439xx.o(.text)
    SPI2_IRQHandler                          0x0800026f   Thumb Code     0  startup_stm32f429_439xx.o(.text)
    SPI3_IRQHandler                          0x0800026f   Thumb Code     0  startup_stm32f429_439xx.o(.text)
    SPI4_IRQHandler                          0x0800026f   Thumb Code     0  startup_stm32f429_439xx.o(.text)
    SPI5_IRQHandler                          0x0800026f   Thumb Code     0  startup_stm32f429_439xx.o(.text)
    SPI6_IRQHandler                          0x0800026f   Thumb Code     0  startup_stm32f429_439xx.o(.text)
    TAMP_STAMP_IRQHandler                    0x0800026f   Thumb Code     0  startup_stm32f429_439xx.o(.text)
    TIM1_BRK_TIM9_IRQHandler                 0x0800026f   Thumb Code     0  startup_stm32f429_439xx.o(.text)
    TIM1_CC_IRQHandler                       0x0800026f   Thumb Code     0  startup_stm32f429_439xx.o(.text)
    TIM1_TRG_COM_TIM11_IRQHandler            0x0800026f   Thumb Code     0  startup_stm32f429_439xx.o(.text)
    TIM1_UP_TIM10_IRQHandler                 0x0800026f   Thumb Code     0  startup_stm32f429_439xx.o(.text)
    TIM2_IRQHandler                          0x0800026f   Thumb Code     0  startup_stm32f429_439xx.o(.text)
    TIM4_IRQHandler                          0x0800026f   Thumb Code     0  startup_stm32f429_439xx.o(.text)
    TIM5_IRQHandler                          0x0800026f   Thumb Code     0  startup_stm32f429_439xx.o(.text)
    TIM6_DAC_IRQHandler                      0x0800026f   Thumb Code     0  startup_stm32f429_439xx.o(.text)
    TIM7_IRQHandler                          0x0800026f   Thumb Code     0  startup_stm32f429_439xx.o(.text)
    TIM8_BRK_TIM12_IRQHandler                0x0800026f   Thumb Code     0  startup_stm32f429_439xx.o(.text)
    TIM8_CC_IRQHandler                       0x0800026f   Thumb Code     0  startup_stm32f429_439xx.o(.text)
    TIM8_TRG_COM_TIM14_IRQHandler            0x0800026f   Thumb Code     0  startup_stm32f429_439xx.o(.text)
    TIM8_UP_TIM13_IRQHandler                 0x0800026f   Thumb Code     0  startup_stm32f429_439xx.o(.text)
    UART4_IRQHandler                         0x0800026f   Thumb Code     0  startup_stm32f429_439xx.o(.text)
    UART5_IRQHandler                         0x0800026f   Thumb Code     0  startup_stm32f429_439xx.o(.text)
    UART7_IRQHandler                         0x0800026f   Thumb Code     0  startup_stm32f429_439xx.o(.text)
    UART8_IRQHandler                         0x0800026f   Thumb Code     0  startup_stm32f429_439xx.o(.text)
    USART1_IRQHandler                        0x0800026f   Thumb Code     0  startup_stm32f429_439xx.o(.text)
    USART2_IRQHandler                        0x0800026f   Thumb Code     0  startup_stm32f429_439xx.o(.text)
    USART3_IRQHandler                        0x0800026f   Thumb Code     0  startup_stm32f429_439xx.o(.text)
    USART6_IRQHandler                        0x0800026f   Thumb Code     0  startup_stm32f429_439xx.o(.text)
    WWDG_IRQHandler                          0x0800026f   Thumb Code     0  startup_stm32f429_439xx.o(.text)
    __user_initial_stackheap                 0x08000271   Thumb Code     0  startup_stm32f429_439xx.o(.text)
    __2sprintf                               0x08000295   Thumb Code    34  noretval__2sprintf.o(.text)
    _printf_int_dec                          0x080002bd   Thumb Code   102  _printf_dec.o(.text)
    __printf                                 0x08000335   Thumb Code   270  __printf_wp.o(.text)
    __use_two_region_memory                  0x08000443   Thumb Code     2  heapauxi.o(.text)
    __rt_heap_escrow$2region                 0x08000445   Thumb Code     2  heapauxi.o(.text)
    __rt_heap_expand$2region                 0x08000447   Thumb Code     2  heapauxi.o(.text)
    _printf_int_common                       0x08000449   Thumb Code   184  _printf_intcommon.o(.text)
    _printf_char_common                      0x0800050b   Thumb Code    32  _printf_char_common.o(.text)
    _sputc                                   0x08000531   Thumb Code    10  _sputc.o(.text)
    __user_libspace                          0x0800053d   Thumb Code     8  libspace.o(.text)
    __user_perproc_libspace                  0x0800053d   Thumb Code     0  libspace.o(.text)
    __user_perthread_libspace                0x0800053d   Thumb Code     0  libspace.o(.text)
    __user_setup_stackheap                   0x08000545   Thumb Code    74  sys_stackheap_outer.o(.text)
    exit                                     0x0800058f   Thumb Code    12  exit.o(.text)
    _sys_exit                                0x0800059d   Thumb Code     8  sys_exit.o(.text)
    __I$use$semihosting                      0x080005a9   Thumb Code     0  use_no_semi.o(.text)
    __use_no_semihosting_swi                 0x080005a9   Thumb Code     2  use_no_semi.o(.text)
    BusFault_Handler                         0x080005ab   Thumb Code     4  stm32f4xx_it.o(i.BusFault_Handler)
    __semihosting_library_function           0x080005ab   Thumb Code     0  indicate_semi.o(.text)
    DebugMon_Handler                         0x080005af   Thumb Code     2  stm32f4xx_it.o(i.DebugMon_Handler)
    EE_Init                                  0x08000645   Thumb Code   496  eeprom.o(i.EE_Init)
    EE_ReadVariable                          0x08000929   Thumb Code    92  eeprom.o(i.EE_ReadVariable)
    EE_WriteVariable                         0x080009f5   Thumb Code    36  eeprom.o(i.EE_WriteVariable)
    EXTI0_IRQHandler                         0x08000a19   Thumb Code    14  stm32f4xx_it.o(i.EXTI0_IRQHandler)
    EXTI4_IRQHandler                         0x08000a2d   Thumb Code    48  stm32f4xx_it.o(i.EXTI4_IRQHandler)
    EXTI_ClearITPendingBit                   0x08000aed   Thumb Code     6  stm32f4xx_exti.o(i.EXTI_ClearITPendingBit)
    EXTI_GetITStatus                         0x08000af9   Thumb Code    20  stm32f4xx_exti.o(i.EXTI_GetITStatus)
    EXTI_Init                                0x08000b11   Thumb Code   142  stm32f4xx_exti.o(i.EXTI_Init)
    FLASH_EraseSector                        0x08000ba5   Thumb Code   130  stm32f4xx_flash.o(i.FLASH_EraseSector)
    FLASH_GetStatus                          0x08000c2d   Thumb Code    80  stm32f4xx_flash.o(i.FLASH_GetStatus)
    FLASH_ProgramHalfWord                    0x08000c81   Thumb Code    74  stm32f4xx_flash.o(i.FLASH_ProgramHalfWord)
    FLASH_Unlock                             0x08000cd1   Thumb Code    24  stm32f4xx_flash.o(i.FLASH_Unlock)
    FLASH_WaitForLastOperation               0x08000cf5   Thumb Code    34  stm32f4xx_flash.o(i.FLASH_WaitForLastOperation)
    FMC_GetFlagStatus                        0x08000d19   Thumb Code    64  stm32f4xx_fmc.o(i.FMC_GetFlagStatus)
    FMC_SDRAMCmdConfig                       0x08000d65   Thumb Code    28  stm32f4xx_fmc.o(i.FMC_SDRAMCmdConfig)
    FMC_SDRAMInit                            0x08000d85   Thumb Code   244  stm32f4xx_fmc.o(i.FMC_SDRAMInit)
    FMC_SetRefreshCount                      0x08000e81   Thumb Code    18  stm32f4xx_fmc.o(i.FMC_SetRefreshCount)
    GPIO_Init                                0x08000e99   Thumb Code   144  stm32f4xx_gpio.o(i.GPIO_Init)
    GPIO_PinAFConfig                         0x08000f29   Thumb Code    70  stm32f4xx_gpio.o(i.GPIO_PinAFConfig)
    GPIO_ResetBits                           0x08000f6f   Thumb Code     4  stm32f4xx_gpio.o(i.GPIO_ResetBits)
    GPIO_SetBits                             0x08000f73   Thumb Code     4  stm32f4xx_gpio.o(i.GPIO_SetBits)
    GPIO_WriteBit                            0x08000f77   Thumb Code    10  stm32f4xx_gpio.o(i.GPIO_WriteBit)
    HardFault_Handler                        0x08000f81   Thumb Code     4  stm32f4xx_it.o(i.HardFault_Handler)
    LCD_ChipSelect                           0x080010ed   Thumb Code    26  stm32f429i_discovery_lcd.o(i.LCD_ChipSelect)
    LCD_Clear                                0x0800110d   Thumb Code    26  stm32f429i_discovery_lcd.o(i.LCD_Clear)
    LCD_CtrlLinesConfig                      0x0800112d   Thumb Code    70  stm32f429i_discovery_lcd.o(i.LCD_CtrlLinesConfig)
    LCD_CtrlLinesWrite                       0x0800117d   Thumb Code    20  stm32f429i_discovery_lcd.o(i.LCD_CtrlLinesWrite)
    LCD_DisplayChar                          0x08001191   Thumb Code    42  stm32f429i_discovery_lcd.o(i.LCD_DisplayChar)
    LCD_DisplayStringLine                    0x080011c1   Thumb Code    78  stm32f429i_discovery_lcd.o(i.LCD_DisplayStringLine)
    LCD_DrawChar                             0x08001215   Thumb Code   200  stm32f429i_discovery_lcd.o(i.LCD_DrawChar)
    LCD_GetFont                              0x080012ed   Thumb Code     6  stm32f429i_discovery_lcd.o(i.LCD_GetFont)
    LCD_Init                                 0x080012f9   Thumb Code   154  stm32f429i_discovery_lcd.o(i.LCD_Init)
    LCD_LayerInit                            0x08001395   Thumb Code   152  stm32f429i_discovery_lcd.o(i.LCD_LayerInit)
    LCD_PowerOn                              0x08001439   Thumb Code   652  stm32f429i_discovery_lcd.o(i.LCD_PowerOn)
    LCD_SPIConfig                            0x080016c5   Thumb Code   204  stm32f429i_discovery_lcd.o(i.LCD_SPIConfig)
    LCD_SetFont                              0x08001799   Thumb Code     6  stm32f429i_discovery_lcd.o(i.LCD_SetFont)
    LCD_SetLayer                             0x080017a5   Thumb Code    32  stm32f429i_discovery_lcd.o(i.LCD_SetLayer)
    LCD_WriteCommand                         0x080017d1   Thumb Code    66  stm32f429i_discovery_lcd.o(i.LCD_WriteCommand)
    LCD_WriteData                            0x0800181d   Thumb Code    64  stm32f429i_discovery_lcd.o(i.LCD_WriteData)
    LED_Config                               0x08001865   Thumb Code    28  main.o(i.LED_Config)
    LTDC_Cmd                                 0x08001881   Thumb Code    30  stm32f4xx_ltdc.o(i.LTDC_Cmd)
    LTDC_DitherCmd                           0x080018a5   Thumb Code    30  stm32f4xx_ltdc.o(i.LTDC_DitherCmd)
    LTDC_Init                                0x080018c9   Thumb Code   378  stm32f4xx_ltdc.o(i.LTDC_Init)
    LTDC_LayerCmd                            0x08001a51   Thumb Code    22  stm32f4xx_ltdc.o(i.LTDC_LayerCmd)
    LTDC_LayerInit                           0x08001a67   Thumb Code   276  stm32f4xx_ltdc.o(i.LTDC_LayerInit)
    LTDC_ReloadConfig                        0x08001b7d   Thumb Code     6  stm32f4xx_ltdc.o(i.LTDC_ReloadConfig)
    MemManage_Handler                        0x08001b89   Thumb Code     4  stm32f4xx_it.o(i.MemManage_Handler)
    NMI_Handler                              0x08001b8d   Thumb Code     2  stm32f4xx_it.o(i.NMI_Handler)
    NVIC_Init                                0x08001b91   Thumb Code   108  misc.o(i.NVIC_Init)
    PB_Config                                0x08001c09   Thumb Code    12  main.o(i.PB_Config)
    PendSV_Handler                           0x08001c15   Thumb Code     2  stm32f4xx_it.o(i.PendSV_Handler)
    RCC_AHB1PeriphClockCmd                   0x08001c19   Thumb Code    26  stm32f4xx_rcc.o(i.RCC_AHB1PeriphClockCmd)
    RCC_AHB2PeriphClockCmd                   0x08001c39   Thumb Code    26  stm32f4xx_rcc.o(i.RCC_AHB2PeriphClockCmd)
    RCC_AHB3PeriphClockCmd                   0x08001c59   Thumb Code    26  stm32f4xx_rcc.o(i.RCC_AHB3PeriphClockCmd)
    RCC_APB1PeriphClockCmd                   0x08001c79   Thumb Code    26  stm32f4xx_rcc.o(i.RCC_APB1PeriphClockCmd)
    RCC_APB1PeriphResetCmd                   0x08001c99   Thumb Code    26  stm32f4xx_rcc.o(i.RCC_APB1PeriphResetCmd)
    RCC_APB2PeriphClockCmd                   0x08001cb9   Thumb Code    26  stm32f4xx_rcc.o(i.RCC_APB2PeriphClockCmd)
    RCC_APB2PeriphResetCmd                   0x08001cd9   Thumb Code    26  stm32f4xx_rcc.o(i.RCC_APB2PeriphResetCmd)
    RCC_GetFlagStatus                        0x08001cf9   Thumb Code    60  stm32f4xx_rcc.o(i.RCC_GetFlagStatus)
    RCC_LTDCCLKDivConfig                     0x08001d39   Thumb Code    18  stm32f4xx_rcc.o(i.RCC_LTDCCLKDivConfig)
    RCC_PLLSAICmd                            0x08001d51   Thumb Code     6  stm32f4xx_rcc.o(i.RCC_PLLSAICmd)
    RCC_PLLSAIConfig                         0x08001d5d   Thumb Code    18  stm32f4xx_rcc.o(i.RCC_PLLSAIConfig)
    RNG_Cmd                                  0x08001d75   Thumb Code    30  stm32f4xx_rng.o(i.RNG_Cmd)
    RNG_Config                               0x08001d99   Thumb Code    18  main.o(i.RNG_Config)
    RNG_GetRandomNumber                      0x08001dad   Thumb Code     6  stm32f4xx_rng.o(i.RNG_GetRandomNumber)
    SDRAM_GPIOConfig                         0x08001db9   Thumb Code   492  stm32f429i_discovery_sdram.o(i.SDRAM_GPIOConfig)
    SDRAM_Init                               0x08001fbd   Thumb Code   104  stm32f429i_discovery_sdram.o(i.SDRAM_Init)
    SDRAM_InitSequence                       0x08002025   Thumb Code   200  stm32f429i_discovery_sdram.o(i.SDRAM_InitSequence)
    SPI_Cmd                                  0x080020ed   Thumb Code    24  stm32f4xx_spi.o(i.SPI_Cmd)
    SPI_I2S_DeInit                           0x08002105   Thumb Code   152  stm32f4xx_spi.o(i.SPI_I2S_DeInit)
    SPI_I2S_GetFlagStatus                    0x080021b5   Thumb Code    18  stm32f4xx_spi.o(i.SPI_I2S_GetFlagStatus)
    SPI_I2S_SendData                         0x080021c7   Thumb Code     4  stm32f4xx_spi.o(i.SPI_I2S_SendData)
    SPI_Init                                 0x080021cb   Thumb Code    60  stm32f4xx_spi.o(i.SPI_Init)
    STM_EVAL_LEDInit                         0x08002209   Thumb Code    62  stm32f429i_discovery.o(i.STM_EVAL_LEDInit)
    STM_EVAL_LEDOff                          0x08002255   Thumb Code    16  stm32f429i_discovery.o(i.STM_EVAL_LEDOff)
    STM_EVAL_LEDOn                           0x0800226d   Thumb Code    16  stm32f429i_discovery.o(i.STM_EVAL_LEDOn)
    STM_EVAL_LEDToggle                       0x08002285   Thumb Code    26  stm32f429i_discovery.o(i.STM_EVAL_LEDToggle)
    STM_EVAL_PBInit                          0x080022a9   Thumb Code   142  stm32f429i_discovery.o(i.STM_EVAL_PBInit)
    SVC_Handler                              0x08002355   Thumb Code     2  stm32f4xx_it.o(i.SVC_Handler)
    SYSCFG_EXTILineConfig                    0x08002359   Thumb Code    60  stm32f4xx_syscfg.o(i.SYSCFG_EXTILineConfig)
    SysTick_Handler                          0x080024b5   Thumb Code     2  stm32f4xx_it.o(i.SysTick_Handler)
    SystemInit                               0x080024b9   Thumb Code    88  system_stm32f4xx.o(i.SystemInit)
    TIM3_Config                              0x08002521   Thumb Code    72  main.o(i.TIM3_Config)
    TIM3_IRQHandler                          0x08002571   Thumb Code   142  stm32f4xx_it.o(i.TIM3_IRQHandler)
    TIM3_OCConfig                            0x08002615   Thumb Code    48  main.o(i.TIM3_OCConfig)
    TIM_ClearITPendingBit                    0x0800264d   Thumb Code     6  stm32f4xx_tim.o(i.TIM_ClearITPendingBit)
    TIM_Cmd                                  0x08002653   Thumb Code    24  stm32f4xx_tim.o(i.TIM_Cmd)
    TIM_GetITStatus                          0x0800266b   Thumb Code    34  stm32f4xx_tim.o(i.TIM_GetITStatus)
    TIM_ITConfig                             0x0800268d   Thumb Code    18  stm32f4xx_tim.o(i.TIM_ITConfig)
    TIM_OC1Init                              0x080026a1   Thumb Code   114  stm32f4xx_tim.o(i.TIM_OC1Init)
    TIM_OC1PreloadConfig                     0x0800271d   Thumb Code    18  stm32f4xx_tim.o(i.TIM_OC1PreloadConfig)
    TIM_SetCounter                           0x0800272f   Thumb Code     4  stm32f4xx_tim.o(i.TIM_SetCounter)
    TIM_TimeBaseInit                         0x08002735   Thumb Code   104  stm32f4xx_tim.o(i.TIM_TimeBaseInit)
    UsageFault_Handler                       0x080027b9   Thumb Code     4  stm32f4xx_it.o(i.UsageFault_Handler)
    _is_digit                                0x080027bd   Thumb Code    14  __printf_wp.o(i._is_digit)
    main                                     0x0800280d   Thumb Code   648  main.o(i.main)
    _fp_init                                 0x08002aed   Thumb Code    10  fpinit.o(x$fpl$fpinit)
    __fplib_config_fpu_vfp                   0x08002af5   Thumb Code     0  fpinit.o(x$fpl$fpinit)
    __fplib_config_pureend_doubles           0x08002af5   Thumb Code     0  fpinit.o(x$fpl$fpinit)
    GPIO_PIN                                 0x08002af8   Data           4  stm32f429i_discovery.o(.constdata)
    GPIO_CLK                                 0x08002afc   Data           8  stm32f429i_discovery.o(.constdata)
    BUTTON_PIN                               0x08002b04   Data           2  stm32f429i_discovery.o(.constdata)
    BUTTON_CLK                               0x08002b08   Data           4  stm32f429i_discovery.o(.constdata)
    BUTTON_EXTI_LINE                         0x08002b0c   Data           2  stm32f429i_discovery.o(.constdata)
    BUTTON_PORT_SOURCE                       0x08002b0e   Data           1  stm32f429i_discovery.o(.constdata)
    BUTTON_PIN_SOURCE                        0x08002b0f   Data           1  stm32f429i_discovery.o(.constdata)
    BUTTON_IRQn                              0x08002b10   Data           1  stm32f429i_discovery.o(.constdata)
    ASCII16x24_Table                         0x08002b12   Data        4560  stm32f429i_discovery_lcd.o(.constdata)
    ASCII12x12_Table                         0x08003ce2   Data        2304  stm32f429i_discovery_lcd.o(.constdata)
    ASCII8x12_Table                          0x080045e2   Data        2304  stm32f429i_discovery_lcd.o(.constdata)
    ASCII8x8_Table                           0x08004ee2   Data        1536  stm32f429i_discovery_lcd.o(.constdata)
    Region$$Table$$Base                      0x080054e4   Number         0  anon$$obj.o(Region$$Table)
    Region$$Table$$Limit                     0x08005504   Number         0  anon$$obj.o(Region$$Table)
    state                                    0x20000000   Data           4  main.o(.data)
    tim                                      0x20000004   Data           4  main.o(.data)
    buttonstate                              0x20000008   Data           4  main.o(.data)
    VarDataTab                               0x2000000c   Data           6  main.o(.data)
    VarValue                                 0x20000012   Data           2  main.o(.data)
    CCR1_Val                                 0x20000014   Data           2  main.o(.data)
    PrescalerValue                           0x20000016   Data           2  main.o(.data)
    UBPressed                                0x20000018   Data           1  main.o(.data)
    EBPressed                                0x20000019   Data           1  main.o(.data)
    VirtAddVarTab                            0x2000001a   Data           6  main.o(.data)
    random                                   0x20000020   Data           4  main.o(.data)
    i                                        0x20000024   Data           4  main.o(.data)
    line                                     0x20000028   Data           2  main.o(.data)
    SystemCoreClock                          0x2000002c   Data           4  system_stm32f4xx.o(.data)
    AHBPrescTable                            0x20000030   Data          16  system_stm32f4xx.o(.data)
    DataVar                                  0x20000040   Data           2  eeprom.o(.data)
    GPIO_PORT                                0x20000044   Data           8  stm32f429i_discovery.o(.data)
    BUTTON_PORT                              0x2000004c   Data           4  stm32f429i_discovery.o(.data)
    NVIC_InitStructure                       0x20000050   Data           4  stm32f429i_discovery.o(.data)
    Font16x24                                0x20000054   Data           8  stm32f429i_discovery_lcd.o(.data)
    Font12x12                                0x2000005c   Data           8  stm32f429i_discovery_lcd.o(.data)
    Font8x12                                 0x20000064   Data           8  stm32f429i_discovery_lcd.o(.data)
    Font8x8                                  0x2000006c   Data           8  stm32f429i_discovery_lcd.o(.data)
    reeop                                    0x20000084   Data          10  main.o(.bss)
    rep                                      0x2000008e   Data          10  main.o(.bss)
    TIM_TimeBaseStructure                    0x20000098   Data          12  main.o(.bss)
    TIM_OCInitStructure                      0x200000a4   Data          20  main.o(.bss)
    lcd_buffer                               0x200000b8   Data          14  main.o(.bss)
    __libspace_start                         0x200000c8   Data          96  libspace.o(.bss)
    __temporary_stack_top$libspace           0x20000128   Data           0  libspace.o(.bss)



==============================================================================

Memory Map of the image

  Image Entry point : 0x080001ad

  Load Region LR_IROM1 (Base: 0x08000000, Size: 0x00005588, Max: 0x00200000, ABSOLUTE)

    Execution Region ER_IROM1 (Base: 0x08000000, Size: 0x00005504, Max: 0x00200000, ABSOLUTE)

    Base Addr    Size         Type   Attr      Idx    E Section Name        Object

    0x08000000   0x000001ac   Data   RO          467    RESET               startup_stm32f429_439xx.o
    0x080001ac   0x00000008   Code   RO         3615  * !!!main             c_w.l(__main.o)
    0x080001b4   0x00000034   Code   RO         3832    !!!scatter          c_w.l(__scatter.o)
    0x080001e8   0x0000001a   Code   RO         3834    !!handler_copy      c_w.l(__scatter_copy.o)
    0x08000202   0x00000002   PAD
    0x08000204   0x0000001c   Code   RO         3836    !!handler_zi        c_w.l(__scatter_zi.o)
    0x08000220   0x00000000   Code   RO         3612    .ARM.Collect$$_printf_percent$$00000000  c_w.l(_printf_percent.o)
    0x08000220   0x00000006   Code   RO         3610    .ARM.Collect$$_printf_percent$$00000009  c_w.l(_printf_d.o)
    0x08000226   0x00000004   Code   RO         3630    .ARM.Collect$$_printf_percent$$00000017  c_w.l(_printf_percent_end.o)
    0x0800022a   0x00000002   Code   RO         3708    .ARM.Collect$$libinit$$00000000  c_w.l(libinit.o)
    0x0800022c   0x00000004   Code   RO         3709    .ARM.Collect$$libinit$$00000001  c_w.l(libinit2.o)
    0x08000230   0x00000000   Code   RO         3713    .ARM.Collect$$libinit$$00000008  c_w.l(libinit2.o)
    0x08000230   0x00000000   Code   RO         3715    .ARM.Collect$$libinit$$0000000A  c_w.l(libinit2.o)
    0x08000230   0x00000000   Code   RO         3717    .ARM.Collect$$libinit$$0000000C  c_w.l(libinit2.o)
    0x08000230   0x00000000   Code   RO         3720    .ARM.Collect$$libinit$$0000000F  c_w.l(libinit2.o)
    0x08000230   0x00000000   Code   RO         3722    .ARM.Collect$$libinit$$00000011  c_w.l(libinit2.o)
    0x08000230   0x00000000   Code   RO         3724    .ARM.Collect$$libinit$$00000013  c_w.l(libinit2.o)
    0x08000230   0x00000000   Code   RO         3726    .ARM.Collect$$libinit$$00000015  c_w.l(libinit2.o)
    0x08000230   0x00000000   Code   RO         3728    .ARM.Collect$$libinit$$00000017  c_w.l(libinit2.o)
    0x08000230   0x00000000   Code   RO         3730    .ARM.Collect$$libinit$$00000019  c_w.l(libinit2.o)
    0x08000230   0x00000000   Code   RO         3732    .ARM.Collect$$libinit$$0000001B  c_w.l(libinit2.o)
    0x08000230   0x00000000   Code   RO         3734    .ARM.Collect$$libinit$$0000001D  c_w.l(libinit2.o)
    0x08000230   0x00000000   Code   RO         3736    .ARM.Collect$$libinit$$0000001F  c_w.l(libinit2.o)
    0x08000230   0x00000000   Code   RO         3738    .ARM.Collect$$libinit$$00000021  c_w.l(libinit2.o)
    0x08000230   0x00000000   Code   RO         3740    .ARM.Collect$$libinit$$00000023  c_w.l(libinit2.o)
    0x08000230   0x00000000   Code   RO         3744    .ARM.Collect$$libinit$$0000002A  c_w.l(libinit2.o)
    0x08000230   0x00000000   Code   RO         3746    .ARM.Collect$$libinit$$0000002C  c_w.l(libinit2.o)
    0x08000230   0x00000000   Code   RO         3748    .ARM.Collect$$libinit$$0000002E  c_w.l(libinit2.o)
    0x08000230   0x00000000   Code   RO         3750    .ARM.Collect$$libinit$$00000030  c_w.l(libinit2.o)
    0x08000230   0x00000002   Code   RO         3751    .ARM.Collect$$libinit$$00000031  c_w.l(libinit2.o)
    0x08000232   0x00000002   Code   RO         3781    .ARM.Collect$$libshutdown$$00000000  c_w.l(libshutdown.o)
    0x08000234   0x00000000   Code   RO         3793    .ARM.Collect$$libshutdown$$00000003  c_w.l(libshutdown2.o)
    0x08000234   0x00000000   Code   RO         3796    .ARM.Collect$$libshutdown$$00000006  c_w.l(libshutdown2.o)
    0x08000234   0x00000000   Code   RO         3799    .ARM.Collect$$libshutdown$$00000009  c_w.l(libshutdown2.o)
    0x08000234   0x00000000   Code   RO         3801    .ARM.Collect$$libshutdown$$0000000B  c_w.l(libshutdown2.o)
    0x08000234   0x00000000   Code   RO         3804    .ARM.Collect$$libshutdown$$0000000E  c_w.l(libshutdown2.o)
    0x08000234   0x00000002   Code   RO         3805    .ARM.Collect$$libshutdown$$0000000F  c_w.l(libshutdown2.o)
    0x08000236   0x00000000   Code   RO         3621    .ARM.Collect$$rtentry$$00000000  c_w.l(rtentry.o)
    0x08000236   0x00000000   Code   RO         3637    .ARM.Collect$$rtentry$$00000002  c_w.l(rtentry2.o)
    0x08000236   0x00000006   Code   RO         3649    .ARM.Collect$$rtentry$$00000004  c_w.l(rtentry4.o)
    0x0800023c   0x00000000   Code   RO         3639    .ARM.Collect$$rtentry$$00000009  c_w.l(rtentry2.o)
    0x0800023c   0x00000004   Code   RO         3640    .ARM.Collect$$rtentry$$0000000A  c_w.l(rtentry2.o)
    0x08000240   0x00000000   Code   RO         3642    .ARM.Collect$$rtentry$$0000000C  c_w.l(rtentry2.o)
    0x08000240   0x00000008   Code   RO         3643    .ARM.Collect$$rtentry$$0000000D  c_w.l(rtentry2.o)
    0x08000248   0x00000002   Code   RO         3752    .ARM.Collect$$rtexit$$00000000  c_w.l(rtexit.o)
    0x0800024a   0x00000000   Code   RO         3759    .ARM.Collect$$rtexit$$00000002  c_w.l(rtexit2.o)
    0x0800024a   0x00000004   Code   RO         3760    .ARM.Collect$$rtexit$$00000003  c_w.l(rtexit2.o)
    0x0800024e   0x00000006   Code   RO         3761    .ARM.Collect$$rtexit$$00000004  c_w.l(rtexit2.o)
    0x08000254   0x00000040   Code   RO          468    .text               startup_stm32f429_439xx.o
    0x08000294   0x00000028   Code   RO         3584    .text               c_w.l(noretval__2sprintf.o)
    0x080002bc   0x00000078   Code   RO         3588    .text               c_w.l(_printf_dec.o)
    0x08000334   0x0000010e   Code   RO         3598    .text               c_w.l(__printf_wp.o)
    0x08000442   0x00000006   Code   RO         3613    .text               c_w.l(heapauxi.o)
    0x08000448   0x000000b8   Code   RO         3622    .text               c_w.l(_printf_intcommon.o)
    0x08000500   0x00000030   Code   RO         3626    .text               c_w.l(_printf_char_common.o)
    0x08000530   0x0000000a   Code   RO         3628    .text               c_w.l(_sputc.o)
    0x0800053a   0x00000002   PAD
    0x0800053c   0x00000008   Code   RO         3694    .text               c_w.l(libspace.o)
    0x08000544   0x0000004a   Code   RO         3697    .text               c_w.l(sys_stackheap_outer.o)
    0x0800058e   0x0000000c   Code   RO         3699    .text               c_w.l(exit.o)
    0x0800059a   0x00000002   PAD
    0x0800059c   0x0000000c   Code   RO         3771    .text               c_w.l(sys_exit.o)
    0x080005a8   0x00000002   Code   RO         3782    .text               c_w.l(use_no_semi.o)
    0x080005aa   0x00000000   Code   RO         3784    .text               c_w.l(indicate_semi.o)
    0x080005aa   0x00000004   Code   RO          284    i.BusFault_Handler  stm32f4xx_it.o
    0x080005ae   0x00000002   Code   RO          285    i.DebugMon_Handler  stm32f4xx_it.o
    0x080005b0   0x00000058   Code   RO          411    i.EE_FindValidPage  eeprom.o
    0x08000608   0x0000003c   Code   RO          412    i.EE_Format         eeprom.o
    0x08000644   0x00000200   Code   RO          413    i.EE_Init           eeprom.o
    0x08000844   0x000000e4   Code   RO          414    i.EE_PageTransfer   eeprom.o
    0x08000928   0x00000060   Code   RO          415    i.EE_ReadVariable   eeprom.o
    0x08000988   0x0000006c   Code   RO          416    i.EE_VerifyPageFullWriteVariable  eeprom.o
    0x080009f4   0x00000024   Code   RO          417    i.EE_WriteVariable  eeprom.o
    0x08000a18   0x00000014   Code   RO          286    i.EXTI0_IRQHandler  stm32f4xx_it.o
    0x08000a2c   0x00000044   Code   RO          287    i.EXTI4_IRQHandler  stm32f4xx_it.o
    0x08000a70   0x0000007c   Code   RO          178    i.EXTILine14_Config  main.o
    0x08000aec   0x0000000c   Code   RO         1017    i.EXTI_ClearITPendingBit  stm32f4xx_exti.o
    0x08000af8   0x00000018   Code   RO         1021    i.EXTI_GetITStatus  stm32f4xx_exti.o
    0x08000b10   0x00000094   Code   RO         1022    i.EXTI_Init         stm32f4xx_exti.o
    0x08000ba4   0x00000088   Code   RO         2886    i.FLASH_EraseSector  stm32f4xx_flash.o
    0x08000c2c   0x00000054   Code   RO         2888    i.FLASH_GetStatus   stm32f4xx_flash.o
    0x08000c80   0x00000050   Code   RO         2915    i.FLASH_ProgramHalfWord  stm32f4xx_flash.o
    0x08000cd0   0x00000024   Code   RO         2918    i.FLASH_Unlock      stm32f4xx_flash.o
    0x08000cf4   0x00000022   Code   RO         2919    i.FLASH_WaitForLastOperation  stm32f4xx_flash.o
    0x08000d16   0x00000002   PAD
    0x08000d18   0x0000004c   Code   RO         1081    i.FMC_GetFlagStatus  stm32f4xx_fmc.o
    0x08000d64   0x00000020   Code   RO         1098    i.FMC_SDRAMCmdConfig  stm32f4xx_fmc.o
    0x08000d84   0x000000fc   Code   RO         1100    i.FMC_SDRAMInit     stm32f4xx_fmc.o
    0x08000e80   0x00000018   Code   RO         1104    i.FMC_SetRefreshCount  stm32f4xx_fmc.o
    0x08000e98   0x00000090   Code   RO         1255    i.GPIO_Init         stm32f4xx_gpio.o
    0x08000f28   0x00000046   Code   RO         1256    i.GPIO_PinAFConfig  stm32f4xx_gpio.o
    0x08000f6e   0x00000004   Code   RO         1262    i.GPIO_ResetBits    stm32f4xx_gpio.o
    0x08000f72   0x00000004   Code   RO         1263    i.GPIO_SetBits      stm32f4xx_gpio.o
    0x08000f76   0x0000000a   Code   RO         1267    i.GPIO_WriteBit     stm32f4xx_gpio.o
    0x08000f80   0x00000004   Code   RO          288    i.HardFault_Handler  stm32f4xx_it.o
    0x08000f84   0x00000168   Code   RO         3207    i.LCD_AF_GPIOConfig  stm32f429i_discovery_lcd.o
    0x080010ec   0x00000020   Code   RO         3208    i.LCD_ChipSelect    stm32f429i_discovery_lcd.o
    0x0800110c   0x00000020   Code   RO         3209    i.LCD_Clear         stm32f429i_discovery_lcd.o
    0x0800112c   0x00000050   Code   RO         3213    i.LCD_CtrlLinesConfig  stm32f429i_discovery_lcd.o
    0x0800117c   0x00000014   Code   RO         3214    i.LCD_CtrlLinesWrite  stm32f429i_discovery_lcd.o
    0x08001190   0x00000030   Code   RO         3216    i.LCD_DisplayChar   stm32f429i_discovery_lcd.o
    0x080011c0   0x00000054   Code   RO         3219    i.LCD_DisplayStringLine  stm32f429i_discovery_lcd.o
    0x08001214   0x000000d8   Code   RO         3220    i.LCD_DrawChar      stm32f429i_discovery_lcd.o
    0x080012ec   0x0000000c   Code   RO         3233    i.LCD_GetFont       stm32f429i_discovery_lcd.o
    0x080012f8   0x0000009a   Code   RO         3234    i.LCD_Init          stm32f429i_discovery_lcd.o
    0x08001392   0x00000002   PAD
    0x08001394   0x000000a4   Code   RO         3235    i.LCD_LayerInit     stm32f429i_discovery_lcd.o
    0x08001438   0x0000028c   Code   RO         3239    i.LCD_PowerOn       stm32f429i_discovery_lcd.o
    0x080016c4   0x000000d4   Code   RO         3241    i.LCD_SPIConfig     stm32f429i_discovery_lcd.o
    0x08001798   0x0000000c   Code   RO         3247    i.LCD_SetFont       stm32f429i_discovery_lcd.o
    0x080017a4   0x0000002c   Code   RO         3248    i.LCD_SetLayer      stm32f429i_discovery_lcd.o
    0x080017d0   0x0000004c   Code   RO         3254    i.LCD_WriteCommand  stm32f429i_discovery_lcd.o
    0x0800181c   0x00000048   Code   RO         3255    i.LCD_WriteData     stm32f429i_discovery_lcd.o
    0x08001864   0x0000001c   Code   RO          182    i.LED_Config        main.o
    0x08001880   0x00000024   Code   RO         1581    i.LTDC_Cmd          stm32f4xx_ltdc.o
    0x080018a4   0x00000024   Code   RO         1585    i.LTDC_DitherCmd    stm32f4xx_ltdc.o
    0x080018c8   0x00000188   Code   RO         1592    i.LTDC_Init         stm32f4xx_ltdc.o
    0x08001a50   0x00000016   Code   RO         1596    i.LTDC_LayerCmd     stm32f4xx_ltdc.o
    0x08001a66   0x00000114   Code   RO         1597    i.LTDC_LayerInit    stm32f4xx_ltdc.o
    0x08001b7a   0x00000002   PAD
    0x08001b7c   0x0000000c   Code   RO         1604    i.LTDC_ReloadConfig  stm32f4xx_ltdc.o
    0x08001b88   0x00000004   Code   RO          289    i.MemManage_Handler  stm32f4xx_it.o
    0x08001b8c   0x00000002   Code   RO          290    i.NMI_Handler       stm32f4xx_it.o
    0x08001b8e   0x00000002   PAD
    0x08001b90   0x00000078   Code   RO          474    i.NVIC_Init         misc.o
    0x08001c08   0x0000000c   Code   RO          183    i.PB_Config         main.o
    0x08001c14   0x00000002   Code   RO          291    i.PendSV_Handler    stm32f4xx_it.o
    0x08001c16   0x00000002   PAD
    0x08001c18   0x00000020   Code   RO         1770    i.RCC_AHB1PeriphClockCmd  stm32f4xx_rcc.o
    0x08001c38   0x00000020   Code   RO         1773    i.RCC_AHB2PeriphClockCmd  stm32f4xx_rcc.o
    0x08001c58   0x00000020   Code   RO         1776    i.RCC_AHB3PeriphClockCmd  stm32f4xx_rcc.o
    0x08001c78   0x00000020   Code   RO         1779    i.RCC_APB1PeriphClockCmd  stm32f4xx_rcc.o
    0x08001c98   0x00000020   Code   RO         1781    i.RCC_APB1PeriphResetCmd  stm32f4xx_rcc.o
    0x08001cb8   0x00000020   Code   RO         1782    i.RCC_APB2PeriphClockCmd  stm32f4xx_rcc.o
    0x08001cd8   0x00000020   Code   RO         1784    i.RCC_APB2PeriphResetCmd  stm32f4xx_rcc.o
    0x08001cf8   0x00000040   Code   RO         1792    i.RCC_GetFlagStatus  stm32f4xx_rcc.o
    0x08001d38   0x00000018   Code   RO         1802    i.RCC_LTDCCLKDivConfig  stm32f4xx_rcc.o
    0x08001d50   0x0000000c   Code   RO         1811    i.RCC_PLLSAICmd     stm32f4xx_rcc.o
    0x08001d5c   0x00000018   Code   RO         1812    i.RCC_PLLSAIConfig  stm32f4xx_rcc.o
    0x08001d74   0x00000024   Code   RO            5    i.RNG_Cmd           stm32f4xx_rng.o
    0x08001d98   0x00000012   Code   RO          184    i.RNG_Config        main.o
    0x08001daa   0x00000002   PAD
    0x08001dac   0x0000000c   Code   RO            9    i.RNG_GetRandomNumber  stm32f4xx_rng.o
    0x08001db8   0x00000204   Code   RO         3533    i.SDRAM_GPIOConfig  stm32f429i_discovery_sdram.o
    0x08001fbc   0x00000068   Code   RO         3534    i.SDRAM_Init        stm32f429i_discovery_sdram.o
    0x08002024   0x000000c8   Code   RO         3535    i.SDRAM_InitSequence  stm32f429i_discovery_sdram.o
    0x080020ec   0x00000018   Code   RO         2104    i.SPI_Cmd           stm32f4xx_spi.o
    0x08002104   0x000000b0   Code   RO         2111    i.SPI_I2S_DeInit    stm32f4xx_spi.o
    0x080021b4   0x00000012   Code   RO         2112    i.SPI_I2S_GetFlagStatus  stm32f4xx_spi.o
    0x080021c6   0x00000004   Code   RO         2116    i.SPI_I2S_SendData  stm32f4xx_spi.o
    0x080021ca   0x0000003c   Code   RO         2117    i.SPI_Init          stm32f4xx_spi.o
    0x08002206   0x00000002   PAD
    0x08002208   0x0000004c   Code   RO         3134    i.STM_EVAL_LEDInit  stm32f429i_discovery.o
    0x08002254   0x00000018   Code   RO         3135    i.STM_EVAL_LEDOff   stm32f429i_discovery.o
    0x0800226c   0x00000018   Code   RO         3136    i.STM_EVAL_LEDOn    stm32f429i_discovery.o
    0x08002284   0x00000024   Code   RO         3137    i.STM_EVAL_LEDToggle  stm32f429i_discovery.o
    0x080022a8   0x000000ac   Code   RO         3139    i.STM_EVAL_PBInit   stm32f429i_discovery.o
    0x08002354   0x00000002   Code   RO          292    i.SVC_Handler       stm32f4xx_it.o
    0x08002356   0x00000002   PAD
    0x08002358   0x00000040   Code   RO         2265    i.SYSCFG_EXTILineConfig  stm32f4xx_syscfg.o
    0x08002398   0x0000011c   Code   RO          374    i.SetSysClock       system_stm32f4xx.o
    0x080024b4   0x00000002   Code   RO          293    i.SysTick_Handler   stm32f4xx_it.o
    0x080024b6   0x00000002   PAD
    0x080024b8   0x00000068   Code   RO          376    i.SystemInit        system_stm32f4xx.o
    0x08002520   0x00000050   Code   RO          185    i.TIM3_Config       main.o
    0x08002570   0x000000a4   Code   RO          294    i.TIM3_IRQHandler   stm32f4xx_it.o
    0x08002614   0x00000038   Code   RO          186    i.TIM3_OCConfig     main.o
    0x0800264c   0x00000006   Code   RO         2329    i.TIM_ClearITPendingBit  stm32f4xx_tim.o
    0x08002652   0x00000018   Code   RO         2334    i.TIM_Cmd           stm32f4xx_tim.o
    0x0800266a   0x00000022   Code   RO         2355    i.TIM_GetITStatus   stm32f4xx_tim.o
    0x0800268c   0x00000012   Code   RO         2359    i.TIM_ITConfig      stm32f4xx_tim.o
    0x0800269e   0x00000002   PAD
    0x080026a0   0x0000007c   Code   RO         2363    i.TIM_OC1Init       stm32f4xx_tim.o
    0x0800271c   0x00000012   Code   RO         2366    i.TIM_OC1PreloadConfig  stm32f4xx_tim.o
    0x0800272e   0x00000004   Code   RO         2400    i.TIM_SetCounter    stm32f4xx_tim.o
    0x08002732   0x00000002   PAD
    0x08002734   0x00000084   Code   RO         2406    i.TIM_TimeBaseInit  stm32f4xx_tim.o
    0x080027b8   0x00000004   Code   RO          295    i.UsageFault_Handler  stm32f4xx_it.o
    0x080027bc   0x0000000e   Code   RO         3600    i._is_digit         c_w.l(__printf_wp.o)
    0x080027ca   0x0000001c   Code   RO         3257    i.delay             stm32f429i_discovery_lcd.o
    0x080027e6   0x00000002   PAD
    0x080027e8   0x00000024   Code   RO         3538    i.delay             stm32f429i_discovery_sdram.o
    0x0800280c   0x000002e0   Code   RO          188    i.main              main.o
    0x08002aec   0x0000000a   Code   RO         3756    x$fpl$fpinit        fz_wm.l(fpinit.o)
    0x08002af6   0x00000002   PAD
    0x08002af8   0x00000019   Data   RO         3144    .constdata          stm32f429i_discovery.o
    0x08002b11   0x00000001   PAD
    0x08002b12   0x000029d0   Data   RO         3258    .constdata          stm32f429i_discovery_lcd.o
    0x080054e2   0x00000002   PAD
    0x080054e4   0x00000020   Data   RO         3830    Region$$Table       anon$$obj.o


    Execution Region RW_IRAM1 (Base: 0x20000000, Size: 0x00000728, Max: 0x00030000, ABSOLUTE)

    Base Addr    Size         Type   Attr      Idx    E Section Name        Object

    0x20000000   0x0000002a   Data   RW          190    .data               main.o
    0x2000002a   0x00000002   PAD
    0x2000002c   0x00000014   Data   RW          377    .data               system_stm32f4xx.o
    0x20000040   0x00000002   Data   RW          418    .data               eeprom.o
    0x20000042   0x00000002   PAD
    0x20000044   0x00000010   Data   RW         3145    .data               stm32f429i_discovery.o
    0x20000054   0x00000030   Data   RW         3259    .data               stm32f429i_discovery_lcd.o
    0x20000084   0x00000042   Zero   RW          189    .bss                main.o
    0x200000c6   0x00000002   PAD
    0x200000c8   0x00000060   Zero   RW         3695    .bss                c_w.l(libspace.o)
    0x20000128   0x00000200   Zero   RW          466    HEAP                startup_stm32f429_439xx.o
    0x20000328   0x00000400   Zero   RW          465    STACK               startup_stm32f429_439xx.o


==============================================================================

Image component sizes


      Code (inc. data)   RO Data    RW Data    ZI Data      Debug   Object Name

      1128         60          0          2          0       6429   eeprom.o
      1054        110          0         42         66       7522   main.o
       120         12          0          0          0       1304   misc.o
        64         26        428          0       1536        820   startup_stm32f429_439xx.o
       332         70         25         16          0       4863   stm32f429i_discovery.o
      2298        138      10704         48          0      15940   stm32f429i_discovery_lcd.o
       856         28          0          0          0       3773   stm32f429i_discovery_sdram.o
       184         16          0          0          0       2616   stm32f4xx_exti.o
       370         28          0          0          0       4222   stm32f4xx_flash.o
       384         30          0          0          0       4075   stm32f4xx_fmc.o
       232          0          0          0          0       4239   stm32f4xx_gpio.o
       278         48          0          0          0       5666   stm32f4xx_it.o
       774         32          0          0          0       5021   stm32f4xx_ltdc.o
       348         64          0          0          0       7825   stm32f4xx_rcc.o
        48         12          0          0          0     321644   stm32f4xx_rng.o
       282         24          0          0          0       4317   stm32f4xx_spi.o
        64          4          0          0          0        772   stm32f4xx_syscfg.o
       360         38          0          0          0       6664   stm32f4xx_tim.o
       388         32          0         20          0       1877   system_stm32f4xx.o

    ----------------------------------------------------------------------
      9588        772      11192        132       1604     409589   Object Totals
         0          0         32          0          0          0   (incl. Generated)
        24          0          3          4          2          0   (incl. Padding)

    ----------------------------------------------------------------------

      Code (inc. data)   RO Data    RW Data    ZI Data      Debug   Library Member Name

         8          0          0          0          0         68   __main.o
       284          0          0          0          0        156   __printf_wp.o
        52          8          0          0          0          0   __scatter.o
        26          0          0          0          0          0   __scatter_copy.o
        28          0          0          0          0          0   __scatter_zi.o
        48          6          0          0          0         96   _printf_char_common.o
         6          0          0          0          0          0   _printf_d.o
       120         18          0          0          0         92   _printf_dec.o
       184          0          0          0          0         88   _printf_intcommon.o
         0          0          0          0          0          0   _printf_percent.o
         4          0          0          0          0          0   _printf_percent_end.o
        10          0          0          0          0         68   _sputc.o
        12          0          0          0          0         72   exit.o
         6          0          0          0          0        152   heapauxi.o
         0          0          0          0          0          0   indicate_semi.o
         2          0          0          0          0          0   libinit.o
         6          0          0          0          0          0   libinit2.o
         2          0          0          0          0          0   libshutdown.o
         2          0          0          0          0          0   libshutdown2.o
         8          4          0          0         96         68   libspace.o
        40          6          0          0          0         84   noretval__2sprintf.o
         0          0          0          0          0          0   rtentry.o
        12          0          0          0          0          0   rtentry2.o
         6          0          0          0          0          0   rtentry4.o
         2          0          0          0          0          0   rtexit.o
        10          0          0          0          0          0   rtexit2.o
        12          4          0          0          0         68   sys_exit.o
        74          0          0          0          0         80   sys_stackheap_outer.o
         2          0          0          0          0         68   use_no_semi.o
        10          0          0          0          0        116   fpinit.o

    ----------------------------------------------------------------------
       984         46          0          0         96       1276   Library Totals
         8          0          0          0          0          0   (incl. Padding)

    ----------------------------------------------------------------------

      Code (inc. data)   RO Data    RW Data    ZI Data      Debug   Library Name

       966         46          0          0         96       1160   c_w.l
        10          0          0          0          0        116   fz_wm.l

    ----------------------------------------------------------------------
       984         46          0          0         96       1276   Library Totals

    ----------------------------------------------------------------------

==============================================================================


      Code (inc. data)   RO Data    RW Data    ZI Data      Debug   

     10572        818      11192        132       1700     400241   Grand Totals
     10572        818      11192        132       1700     400241   ELF Image Totals
     10572        818      11192        132          0          0   ROM Totals

==============================================================================

    Total RO  Size (Code + RO Data)                21764 (  21.25kB)
    Total RW  Size (RW Data + ZI Data)              1832 (   1.79kB)
    Total ROM Size (Code + RO Data + RW Data)      21896 (  21.38kB)

==============================================================================

